10-14 06:49:23.718   269   360 I ThermalCvtGovernor: cpu sensor curTemp: 49162 tripTemp: 55000 setPollingDelay: 4000
10-14 06:49:24.006   249   313 D phoneserver: rsrp[0]=-255,rscp[0]=15,rxlev[0]=99 ind_str= 
10-14 06:49:24.006   249   313 D phoneserver: +CESQ: 99,99,15,255,255,-255
10-14 06:49:24.303  1178  1208 D ActivityManager: current mem available is 112532KB
10-14 06:49:24.306  1341  1341 D KeyguardUpdateMonitor: received broadcast android.intent.action.BATTERY_CHANGED
10-14 06:49:24.306  1341  1341 D KeyguardUpdateMonitor: handleBatteryUpdate
10-14 06:49:24.308  1341  1341 D BatteryMeterView: level should be =55
10-14 06:49:24.308  1178  1178 D CallsManager: batteryLevel = 55
10-14 06:49:24.309  1341  1341 D BatteryMeterView: level should be =55
10-14 06:49:24.309  1341  1341 D BatteryMeterView: level should be =55
10-14 06:49:25.007   249   313 D phoneserver: rsrp[0]=-255,rscp[0]=15,rxlev[0]=99 ind_str= 
10-14 06:49:25.007   249   313 D phoneserver: +CESQ: 99,99,15,255,255,-255
10-14 06:49:25.435  1178  1957 D LIBGPS  : watchdog_open PowerState:GE2 CP SLEEP
10-14 06:49:26.007   249   313 D phoneserver: rsrp[0]=-255,rscp[0]=15,rxlev[0]=99 ind_str= 
10-14 06:49:26.007   249   313 D phoneserver: +CESQ: 99,99,15,255,255,-255
10-14 06:49:26.039  1341  1803 D PhoneStatusBar: label = No sim
10-14 06:49:26.705   215   520 D WCND    : is_cp2_alive_ok: open polling interface: /proc/mdbg/loopcheck, fd = 12
10-14 06:49:26.766  1341  1341 D PhoneStatusBar: label = No sim
10-14 06:49:26.806   215   520 D WCND    : is_cp2_alive_ok: loop: /proc/mdbg/loopcheck is OK
10-14 06:49:27.008   249   313 D phoneserver: rsrp[0]=-255,rscp[0]=15,rxlev[0]=99 ind_str= 
10-14 06:49:27.008   249   313 D phoneserver: +CESQ: 99,99,15,255,255,-255
10-14 06:49:27.436  1178  1957 D LIBGPS  : watchdog_open PowerState:GE2 CP SLEEP
10-14 06:49:27.462  6999  7055 D FirebasePerformance: Logging NetworkRequestMetric - https://api.appsflyer.com/install_data/v3/com.byjus.thelearningapp 56b 6223ms,
10-14 06:49:27.468  6999  7202 D OnBoardingAppsFlyerUtil: af_message : organic install
10-14 06:49:27.469  6999  7202 D OnBoardingAppsFlyerUtil: af_status : Organic
10-14 06:49:27.614  6999  7205 I DBHelper: add row {"install_time":"","advertising_id":"75b4ccca-afd9-42e2-bcf5-85c2eb6e9dbd","campaign_id":"","af_status":"Organic","campaign_name":"","ad_name":"","media_source":"","android_id":"ab69ee590a5e16c1"}
10-14 06:49:27.615  6999  7205 I StatsClient: flush event immediately
10-14 06:49:27.616  6999  7205 I StatsSyncManager: flushing data for tag : appsflyerstage
10-14 06:49:27.625  6999  7206 I DBHelper: get pending rows [{"install_time":"","advertising_id":"75b4ccca-afd9-42e2-bcf5-85c2eb6e9dbd","campaign_id":"","af_status":"Organic","campaign_name":"","ad_name":"","media_source":"","android_id":"ab69ee590a5e16c1"}]
10-14 06:49:27.626  6999  7206 I StatsSyncManager: ids (1)
10-14 06:49:27.627  6999  7206 I StatsUtils: pushString: [{"install_time":"","advertising_id":"75b4ccca-afd9-42e2-bcf5-85c2eb6e9dbd","campaign_id":"","af_status":"Organic","campaign_name":"","ad_name":"","media_source":"","android_id":"ab69ee590a5e16c1"}]
10-14 06:49:27.627  6999  7206 I StatsUtils: urlString: https://stats.byjus.com/stats.appsflyerstage
10-14 06:49:27.638  1341  1341 D KeyguardUpdateMonitor: received broadcast android.intent.action.BATTERY_CHANGED
10-14 06:49:27.638  1341  1341 D KeyguardUpdateMonitor: handleBatteryUpdate
10-14 06:49:27.639  1178  1178 D CallsManager: batteryLevel = 55
10-14 06:49:27.642  1341  1341 D BatteryMeterView: level should be =55
10-14 06:49:27.642  1341  1341 D BatteryMeterView: level should be =55
10-14 06:49:27.642  1341  1341 D BatteryMeterView: level should be =55
10-14 06:49:27.766  1341  1341 D PhoneStatusBar: label = No sim
10-14 06:49:27.845  6999  7206 I StatsSyncManager: appsflyerstage data pushed successfully
10-14 06:49:27.872  6999  7206 I DBHelper: marked rows removed
10-14 06:49:27.886  6999  7206 I DBHelper: get pending rows []
10-14 06:49:28.008   249   313 D phoneserver: rsrp[0]=-255,rscp[0]=15,rxlev[0]=99 ind_str= 
10-14 06:49:28.008   249   313 D phoneserver: +CESQ: 99,99,15,255,255,-255
10-14 06:49:28.666  1178  2240 D BroadcastQueue: Add broadcastBroadcastRecord{a83ec0f u0 com.google.android.gms.gcm.ACTION_SCHEDULE} into (background/order), now header = BroadcastRecord{a83ec0f u0 com.google.android.gms.gcm.ACTION_SCHEDULE}, size = 1
10-14 06:49:28.672  1178  1188 D BroadcastQueue: Add broadcastBroadcastRecord{eb2449c u0 com.google.android.gms.gcm.ACTION_SCHEDULE} into (background/order), now header = BroadcastRecord{a83ec0f u0 com.google.android.gms.gcm.ACTION_SCHEDULE}, size = 2
10-14 06:49:28.673  1178  2137 V BroadcastQueue: Finished with ordered broadcast BroadcastRecord{a83ec0f u0 com.google.android.gms.gcm.ACTION_SCHEDULE}, [background], remain = 1
10-14 06:49:28.680  1178  1845 V BroadcastQueue: Finished with ordered broadcast BroadcastRecord{eb2449c u0 com.google.android.gms.gcm.ACTION_SCHEDULE}, [background], remain = 0
10-14 06:49:28.753  1178  1845 D AlarmManager: setImpl() action = com.google.android.gms.gcm.ACTION_CHECK_QUEUE, component = ComponentInfo{com.google.android.gms/com.google.android.gms.gcm.nts.SchedulerInternalReceiver}, type = 2, operation = PendingIntent{f76eea5: PendingIntentRecord{f201bcd com.google.android.gms broadcastIntent}} tElapsed=18801672, maxElapsed=19185006, interval=0, when = 1571050679864, triggerTime = 2019-10-14 06:57:59, flags=0x0
10-14 06:49:29.008   249   313 D phoneserver: rsrp[0]=-255,rscp[0]=15,rxlev[0]=99 ind_str= 
10-14 06:49:29.008   249   313 D phoneserver: +CESQ: 99,99,15,255,255,-255
10-14 06:49:29.436  1178  1957 D LIBGPS  : watchdog_open PowerState:GE2 CP SLEEP
10-14 06:49:29.720   263  4076 I chatty  : uid=1013(media) rd.h264.encoder expire 1122 lines
10-14 06:49:29.768  1341  1341 D PhoneStatusBar: label = No sim
10-14 06:49:30.486  1178  1265 D WifiStateMachine: starting scan for "Tyss-Project"WPA_PSK with 2437
10-14 06:49:30.487  1291  1291 D wpa_supplicant: wlan0: Control interface command 'SCAN TYPE=ONLY freq=2437'
10-14 06:49:30.487  1291  1291 D wpa_supplicant: wlan0: Setting scan request: 0.000000 sec
10-14 06:49:30.487  1291  1291 D wpa_supplicant: wlan0: Starting AP scan for wildcard SSID
10-14 06:49:30.487  1291  1291 D wpa_supplicant: wlan0: Limit manual scan to specified channels
10-14 06:49:30.487  1291  1291 D wpa_supplicant: wlan0: Add radio work 'scan'@0xb6a19348
10-14 06:49:30.487  1291  1291 D wpa_supplicant: wlan0: First radio work item in the queue - schedule start immediately
10-14 06:49:30.488  1291  1291 D wpa_supplicant: wlan0: Starting radio work 'scan'@0xb6a19348 after 0.000091 second wait
10-14 06:49:30.488  1291  1291 D wpa_supplicant: wlan0: nl80211: scan request
10-14 06:49:30.488  1291  1291 D wpa_supplicant: nl80211: Scan SSID - hexdump(len=0): [NULL]
10-14 06:49:30.488  1291  1291 D wpa_supplicant: nl80211: Scan extra IEs - hexdump(len=6): 7f 04 00 00 0a 02
10-14 06:49:30.488  1291  1291 D wpa_supplicant: nl80211: Scan frequency 2437 MHz
10-14 06:49:30.638  1291  1291 D wpa_supplicant: Scan requested (ret=0) - scan timeout 30 seconds
10-14 06:49:30.638  1291  1291 D wpa_supplicant: nl80211: Event message available
10-14 06:49:30.638  1291  1291 D wpa_supplicant: nl80211: Ignored event (cmd=33) for foreign interface (ifindex 10 wdev 0x0)
10-14 06:49:30.638  1291  1291 D wpa_supplicant: nl80211: Drv Event 33 (NL80211_CMD_TRIGGER_SCAN) received for wlan0
10-14 06:49:30.638  1291  1291 D wpa_supplicant: wlan0: nl80211: Scan trigger
10-14 06:49:30.638  1291  1291 D wpa_supplicant: wlan0: Event SCAN_STARTED (47) received
10-14 06:49:30.638  1291  1291 D wpa_supplicant: wlan0: Own scan request started a scan in 0.000213 seconds
10-14 06:49:30.673  1291  1291 D wpa_supplicant: nl80211: Event message available
10-14 06:49:30.673  1291  1291 D wpa_supplicant: nl80211: Ignored event (cmd=34) for foreign interface (ifindex 10 wdev 0x0)
10-14 06:49:30.673  1291  1291 D wpa_supplicant: nl80211: Drv Event 34 (NL80211_CMD_NEW_SCAN_RESULTS) received for wlan0
10-14 06:49:30.673  1291  1291 D wpa_supplicant: wlan0: nl80211: New scan results available
10-14 06:49:30.673  1291  1291 D wpa_supplicant: nl80211: Scan probed for SSID ''
10-14 06:49:30.674  1291  1291 D wpa_supplicant: nl80211: Scan included frequencies: 2437
10-14 06:49:30.674  1291  1291 D wpa_supplicant: wlan0: Event SCAN_RESULTS (3) received
10-14 06:49:30.674  1291  1291 D wpa_supplicant: wlan0: Scan completed in 0.035279 seconds
10-14 06:49:30.674  1291  1291 D wpa_supplicant: nl80211: Associated on 2437 MHz
10-14 06:49:30.674  1291  1291 D wpa_supplicant: nl80211: Associated with 14:91:82:61:eb:ee
10-14 06:49:30.674  1291  1291 D wpa_supplicant: nl80211: Received scan results (5 BSSes)
10-14 06:49:30.674  1291  1291 D wpa_supplicant: nl80211: Scan results indicate BSS status with 14:91:82:61:eb:ee as associated
10-14 06:49:30.674  1291  1291 D wpa_supplicant: wlan0: BSS: Start scan result update 948
10-14 06:49:30.674  1291  1291 D wpa_supplicant: wlan0: BSS: Remove id 948 BSSID 88:36:5f:f8:0d:e7 SSID 'B3jo-TEdNNzAw' due to no match in scan
10-14 06:49:30.674  1291  1291 D wpa_supplicant: BSS: last_scan_res_used=5/32
10-14 06:49:30.674  1291  1291 D wpa_supplicant: wlan0: Scan-only results received
10-14 06:49:30.674  1291  1291 D wpa_supplicant: wlan0: Radio work 'scan'@0xb6a19348 done in 0.186921 seconds
10-14 06:49:30.678  1291  1291 D wpa_supplicant: wlan0: Control interface command 'BSS RANGE=0- MASK=0x29d87'
10-14 06:49:30.681  1291  1291 D wpa_supplicant: wlan0: Control interface command 'BSS RANGE=942- MASK=0x29d87'
10-14 06:49:30.684  1291  1291 D wpa_supplicant: wlan0: Control interface command 'BSS RANGE=947- MASK=0x29d87'
10-14 06:49:30.687  1291  1291 D wpa_supplicant: wlan0: Control interface command 'BSS RANGE=955- MASK=0x29d87'
10-14 06:49:30.769  1341  1341 D PhoneStatusBar: label = No sim
10-14 06:49:30.813  6559  6588 E PlayCommon: [882] dtn.d: Failed to connect to server for server timestamp: java.net.UnknownHostException: Unable to resolve host "play.googleapis.com": No address associated with hostname
10-14 06:49:30.824  6559  6588 E PlayCommon: [882] dtn.d: Failed to connect to server: java.net.UnknownHostException: Unable to resolve host "play.googleapis.com": No address associated with hostname
10-14 06:49:30.879  1291  1291 D wpa_supplicant: wlan0: Control interface command 'STATUS-NO_EVENTS'
10-14 06:49:30.879  1291  1291 D wpa_supplicant: EAPOL: EAP Session-Id not available
10-14 06:49:31.009   249   313 D phoneserver: rsrp[0]=-255,rscp[0]=16,rxlev[0]=99 ind_str= 
10-14 06:49:31.009   249   313 D phoneserver: +CESQ: 99,99,16,255,255,-255
10-14 06:49:31.436  1178  1957 D LIBGPS  : watchdog_open PowerState:GE2 CP SLEEP
10-14 06:49:31.772  1341  1341 D PhoneStatusBar: label = No sim
10-14 06:49:31.806   215   520 D WCND    : is_cp2_alive_ok: open polling interface: /proc/mdbg/loopcheck, fd = 12
10-14 06:49:31.907   215   520 D WCND    : is_cp2_alive_ok: loop: /proc/mdbg/loopcheck is OK
10-14 06:49:32.009   249   313 D phoneserver: rsrp[0]=-255,rscp[0]=16,rxlev[0]=99 ind_str= 
10-14 06:49:32.009   249   313 D phoneserver: +CESQ: 99,99,16,255,255,-255
10-14 06:49:32.774  1341  1341 D PhoneStatusBar: label = No sim
10-14 06:49:33.010   249   313 D phoneserver: rsrp[0]=-255,rscp[0]=16,rxlev[0]=99 ind_str= 
10-14 06:49:33.010   249   313 D phoneserver: +CESQ: 99,99,16,255,255,-255
10-14 06:49:33.055  1178  1244 D AlarmManager: waitForAlarm result:8
10-14 06:49:33.055  1178  1244 D AlarmManager: triggerList.size = 1, hasWakeup = false
10-14 06:49:33.055  1178  1244 D AlarmManagerService: set alarm to kernel: 18314.863000000, type=3 
10-14 06:49:33.056  1178  1244 D AlarmManager: sending alarm.type = 3, action = android.content.jobscheduler.JOB_DELAY_EXPIRED, cn = null, operation = PendingIntent{b11687d: PendingIntentRecord{1edc372 android broadcastIntent}}
10-14 06:49:33.056  1178  1244 D BroadcastQueue: Add broadcastBroadcastRecord{af8127a u0 android.content.jobscheduler.JOB_DELAY_EXPIRED} into (background/order), now header = BroadcastRecord{af8127a u0 android.content.jobscheduler.JOB_DELAY_EXPIRED}, size = 1
10-14 06:49:33.057  1178  1178 D AlarmManager: setImpl() action = android.content.jobscheduler.JOB_DELAY_EXPIRED, component = null, type = 3, operation = PendingIntent{b11687d: PendingIntentRecord{1edc372 android broadcastIntent}} tElapsed=18545647, maxElapsed=18733734, interval=0, when = 1571050423840, triggerTime = 2019-10-14 06:53:43, flags=0x8
10-14 06:49:33.058  1178  1178 V BroadcastQueue: Finished with ordered broadcast BroadcastRecord{af8127a u0 android.content.jobscheduler.JOB_DELAY_EXPIRED}, [background], remain = 0
10-14 06:49:33.067  1922  1922 V RCPeriodicJobService: onStartJob()
10-14 06:49:33.075  1178  1178 D AlarmManager: setImpl() action = android.content.jobscheduler.JOB_DELAY_EXPIRED, component = null, type = 3, operation = PendingIntent{b11687d: PendingIntentRecord{1edc372 android broadcastIntent}} tElapsed=18545647, maxElapsed=18733720, interval=0, when = 1571050423839, triggerTime = 2019-10-14 06:53:43, flags=0x8
10-14 06:49:33.077  1178  1178 D AlarmManager: setImpl() action = android.content.jobscheduler.JOB_DEADLINE_EXPIRED, component = null, type = 3, operation = PendingIntent{817d440: PendingIntentRecord{e510f79 android broadcastIntent}} tElapsed=18881531, maxElapsed=19321516, interval=0, when = 1571050759723, triggerTime = 2019-10-14 06:59:19, flags=0x8
10-14 06:49:33.078  1178  1178 D AlarmManagerService: set alarm to kernel: 18321.808000000, type=3 
10-14 06:49:33.079  1178  1178 D AlarmManager: setImpl() action = android.content.jobscheduler.JOB_DELAY_EXPIRED, component = null, type = 3, operation = PendingIntent{b11687d: PendingIntentRecord{1edc372 android broadcastIntent}} tElapsed=18314863, maxElapsed=18329845, interval=0, when = 1571050193055, triggerTime = 2019-10-14 06:49:53, flags=0x8
10-14 06:49:33.080  1178  1178 D AlarmManagerService: set alarm to kernel: 18314.863000000, type=3 
10-14 06:49:33.080  1178  1178 D AlarmManager: setImpl() action = android.content.jobscheduler.JOB_DEADLINE_EXPIRED, component = null, type = 3, operation = PendingIntent{817d440: PendingIntentRecord{e510f79 android broadcastIntent}} tElapsed=18334863, maxElapsed=18364845, interval=0, when = 1571050213056, triggerTime = 2019-10-14 06:50:13, flags=0x8
10-14 06:49:33.080  6146  6356 E com.byjus.unity.support.activities.MainActivity: WorkManager doWork called
10-14 06:49:33.082  6146  6356 I SyncManager: QuestProgress: []
10-14 06:49:33.083  6146  6356 I SyncManager: RewardedSticker: []
10-14 06:49:33.084  6146  6356 I SyncManager: TaskProgress: []
10-14 06:49:33.087  6146  6356 I SyncManager: StickerProgress: [] BgProgress: [] StickerDeleted: []
10-14 06:49:33.089  6146  6160 I WorkerWrapper: Worker result SUCCESS for Work [ id=eba61adc-2017-42ca-a5fb-2c293bf41f83, tags={ com.byjus.unity.support.retrofit.SyncWork } ]
10-14 06:49:33.093  1178  1178 D AlarmManager: setImpl() action = android.content.jobscheduler.JOB_DELAY_EXPIRED, component = null, type = 3, operation = PendingIntent{b11687d: PendingIntentRecord{1edc372 android broadcastIntent}} tElapsed=18314863, maxElapsed=18329835, interval=0, when = 1571050193056, triggerTime = 2019-10-14 06:49:53, flags=0x8
10-14 06:49:33.095  1178  1178 D AlarmManagerService: set alarm to kernel: 18321.808000000, type=3 
10-14 06:49:33.095  1178  1178 D AlarmManagerService: set alarm to kernel: 18314.863000000, type=3 
10-14 06:49:33.095  1178  1178 D AlarmManager: setImpl() action = android.content.jobscheduler.JOB_DEADLINE_EXPIRED, component = null, type = 3, operation = PendingIntent{817d440: PendingIntentRecord{e510f79 android broadcastIntent}} tElapsed=18334863, maxElapsed=18364833, interval=0, when = 1571050213055, triggerTime = 2019-10-14 06:50:13, flags=0x8
10-14 06:49:33.437  1178  1957 D LIBGPS  : watchdog_open PowerState:GE2 CP SLEEP
10-14 06:49:33.775  1341  1341 D PhoneStatusBar: label = No sim
10-14 06:49:34.010   249   313 D phoneserver: rsrp[0]=-255,rscp[0]=16,rxlev[0]=99 ind_str= 
10-14 06:49:34.010   249   313 D phoneserver: +CESQ: 99,99,16,255,255,-255
10-14 06:49:34.777  1341  1341 D PhoneStatusBar: label = No sim
10-14 06:49:35.010   249   313 D phoneserver: rsrp[0]=-255,rscp[0]=16,rxlev[0]=99 ind_str= 
10-14 06:49:35.010   249   313 D phoneserver: +CESQ: 99,99,16,255,255,-255
10-14 06:49:35.437  1178  1957 D LIBGPS  : watchdog_open PowerState:GE2 CP SLEEP
10-14 06:49:35.778  1341  1341 D PhoneStatusBar: label = No sim
10-14 06:49:36.011   249   313 D phoneserver: rsrp[0]=-255,rscp[0]=15,rxlev[0]=99 ind_str= 
10-14 06:49:36.011   249   313 D phoneserver: +CESQ: 99,99,15,255,255,-255
10-14 06:49:36.779  1341  1341 D PhoneStatusBar: label = No sim
10-14 06:49:36.908   215   520 D WCND    : is_cp2_alive_ok: open polling interface: /proc/mdbg/loopcheck, fd = 12
10-14 06:49:37.008   215   520 D WCND    : is_cp2_alive_ok: loop: /proc/mdbg/loopcheck is OK
10-14 06:49:37.011   249   313 D phoneserver: rsrp[0]=-255,rscp[0]=15,rxlev[0]=99 ind_str= 
10-14 06:49:37.011   249   313 D phoneserver: +CESQ: 99,99,15,255,255,-255
10-14 06:49:37.437  1178  1957 D LIBGPS  : watchdog_open PowerState:GE2 CP SLEEP
10-14 06:49:37.781  1341  1341 D PhoneStatusBar: label = No sim
10-14 06:49:38.011   249   313 D phoneserver: rsrp[0]=-255,rscp[0]=15,rxlev[0]=99 ind_str= 
10-14 06:49:38.011   249   313 D phoneserver: +CESQ: 99,99,15,255,255,-255
10-14 06:49:38.783  1341  1341 D PhoneStatusBar: label = No sim
10-14 06:49:39.012   249   313 D phoneserver: rsrp[0]=-255,rscp[0]=15,rxlev[0]=99 ind_str= 
10-14 06:49:39.012   249   313 D phoneserver: +CESQ: 99,99,15,255,255,-255
10-14 06:49:39.438  1178  1957 D LIBGPS  : watchdog_open PowerState:GE2 CP SLEEP
10-14 06:49:39.784  1341  1341 D PhoneStatusBar: label = No sim
10-14 06:49:39.784   263  4076 I chatty  : uid=1013(media) rd.h264.encoder expire 1070 lines
10-14 06:49:40.012   249   313 D phoneserver: rsrp[0]=-255,rscp[0]=15,rxlev[0]=99 ind_str= 
10-14 06:49:40.012   249   313 D phoneserver: +CESQ: 99,99,15,255,255,-255
10-14 06:49:40.786  1341  1341 D PhoneStatusBar: label = No sim
10-14 06:49:40.816  5845  5908 E PlayCommon: [860] adhb.d(310): Failed to connect to server for server timestamp: java.net.UnknownHostException: Unable to resolve host "play.googleapis.com": No address associated with hostname
10-14 06:49:40.819  5845  5908 W PlayCommon: [860] adhb.a(1): No account for auth token provided
10-14 06:49:40.821  5845  5908 I PlayCommon: [860] adhb.d(125): Connecting to server: https://play.googleapis.com/play/log?format=raw&proto_v2=true
10-14 06:49:40.823  5845  5908 E PlayCommon: [860] adhb.d(289): Failed to connect to server: java.net.UnknownHostException: Unable to resolve host "play.googleapis.com": No address associated with hostname
10-14 06:49:41.013   249   313 D phoneserver: rsrp[0]=-255,rscp[0]=16,rxlev[0]=99 ind_str= 
10-14 06:49:41.013   249   313 D phoneserver: +CESQ: 99,99,16,255,255,-255
10-14 06:49:41.438  1178  1957 D LIBGPS  : watchdog_open PowerState:GE2 CP SLEEP
10-14 06:49:41.787  1341  1341 D PhoneStatusBar: label = No sim
10-14 06:49:42.009   215   520 D WCND    : is_cp2_alive_ok: open polling interface: /proc/mdbg/loopcheck, fd = 12
10-14 06:49:42.013   249   313 D phoneserver: rsrp[0]=-255,rscp[0]=16,rxlev[0]=99 ind_str= 
10-14 06:49:42.013   249   313 D phoneserver: +CESQ: 99,99,16,255,255,-255
10-14 06:49:42.109   215   520 D WCND    : is_cp2_alive_ok: loop: /proc/mdbg/loopcheck is OK
10-14 06:49:42.684  1178  1178 D CallsManager: batteryLevel = 55
10-14 06:49:42.687  1341  1341 D KeyguardUpdateMonitor: received broadcast android.intent.action.BATTERY_CHANGED
10-14 06:49:42.689  1341  1341 D BatteryMeterView: level should be =55
10-14 06:49:42.689  1341  1341 D BatteryMeterView: level should be =55
10-14 06:49:42.689  1341  1341 D BatteryMeterView: level should be =55
10-14 06:49:42.690  1341  1341 D KeyguardUpdateMonitor: handleBatteryUpdate
10-14 06:49:42.789  1341  1341 D PhoneStatusBar: label = No sim
10-14 06:49:43.013   249   313 D phoneserver: rsrp[0]=-255,rscp[0]=16,rxlev[0]=99 ind_str= 
10-14 06:49:43.013   249   313 D phoneserver: +CESQ: 99,99,16,255,255,-255
10-14 06:49:43.438  1178  1957 D LIBGPS  : watchdog_open PowerState:GE2 CP SLEEP
10-14 06:49:43.791  1341  1341 D PhoneStatusBar: label = No sim
10-14 06:49:44.014   249   313 D phoneserver: rsrp[0]=-255,rscp[0]=16,rxlev[0]=99 ind_str= 
10-14 06:49:44.014   249   313 D phoneserver: +CESQ: 99,99,16,255,255,-255
10-14 06:49:44.793  1341  1341 D PhoneStatusBar: label = No sim
10-14 06:49:45.014   249   313 D phoneserver: rsrp[0]=-255,rscp[0]=16,rxlev[0]=99 ind_str= 
10-14 06:49:45.014   249   313 D phoneserver: +CESQ: 99,99,16,255,255,-255
10-14 06:49:45.153  1178  2881 D NetlinkSocketObserver: NeighborEvent{elapsedMs=18306960, 10.10.14.1, [009027FDEBDD], RTM_NEWNEIGH, NUD_STALE}
10-14 06:49:45.439  1178  1957 D LIBGPS  : watchdog_open PowerState:GE2 CP SLEEP
10-14 06:49:46.015   249   313 D phoneserver: rsrp[0]=-255,rscp[0]=16,rxlev[0]=99 ind_str= 
10-14 06:49:46.015   249   313 D phoneserver: +CESQ: 99,99,16,255,255,-255
10-14 06:49:46.795  1341  1341 D PhoneStatusBar: label = No sim
10-14 06:49:47.015   249   313 D phoneserver: rsrp[0]=-255,rscp[0]=16,rxlev[0]=99 ind_str= 
10-14 06:49:47.015   249   313 D phoneserver: +CESQ: 99,99,16,255,255,-255
10-14 06:49:47.109   215   520 D WCND    : is_cp2_alive_ok: open polling interface: /proc/mdbg/loopcheck, fd = 12
10-14 06:49:47.210   215   520 D WCND    : is_cp2_alive_ok: loop: /proc/mdbg/loopcheck is OK
10-14 06:49:47.439  1178  1957 D LIBGPS  : watchdog_open PowerState:GE2 CP SLEEP
10-14 06:49:47.797  1341  1341 D PhoneStatusBar: label = No sim
10-14 06:49:48.015   249   313 D phoneserver: rsrp[0]=-255,rscp[0]=16,rxlev[0]=99 ind_str= 
10-14 06:49:48.015   249   313 D phoneserver: +CESQ: 99,99,16,255,255,-255
10-14 06:49:49.016   249   313 D phoneserver: rsrp[0]=-255,rscp[0]=16,rxlev[0]=99 ind_str= 
10-14 06:49:49.016   249   313 D phoneserver: +CESQ: 99,99,16,255,255,-255
10-14 06:49:49.439  1178  1957 D LIBGPS  : watchdog_open PowerState:GE2 CP SLEEP
10-14 06:49:49.614  6999  7019 E FirebaseInstanceId: Token retrieval failed: SERVICE_NOT_AVAILABLE
10-14 06:49:49.800  1341  1341 D PhoneStatusBar: label = No sim
10-14 06:49:49.800   263  4076 I chatty  : uid=1013(media) rd.h264.encoder expire 802 lines
10-14 06:49:50.016   249   313 D phoneserver: rsrp[0]=-255,rscp[0]=16,rxlev[0]=99 ind_str= 
10-14 06:49:50.016   249   313 D phoneserver: +CESQ: 99,99,16,255,255,-255
10-14 06:49:50.489  1178  1265 D WifiStateMachine: starting scan for "Tyss-Project"WPA_PSK with 2437
10-14 06:49:50.489  1291  1291 D wpa_supplicant: wlan0: Control interface command 'SCAN TYPE=ONLY freq=2437'
10-14 06:49:50.489  1291  1291 D wpa_supplicant: wlan0: Setting scan request: 0.000000 sec
10-14 06:49:50.489  1291  1291 D wpa_supplicant: wlan0: Starting AP scan for wildcard SSID
10-14 06:49:50.489  1291  1291 D wpa_supplicant: wlan0: Limit manual scan to specified channels
10-14 06:49:50.490  1291  1291 D wpa_supplicant: wlan0: Add radio work 'scan'@0xb6a19348
10-14 06:49:50.490  1291  1291 D wpa_supplicant: wlan0: First radio work item in the queue - schedule start immediately
10-14 06:49:50.490  1291  1291 D wpa_supplicant: wlan0: Starting radio work 'scan'@0xb6a19348 after 0.000122 second wait
10-14 06:49:50.490  1291  1291 D wpa_supplicant: wlan0: nl80211: scan request
10-14 06:49:50.490  1291  1291 D wpa_supplicant: nl80211: Scan SSID - hexdump(len=0): [NULL]
10-14 06:49:50.490  1291  1291 D wpa_supplicant: nl80211: Scan extra IEs - hexdump(len=6): 7f 04 00 00 0a 02
10-14 06:49:50.490  1291  1291 D wpa_supplicant: nl80211: Scan frequency 2437 MHz
10-14 06:49:50.635  1291  1291 D wpa_supplicant: Scan requested (ret=0) - scan timeout 30 seconds
10-14 06:49:50.635  1291  1291 D wpa_supplicant: nl80211: Event message available
10-14 06:49:50.635  1291  1291 D wpa_supplicant: nl80211: Ignored event (cmd=33) for foreign interface (ifindex 10 wdev 0x0)
10-14 06:49:50.635  1291  1291 D wpa_supplicant: nl80211: Drv Event 33 (NL80211_CMD_TRIGGER_SCAN) received for wlan0
10-14 06:49:50.636  1291  1291 D wpa_supplicant: wlan0: nl80211: Scan trigger
10-14 06:49:50.636  1291  1291 D wpa_supplicant: wlan0: Event SCAN_STARTED (47) received
10-14 06:49:50.636  1291  1291 D wpa_supplicant: wlan0: Own scan request started a scan in 0.000366 seconds
10-14 06:49:50.678  1291  1291 D wpa_supplicant: nl80211: Event message available
10-14 06:49:50.678  1291  1291 D wpa_supplicant: nl80211: Ignored event (cmd=34) for foreign interface (ifindex 10 wdev 0x0)
10-14 06:49:50.678  1291  1291 D wpa_supplicant: nl80211: Drv Event 34 (NL80211_CMD_NEW_SCAN_RESULTS) received for wlan0
10-14 06:49:50.678  1291  1291 D wpa_supplicant: wlan0: nl80211: New scan results available
10-14 06:49:50.678  1291  1291 D wpa_supplicant: nl80211: Scan probed for SSID ''
10-14 06:49:50.678  1291  1291 D wpa_supplicant: nl80211: Scan included frequencies: 2437
10-14 06:49:50.678  1291  1291 D wpa_supplicant: wlan0: Event SCAN_RESULTS (3) received
10-14 06:49:50.678  1291  1291 D wpa_supplicant: wlan0: Scan completed in 0.042419 seconds
10-14 06:49:50.678  1291  1291 D wpa_supplicant: nl80211: Associated on 2437 MHz
10-14 06:49:50.678  1291  1291 D wpa_supplicant: nl80211: Associated with 14:91:82:61:eb:ee
10-14 06:49:50.678  1291  1291 D wpa_supplicant: nl80211: Received scan results (6 BSSes)
10-14 06:49:50.679  1291  1291 D wpa_supplicant: nl80211: Scan results indicate BSS status with 14:91:82:61:eb:ee as associated
10-14 06:49:50.679  1291  1291 D wpa_supplicant: wlan0: BSS: Start scan result update 949
10-14 06:49:50.679  1291  1291 D wpa_supplicant: wlan0: BSS: Remove id 936 BSSID 06:91:82:61:eb:ee SSID 'Tyss-Bench' due to no match in scan
10-14 06:49:50.679  1291  1291 D wpa_supplicant: wlan0: BSS: Remove id 955 BSSID 82:ad:16:26:71:20 SSID 'Redmi Note 5 Pr' due to no match in scan
10-14 06:49:50.679  1291  1291 D wpa_supplicant: wlan0: BSS: Remove id 956 BSSID 14:91:82:62:34:b7 SSID 'Tyss-Bw!ng' due to no match in scan
10-14 06:49:50.679  1291  1291 D wpa_supplicant: BSS: last_scan_res_used=6/32
10-14 06:49:50.679  1291  1291 D wpa_supplicant: wlan0: Scan-only results received
10-14 06:49:50.679  1291  1291 D wpa_supplicant: wlan0: Radio work 'scan'@0xb6a19348 done in 0.189605 seconds
10-14 06:49:50.684  1291  1291 D wpa_supplicant: wlan0: Control interface command 'BSS RANGE=0- MASK=0x29d87'
10-14 06:49:50.687  1291  1291 D wpa_supplicant: wlan0: Control interface command 'BSS RANGE=942- MASK=0x29d87'
10-14 06:49:50.691  1291  1291 D wpa_supplicant: wlan0: Control interface command 'BSS RANGE=947- MASK=0x29d87'
10-14 06:49:50.846  1291  1291 D wpa_supplicant: wlan0: Control interface command 'STATUS-NO_EVENTS'
10-14 06:49:50.847  1291  1291 D wpa_supplicant: EAPOL: EAP Session-Id not available
10-14 06:49:51.017   249   313 D phoneserver: rsrp[0]=-255,rscp[0]=15,rxlev[0]=99 ind_str= 
10-14 06:49:51.017   249   313 D phoneserver: +CESQ: 99,99,15,255,255,-255
10-14 06:49:51.440  1178  1957 D LIBGPS  : watchdog_open PowerState:GE2 CP SLEEP
10-14 06:49:51.804  1341  1341 D PhoneStatusBar: label = No sim
10-14 06:49:52.017   249   313 D phoneserver: rsrp[0]=-255,rscp[0]=14,rxlev[0]=99 ind_str= 
10-14 06:49:52.017   249   313 D phoneserver: +CESQ: 99,99,14,255,255,-255
10-14 06:49:52.211   215   520 D WCND    : is_cp2_alive_ok: open polling interface: /proc/mdbg/loopcheck, fd = 12
10-14 06:49:52.311   215   520 D WCND    : is_cp2_alive_ok: loop: /proc/mdbg/loopcheck is OK
10-14 06:49:53.017   249   313 D phoneserver: rsrp[0]=-255,rscp[0]=14,rxlev[0]=99 ind_str= 
10-14 06:49:53.017   249   313 D phoneserver: +CESQ: 99,99,14,255,255,-255
10-14 06:49:53.055  1178  1244 D AlarmManager: waitForAlarm result:8
10-14 06:49:53.055  1178  1244 D AlarmManager: triggerList.size = 1, hasWakeup = false
10-14 06:49:53.056  1178  1244 D AlarmManagerService: set alarm to kernel: 18321.808000000, type=3 
10-14 06:49:53.056  1178  1244 D AlarmManager: sending alarm.type = 3, action = android.content.jobscheduler.JOB_DELAY_EXPIRED, cn = null, operation = PendingIntent{b11687d: PendingIntentRecord{1edc372 android broadcastIntent}}
10-14 06:49:53.056  1178  1244 D BroadcastQueue: Add broadcastBroadcastRecord{63df6ff u0 android.content.jobscheduler.JOB_DELAY_EXPIRED} into (background/order), now header = BroadcastRecord{63df6ff u0 android.content.jobscheduler.JOB_DELAY_EXPIRED}, size = 1
10-14 06:49:53.058  1178  1178 D AlarmManager: setImpl() action = android.content.jobscheduler.JOB_DELAY_EXPIRED, component = null, type = 3, operation = PendingIntent{b11687d: PendingIntentRecord{1edc372 android broadcastIntent}} tElapsed=18545647, maxElapsed=18718734, interval=0, when = 1571050423840, triggerTime = 2019-10-14 06:53:43, flags=0x8
10-14 06:49:53.059  1178  1178 V BroadcastQueue: Finished with ordered broadcast BroadcastRecord{63df6ff u0 android.content.jobscheduler.JOB_DELAY_EXPIRED}, [background], remain = 0
10-14 06:49:53.074  1922  1922 V RCSyncJobService: onStartJob()
10-14 06:49:53.076  1922  1922 V RCPeriodicJobService: onStartJob()
10-14 06:49:53.077  1922  7211 V RCSyncJobService: fetchRemoteConfig()
10-14 06:49:53.096  1178  1178 D AlarmManager: setImpl() action = android.content.jobscheduler.JOB_DELAY_EXPIRED, component = null, type = 3, operation = PendingIntent{b11687d: PendingIntentRecord{1edc372 android broadcastIntent}} tElapsed=18545647, maxElapsed=18718705, interval=0, when = 1571050423840, triggerTime = 2019-10-14 06:53:43, flags=0x8
10-14 06:49:53.098  1178  1178 D AlarmManager: setImpl() action = android.content.jobscheduler.JOB_DEADLINE_EXPIRED, component = null, type = 3, operation = PendingIntent{817d440: PendingIntentRecord{e510f79 android broadcastIntent}} tElapsed=18881531, maxElapsed=19306500, interval=0, when = 1571050759724, triggerTime = 2019-10-14 06:59:19, flags=0x8
10-14 06:49:53.100  1178  1178 D AlarmManager: setImpl() action = android.content.jobscheduler.JOB_DELAY_EXPIRED, component = null, type = 3, operation = PendingIntent{b11687d: PendingIntentRecord{1edc372 android broadcastIntent}} tElapsed=18334863, maxElapsed=18349830, interval=0, when = 1571050213055, triggerTime = 2019-10-14 06:50:13, flags=0x8
10-14 06:49:53.101  1178  1178 D AlarmManager: setImpl() action = android.content.jobscheduler.JOB_DEADLINE_EXPIRED, component = null, type = 3, operation = PendingIntent{817d440: PendingIntentRecord{e510f79 android broadcastIntent}} tElapsed=18354863, maxElapsed=18384828, interval=0, when = 1571050233055, triggerTime = 2019-10-14 06:50:33, flags=0x8
10-14 06:49:53.112  1922  1922 V RCSyncJobService: onStopJob
10-14 06:49:53.214  1922  1922 I RCSyncJobService: remote config sync is successful.
10-14 06:49:53.214  1922  1922 V RCSyncJobService: After activateFetched: ad services: [    {  "serviceName": "fb",     "isEnabled": "true",     "indicesFromAPIServer": "false",     "indices": "25",     "refreshRate": 15,     "url": "url of indexes"   },   {     "serviceName": "GoogleAds",     "isEnabled": "false",     "indicesFromAPIServer": "false",     "indices": "25",     "refreshRate": 15,     "url": "url of indexes"   } ]
10-14 06:49:53.440  1178  1957 D LIBGPS  : watchdog_open PowerState:GE2 CP SLEEP
10-14 06:49:54.018   249   313 D phoneserver: rsrp[0]=-255,rscp[0]=13,rxlev[0]=99 ind_str= 
10-14 06:49:54.018   249   313 D phoneserver: +CESQ: 99,99,13,255,255,-255
10-14 06:49:54.320  1178  1208 D ActivityManager: current mem available is 102832KB
10-14 06:49:55.018   249   313 D phoneserver: rsrp[0]=-255,rscp[0]=12,rxlev[0]=99 ind_str= 
10-14 06:49:55.018   249   313 D phoneserver: +CESQ: 99,99,12,255,255,-255
10-14 06:49:55.440  1178  1957 D LIBGPS  : watchdog_open PowerState:GE2 CP SLEEP
10-14 06:49:56.019   249   313 D phoneserver: rsrp[0]=-255,rscp[0]=11,rxlev[0]=99 ind_str= 
10-14 06:49:56.019   249   313 D phoneserver: +CESQ: 99,99,11,255,255,-255
10-14 06:49:57.019   249   313 D phoneserver: rsrp[0]=-255,rscp[0]=11,rxlev[0]=99 ind_str= 
10-14 06:49:57.019   249   313 D phoneserver: +CESQ: 99,99,11,255,255,-255
10-14 06:49:57.312   215   520 D WCND    : is_cp2_alive_ok: open polling interface: /proc/mdbg/loopcheck, fd = 12
10-14 06:49:57.412   215   520 D WCND    : is_cp2_alive_ok: loop: /proc/mdbg/loopcheck is OK
10-14 06:49:57.441  1178  1957 D LIBGPS  : watchdog_open PowerState:GE2 CP SLEEP
10-14 06:49:57.729  1341  1341 D KeyguardUpdateMonitor: received broadcast android.intent.action.BATTERY_CHANGED
10-14 06:49:57.735  1178  1178 D CallsManager: batteryLevel = 55
10-14 06:49:57.741  1341  1341 D KeyguardUpdateMonitor: handleBatteryUpdate
10-14 06:49:57.742  1341  1341 D BatteryMeterView: level should be =55
10-14 06:49:57.743  1341  1341 D BatteryMeterView: level should be =55
10-14 06:49:57.743  1341  1341 D BatteryMeterView: level should be =55
10-14 06:49:58.019   249   313 D phoneserver: rsrp[0]=-255,rscp[0]=11,rxlev[0]=99 ind_str= 
10-14 06:49:58.019   249   313 D phoneserver: +CESQ: 99,99,11,255,255,-255
10-14 06:49:59.020   249   313 D phoneserver: rsrp[0]=-255,rscp[0]=11,rxlev[0]=99 ind_str= 
10-14 06:49:59.020   249   313 D phoneserver: +CESQ: 99,99,11,255,255,-255
10-14 06:49:59.246  6958  6971 I art     : Background sticky concurrent mark sweep GC freed 16185(891KB) AllocSpace objects, 0(0B) LOS objects, 70% free, 423KB/1421KB, paused 6.713ms total 21.697ms
10-14 06:49:59.441  1178  1957 D LIBGPS  : watchdog_open PowerState:GE2 CP SLEEP
10-14 06:49:59.923  6411  6424 I Finsky  : [861] iku.run(3): Stats for Executor: BlockingExecutor imd@ff11cc3[Running, pool size = 0, active threads = 0, queued tasks = 0, completed tasks = 17]
10-14 06:49:59.923  6411  6424 I Finsky  : [861] iku.run(3): Stats for Executor: LightweightExecutor imd@23ed940[Running, pool size = 3, active threads = 0, queued tasks = 0, completed tasks = 63]
10-14 06:50:00.000  1178  1244 D AlarmManager: waitForAlarm result:8
10-14 06:50:00.000  1178  1244 D AlarmManager: triggerList.size = 1, hasWakeup = false
10-14 06:50:00.001  1178  1244 D AlarmManager: sending alarm.type = 3, action = android.intent.action.TIME_TICK, cn = null, operation = PendingIntent{6ca61ee: PendingIntentRecord{a16668f android broadcastIntent}}
10-14 06:50:00.001  1178  1244 D BroadcastQueue: Add broadcastBroadcastRecord{6a5db93 u-1 android.intent.action.TIME_TICK} into (foreground/order), now header = BroadcastRecord{6a5db93 u-1 android.intent.action.TIME_TICK}, size = 1
10-14 06:50:00.003  1178  1178 D AlarmManager: setImpl() action = android.intent.action.TIME_TICK, component = null, type = 3, operation = PendingIntent{6ca61ee: PendingIntentRecord{a16668f android broadcastIntent}} tElapsed=18381808, maxElapsed=18381808, interval=0, when = 1571050260000, triggerTime = 2019-10-14 06:51:00, flags=0x1
10-14 06:50:00.004  1341  1341 D KeyguardUpdateMonitor: received broadcast android.intent.action.TIME_TICK
10-14 06:50:00.004  1341  1341 D KeyguardUpdateMonitor: handleTimeUpdate
10-14 06:50:00.006  1341  1341 E xdd     : tempFormat =EE, d MMM yyyy
10-14 06:50:00.020   249   313 D phoneserver: rsrp[0]=-255,rscp[0]=11,rxlev[0]=99 ind_str= 
10-14 06:50:00.020   249   313 D phoneserver: +CESQ: 99,99,11,255,255,-255
10-14 06:50:00.059   263  4076 I chatty  : uid=1013(media) rd.h264.encoder expire 888 lines
10-14 06:50:00.129  1178  2240 V BroadcastQueue: Finished with ordered broadcast BroadcastRecord{6a5db93 u-1 android.intent.action.TIME_TICK}, [foreground], remain = 0
10-14 06:50:00.369  6411  6424 I Finsky  : [861] iku.run(3): Stats for Executor: bgExecutor imd@2743079[Running, pool size = 4, active threads = 0, queued tasks = 0, completed tasks = 64]
10-14 06:50:01.020   249   313 D phoneserver: rsrp[0]=-255,rscp[0]=11,rxlev[0]=99 ind_str= 
10-14 06:50:01.020   249   313 D phoneserver: +CESQ: 99,99,11,255,255,-255
10-14 06:50:01.441  1178  1957 D LIBGPS  : watchdog_open PowerState:GE2 CP SLEEP
10-14 06:50:02.021   249   313 D phoneserver: rsrp[0]=-255,rscp[0]=11,rxlev[0]=99 ind_str= 
10-14 06:50:02.021   249   313 D phoneserver: +CESQ: 99,99,11,255,255,-255
10-14 06:50:02.413   215   520 D WCND    : is_cp2_alive_ok: open polling interface: /proc/mdbg/loopcheck, fd = 12
10-14 06:50:02.516   215   520 D WCND    : is_cp2_alive_ok: loop: /proc/mdbg/loopcheck is OK
10-14 06:50:03.021   249   313 D phoneserver: rsrp[0]=-255,rscp[0]=11,rxlev[0]=99 ind_str= 
10-14 06:50:03.021   249   313 D phoneserver: +CESQ: 99,99,11,255,255,-255
10-14 06:50:03.442  1178  1957 D LIBGPS  : watchdog_open PowerState:GE2 CP SLEEP
10-14 06:50:04.022   249   313 D phoneserver: rsrp[0]=-255,rscp[0]=11,rxlev[0]=99 ind_str= 
10-14 06:50:04.022   249   313 D phoneserver: +CESQ: 99,99,11,255,255,-255
10-14 06:50:04.820  1341  1341 D PhoneStatusBar: label = No sim
10-14 06:50:05.022   249   313 D phoneserver: rsrp[0]=-255,rscp[0]=11,rxlev[0]=99 ind_str= 
10-14 06:50:05.022   249   313 D phoneserver: +CESQ: 99,99,11,255,255,-255
10-14 06:50:05.442  1178  1957 D LIBGPS  : watchdog_open PowerState:GE2 CP SLEEP
10-14 06:50:05.821  1341  1341 D PhoneStatusBar: label = No sim
10-14 06:50:06.023   249   313 D phoneserver: rsrp[0]=-255,rscp[0]=14,rxlev[0]=99 ind_str= 
10-14 06:50:06.023   249   313 D phoneserver: +CESQ: 99,99,14,255,255,-255
10-14 06:50:07.023   249   313 D phoneserver: rsrp[0]=-255,rscp[0]=14,rxlev[0]=99 ind_str= 
10-14 06:50:07.023   249   313 D phoneserver: +CESQ: 99,99,14,255,255,-255
10-14 06:50:07.442  1178  1957 D LIBGPS  : watchdog_open PowerState:GE2 CP SLEEP
10-14 06:50:07.516   215   520 D WCND    : is_cp2_alive_ok: open polling interface: /proc/mdbg/loopcheck, fd = 12
10-14 06:50:07.617   215   520 D WCND    : is_cp2_alive_ok: loop: /proc/mdbg/loopcheck is OK
10-14 06:50:07.936  6999  7008 I art     : Background sticky concurrent mark sweep GC freed 354092(15MB) AllocSpace objects, 0(0B) LOS objects, 35% free, 27MB/42MB, paused 6.652ms total 103.759ms
10-14 06:50:08.023   249   313 D phoneserver: rsrp[0]=-255,rscp[0]=14,rxlev[0]=99 ind_str= 
10-14 06:50:08.023   249   313 D phoneserver: +CESQ: 99,99,14,255,255,-255
10-14 06:50:09.023   249   313 D phoneserver: rsrp[0]=-255,rscp[0]=14,rxlev[0]=99 ind_str= 
10-14 06:50:09.023   249   313 D phoneserver: +CESQ: 99,99,14,255,255,-255
10-14 06:50:09.443  1178  1957 D LIBGPS  : watchdog_open PowerState:GE2 CP SLEEP
10-14 06:50:10.024   249   313 D phoneserver: rsrp[0]=-255,rscp[0]=14,rxlev[0]=99 ind_str= 
10-14 06:50:10.024   249   313 D phoneserver: +CESQ: 99,99,14,255,255,-255
10-14 06:50:10.493  1178  1265 D WifiStateMachine: starting scan for "Tyss-Project"WPA_PSK with 2437
10-14 06:50:10.493  1291  1291 D wpa_supplicant: wlan0: Control interface command 'SCAN TYPE=ONLY freq=2437'
10-14 06:50:10.493  1291  1291 D wpa_supplicant: wlan0: Setting scan request: 0.000000 sec
10-14 06:50:10.493  1291  1291 D wpa_supplicant: wlan0: Starting AP scan for wildcard SSID
10-14 06:50:10.493  1291  1291 D wpa_supplicant: wlan0: Limit manual scan to specified channels
10-14 06:50:10.493  1291  1291 D wpa_supplicant: wlan0: Add radio work 'scan'@0xb6a19348
10-14 06:50:10.494  1291  1291 D wpa_supplicant: wlan0: First radio work item in the queue - schedule start immediately
10-14 06:50:10.494  1291  1291 D wpa_supplicant: wlan0: Starting radio work 'scan'@0xb6a19348 after 0.000183 second wait
10-14 06:50:10.494  1291  1291 D wpa_supplicant: wlan0: nl80211: scan request
10-14 06:50:10.494  1291  1291 D wpa_supplicant: nl80211: Scan SSID - hexdump(len=0): [NULL]
10-14 06:50:10.494  1291  1291 D wpa_supplicant: nl80211: Scan extra IEs - hexdump(len=6): 7f 04 00 00 0a 02
10-14 06:50:10.494  1291  1291 D wpa_supplicant: nl80211: Scan frequency 2437 MHz
10-14 06:50:10.639  1291  1291 D wpa_supplicant: Scan requested (ret=0) - scan timeout 30 seconds
10-14 06:50:10.639  1291  1291 D wpa_supplicant: nl80211: Event message available
10-14 06:50:10.639  1291  1291 D wpa_supplicant: nl80211: Ignored event (cmd=33) for foreign interface (ifindex 10 wdev 0x0)
10-14 06:50:10.639  1291  1291 D wpa_supplicant: nl80211: Drv Event 33 (NL80211_CMD_TRIGGER_SCAN) received for wlan0
10-14 06:50:10.639  1291  1291 D wpa_supplicant: wlan0: nl80211: Scan trigger
10-14 06:50:10.639  1291  1291 D wpa_supplicant: wlan0: Event SCAN_STARTED (47) received
10-14 06:50:10.639  1291  1291 D wpa_supplicant: wlan0: Own scan request started a scan in 0.000214 seconds
10-14 06:50:10.682  1291  1291 D wpa_supplicant: nl80211: Event message available
10-14 06:50:10.683  1291  1291 D wpa_supplicant: nl80211: Ignored event (cmd=34) for foreign interface (ifindex 10 wdev 0x0)
10-14 06:50:10.683  1291  1291 D wpa_supplicant: nl80211: Drv Event 34 (NL80211_CMD_NEW_SCAN_RESULTS) received for wlan0
10-14 06:50:10.683  1291  1291 D wpa_supplicant: wlan0: nl80211: New scan results available
10-14 06:50:10.683  1291  1291 D wpa_supplicant: nl80211: Scan probed for SSID ''
10-14 06:50:10.683  1291  1291 D wpa_supplicant: nl80211: Scan included frequencies: 2437
10-14 06:50:10.683  1291  1291 D wpa_supplicant: wlan0: Event SCAN_RESULTS (3) received
10-14 06:50:10.683  1291  1291 D wpa_supplicant: wlan0: Scan completed in 0.043823 seconds
10-14 06:50:10.683  1291  1291 D wpa_supplicant: nl80211: Associated on 2437 MHz
10-14 06:50:10.683  1291  1291 D wpa_supplicant: nl80211: Associated with 14:91:82:61:eb:ee
10-14 06:50:10.683  1291  1291 D wpa_supplicant: nl80211: Received scan results (6 BSSes)
10-14 06:50:10.683  1291  1291 D wpa_supplicant: nl80211: Scan results indicate BSS status with 14:91:82:61:eb:ee as associated
10-14 06:50:10.683  1291  1291 D wpa_supplicant: wlan0: BSS: Start scan result update 950
10-14 06:50:10.683  1291  1291 D wpa_supplicant: wlan0: BSS: Add new id 957 BSSID 06:91:82:61:eb:ee SSID 'Tyss-Bench'
10-14 06:50:10.683  1291  1291 D wpa_supplicant: BSS: last_scan_res_used=6/32
10-14 06:50:10.683  1291  1291 D wpa_supplicant: wlan0: Scan-only results received
10-14 06:50:10.683  1291  1291 D wpa_supplicant: wlan0: Radio work 'scan'@0xb6a19348 done in 0.189728 seconds
10-14 06:50:10.686  1291  1291 D wpa_supplicant: wlan0: Control interface command 'BSS RANGE=0- MASK=0x29d87'
10-14 06:50:10.696  1291  1291 D wpa_supplicant: wlan0: Control interface command 'BSS RANGE=942- MASK=0x29d87'
10-14 06:50:10.700  1291  1291 D wpa_supplicant: wlan0: Control interface command 'BSS RANGE=947- MASK=0x29d87'
10-14 06:50:10.703  1291  1291 D wpa_supplicant: wlan0: Control interface command 'BSS RANGE=955- MASK=0x29d87'
10-14 06:50:10.712   263  4076 I chatty  : uid=1013(media) rd.h264.encoder expire 872 lines
10-14 06:50:10.881  1291  1291 D wpa_supplicant: wlan0: Control interface command 'STATUS-NO_EVENTS'
10-14 06:50:10.882  1291  1291 D wpa_supplicant: EAPOL: EAP Session-Id not available
10-14 06:50:11.024   249   313 D phoneserver: rsrp[0]=-255,rscp[0]=13,rxlev[0]=99 ind_str= 
10-14 06:50:11.024   249   313 D phoneserver: +CESQ: 99,99,13,255,255,-255
10-14 06:50:11.443  1178  1957 D LIBGPS  : watchdog_open PowerState:GE2 CP SLEEP
10-14 06:50:12.025   249   313 D phoneserver: rsrp[0]=-255,rscp[0]=13,rxlev[0]=99 ind_str= 
10-14 06:50:12.025   249   313 D phoneserver: +CESQ: 99,99,13,255,255,-255
10-14 06:50:12.617   215   520 D WCND    : is_cp2_alive_ok: open polling interface: /proc/mdbg/loopcheck, fd = 12
10-14 06:50:12.718   215   520 D WCND    : is_cp2_alive_ok: loop: /proc/mdbg/loopcheck is OK
10-14 06:50:12.767  1341  1341 D KeyguardUpdateMonitor: received broadcast android.intent.action.BATTERY_CHANGED
10-14 06:50:12.768  1341  1341 D KeyguardUpdateMonitor: handleBatteryUpdate
10-14 06:50:12.770  1341  1341 D BatteryMeterView: level should be =55
10-14 06:50:12.771  1341  1341 D BatteryMeterView: level should be =55
10-14 06:50:12.771  1341  1341 D BatteryMeterView: level should be =55
10-14 06:50:12.771  1178  1178 D CallsManager: batteryLevel = 55
10-14 06:50:13.025   249   313 D phoneserver: rsrp[0]=-255,rscp[0]=13,rxlev[0]=99 ind_str= 
10-14 06:50:13.025   249   313 D phoneserver: +CESQ: 99,99,13,255,255,-255
10-14 06:50:13.443  1178  1957 D LIBGPS  : watchdog_open PowerState:GE2 CP SLEEP
10-14 06:50:13.830  1341  1341 D PhoneStatusBar: label = No sim
10-14 06:50:14.025   249   313 D phoneserver: rsrp[0]=-255,rscp[0]=13,rxlev[0]=99 ind_str= 
10-14 06:50:14.025   249   313 D phoneserver: +CESQ: 99,99,13,255,255,-255
10-14 06:50:14.831  1341  1341 D PhoneStatusBar: label = No sim
10-14 06:50:15.026   249   313 D phoneserver: rsrp[0]=-255,rscp[0]=13,rxlev[0]=99 ind_str= 
10-14 06:50:15.026   249   313 D phoneserver: +CESQ: 99,99,13,255,255,-255
10-14 06:50:15.444  1178  1957 D LIBGPS  : watchdog_open PowerState:GE2 CP SLEEP
10-14 06:50:15.833  1341  1341 D PhoneStatusBar: label = No sim
10-14 06:50:16.026   249   313 D phoneserver: rsrp[0]=-255,rscp[0]=13,rxlev[0]=99 ind_str= 
10-14 06:50:16.026   249   313 D phoneserver: +CESQ: 99,99,13,255,255,-255
10-14 06:50:17.026   249   313 D phoneserver: rsrp[0]=-255,rscp[0]=12,rxlev[0]=99 ind_str= 
10-14 06:50:17.026   249   313 D phoneserver: +CESQ: 99,99,12,255,255,-255
10-14 06:50:17.222  1291  1291 D wpa_supplicant: l2_packet_receive: src=14:91:82:61:eb:ee len=147
10-14 06:50:17.222  1291  1291 D wpa_supplicant: wlan0: RX EAPOL from 14:91:82:61:eb:ee
10-14 06:50:17.222  1291  1291 D wpa_supplicant: RX EAPOL - hexdump(len=147): 02 03 00 8f 02 13 82 00 20 00 00 00 00 00 00 00 09 e4 11 79 96 a1 e4 ca dc ae 98 23 ea 4e 68 95 ...
10-14 06:50:17.227  1291  1291 D wpa_supplicant: wlan0: IEEE 802.1X RX: version=2 type=3 length=143
10-14 06:50:17.227  1291  1291 D wpa_supplicant: WPA: RX EAPOL-Key - hexdump(len=147): 02 03 00 8f 02 13 82 00 20 00 00 00 00 00 00 00 09 e4 11 79 96 a1 e4 ca dc ae 98 23 ea 4e 68 95 ...
10-14 06:50:17.227  1291  1291 D wpa_supplicant: wlan0:   EAPOL-Key type=2
10-14 06:50:17.227  1291  1291 D wpa_supplicant: wlan0:   key_info 0x1382 (ver=2 keyidx=0 rsvd=0 Group Ack MIC Secure Encr)
10-14 06:50:17.227  1291  1291 D wpa_supplicant: wlan0:   key_length=32 key_data_length=48
10-14 06:50:17.227  1291  1291 D wpa_supplicant:   replay_counter - hexdump(len=8): 00 00 00 00 00 00 00 09
10-14 06:50:17.227  1291  1291 D wpa_supplicant:   key_nonce - hexdump(len=32): e4 11 79 96 a1 e4 ca dc ae 98 23 ea 4e 68 95 1e df b4 8c 82 19 60 4a 0e 3a 1b 01 16 d8 ba 1e 0d
10-14 06:50:17.227  1291  1291 D wpa_supplicant:   key_iv - hexdump(len=16): 00 00 00 00 00 00 00 00 00 00 00 00 00 00 00 00
10-14 06:50:17.227  1291  1291 D wpa_supplicant:   key_rsc - hexdump(len=8): 00 00 00 00 00 00 00 00
10-14 06:50:17.227  1291  1291 D wpa_supplicant:   key_id (reserved) - hexdump(len=8): 00 00 00 00 00 00 00 00
10-14 06:50:17.227  1291  1291 D wpa_supplicant:   key_mic - hexdump(len=16): 97 1c d6 de 7c d7 76 7e ef 0d d8 09 bf 67 a5 a1
10-14 06:50:17.232  1291  1291 D wpa_supplicant: RSN: encrypted key data - hexdump(len=48): b4 e3 72 60 57 21 cb 90 5b 32 e3 6f 78 f9 02 11 dd 4c 23 51 b4 e1 d9 0d 1d 89 06 2e 0b dc 56 17 ...
10-14 06:50:17.232  1291  1291 D wpa_supplicant: WPA: decrypted EAPOL-Key key data - hexdump(len=40): [REMOVED]
10-14 06:50:17.234  1291  1291 D wpa_supp