10-14 06:32:22.468  1178  1339 I chatty  : uid=1000(system) Binder_4 expire 1 line
10-14 06:32:23.622  1178  1208 I chatty  : uid=1000(system) ActivityManager expire 4 lines
10-14 06:33:00.115  1178  2230 I chatty  : uid=1000(system) Binder_E expire 3 lines
10-14 06:33:20.877  1178  1188 I chatty  : uid=1000(system) Binder_1 expire 3 lines
10-14 06:33:20.907  1178  1189 I chatty  : uid=1000(system) Binder_2 expire 1 line
10-14 06:33:20.984  1178  2226 I chatty  : uid=1000(system) Binder_D expire 3 lines
10-14 06:33:21.850  1178  1265 I chatty  : uid=1000(system) WifiStateMachin expire 2 lines
10-14 06:33:55.066  1178  1178 I chatty  : uid=1000 system_server expire 33 lines
10-14 06:33:59.999  1178  1244 I chatty  : uid=1000(system) AlarmManager expire 52 lines
10-14 06:34:00.114  1178  1761 I chatty  : uid=1000(system) Binder_8 expire 7 lines
10-14 06:34:14.998  1178  1339 I chatty  : uid=1000(system) Binder_4 expire 5 lines
10-14 06:34:22.030  1178  1189 I chatty  : uid=1000(system) Binder_2 expire 2 lines
10-14 06:34:22.033  1178  2140 I chatty  : uid=1000(system) Binder_C expire 3 lines
10-14 06:34:22.056  1178  2137 I chatty  : uid=1000(system) Binder_B expire 4 lines
10-14 06:34:22.067  1178  2226 I chatty  : uid=1000(system) Binder_D expire 3 lines
10-14 06:34:23.699  1178  1208 I chatty  : uid=1000(system) ActivityManager expire 3 lines
10-14 06:34:26.165  1178  1612 I chatty  : uid=1000(system) Binder_6 expire 3 lines
10-14 06:34:31.179  1178  1696 I chatty  : uid=1000(system) Binder_7 expire 2 lines
10-14 06:34:35.448  1178  1800 I chatty  : uid=1000(system) Binder_9 expire 4 lines
10-14 06:34:45.336  1178  2240 I chatty  : uid=1000(system) Binder_10 expire 4 lines
10-14 06:35:00.117  1178  2230 I chatty  : uid=1000(system) Binder_E expire 3 lines
10-14 06:35:26.236  1178  2232 I chatty  : uid=1000(system) Binder_F expire 1 line
10-14 06:35:26.329  1178  1845 I chatty  : uid=1000(system) Binder_A expire 1 line
10-14 06:35:35.684  1178  2877 I chatty  : uid=1000(system) NetworkMonitorN expire 1 line
10-14 06:35:35.693  1178  1268 I chatty  : uid=1000(system) ConnectivitySer expire 2 lines
10-14 06:35:38.482  1178  1188 I chatty  : uid=1000(system) Binder_1 expire 1 line
10-14 06:35:38.496  1178  1322 I chatty  : uid=1000(system) Binder_3 expire 1 line
10-14 06:35:38.512  1178  1612 D AlarmManager: setImpl() action = com.android.bluetooth.btservice.action.ALARM_WAKEUP, component = null, type = 2, operation = PendingIntent{5e39c43: PendingIntentRecord{f8adf8d com.android.bluetooth broadcastIntent}} tElapsed=17468318, maxElapsed=17468318, interval=0, when = 1571049346510, triggerTime = 2019-10-14 06:35:46, flags=0x9
10-14 06:35:38.517  1178  2230 D AlarmManager: setImpl() action = com.android.bluetooth.btservice.action.ALARM_WAKEUP, component = null, type = 2, operation = PendingIntent{a5822c0: PendingIntentRecord{f8adf8d com.android.bluetooth broadcastIntent}} tElapsed=18061729, maxElapsed=18061729, interval=0, when = 1571049939921, triggerTime = 2019-10-14 06:45:39, flags=0x9
10-14 06:35:38.522  1178  2226 D AlarmManager: setImpl() action = com.android.bluetooth.btservice.action.ALARM_WAKEUP, component = null, type = 2, operation = PendingIntent{29d7bf9: PendingIntentRecord{f8adf8d com.android.bluetooth broadcastIntent}} tElapsed=17468328, maxElapsed=17468328, interval=0, when = 1571049346520, triggerTime = 2019-10-14 06:35:46, flags=0x9
10-14 06:35:38.526  1178  2140 D AlarmManager: setImpl() action = com.android.bluetooth.btservice.action.ALARM_WAKEUP, component = null, type = 2, operation = PendingIntent{469d73e: PendingIntentRecord{f8adf8d com.android.bluetooth broadcastIntent}} tElapsed=18061728, maxElapsed=18061728, interval=0, when = 1571049939920, triggerTime = 2019-10-14 06:45:39, flags=0x9
10-14 06:35:38.530  1178  1800 D AlarmManager: setImpl() action = com.android.bluetooth.btservice.action.ALARM_WAKEUP, component = null, type = 2, operation = PendingIntent{899b99f: PendingIntentRecord{f8adf8d com.android.bluetooth broadcastIntent}} tElapsed=17468336, maxElapsed=17468336, interval=0, when = 1571049346529, triggerTime = 2019-10-14 06:35:46, flags=0x9
10-14 06:35:38.535  1178  1188 D AlarmManager: setImpl() action = com.android.bluetooth.btservice.action.ALARM_WAKEUP, component = null, type = 2, operation = PendingIntent{ffcaaec: PendingIntentRecord{f8adf8d com.android.bluetooth broadcastIntent}} tElapsed=18061729, maxElapsed=18061729, interval=0, when = 1571049939921, triggerTime = 2019-10-14 06:45:39, flags=0x9
10-14 06:35:38.539  1178  1601 D AlarmManager: setImpl() action = com.android.bluetooth.btservice.action.ALARM_WAKEUP, component = null, type = 2, operation = PendingIntent{930deb5: PendingIntentRecord{f8adf8d com.android.bluetooth broadcastIntent}} tElapsed=17468345, maxElapsed=17468345, interval=0, when = 1571049346537, triggerTime = 2019-10-14 06:35:46, flags=0x9
10-14 06:35:38.543  1178  1761 D AlarmManager: setImpl() action = com.android.bluetooth.btservice.action.ALARM_WAKEUP, component = null, type = 2, operation = PendingIntent{2a8294a: PendingIntentRecord{f8adf8d com.android.bluetooth broadcastIntent}} tElapsed=18061728, maxElapsed=18061728, interval=0, when = 1571049939921, triggerTime = 2019-10-14 06:45:39, flags=0x9
10-14 06:35:42.657  1178  1244 D AlarmManager: waitForAlarm result:4
10-14 06:35:42.657  1178  1244 D AlarmManager: triggerList.size = 1, hasWakeup = true
10-14 06:35:42.658  1178  1244 D AlarmManager: sending alarm.type = 2, action = com.google.android.intent.action.GCM_RECONNECT, cn = null, operation = PendingIntent{83cde89: PendingIntentRecord{211ca14 com.google.android.gms broadcastIntent}}
10-14 06:35:42.658  1178  1244 D BroadcastQueue: Add broadcastBroadcastRecord{76a50bb u0 com.google.android.intent.action.GCM_RECONNECT} into (background/order), now header = BroadcastRecord{76a50bb u0 com.google.android.intent.action.GCM_RECONNECT}, size = 1
10-14 06:35:42.666  1178  1800 V BroadcastQueue: Finished with ordered broadcast BroadcastRecord{76a50bb u0 com.google.android.intent.action.GCM_RECONNECT}, [background], remain = 0
10-14 06:35:43.034  1178  1845 D AlarmManager: setImpl() action = com.android.bluetooth.btservice.action.ALARM_WAKEUP, component = null, type = 2, operation = PendingIntent{87f89d8: PendingIntentRecord{f8adf8d com.android.bluetooth broadcastIntent}} tElapsed=18061734, maxElapsed=18061734, interval=0, when = 1571049939926, triggerTime = 2019-10-14 06:45:39, flags=0x9
10-14 06:35:45.257  1178  1244 D AlarmManager: waitForAlarm result:8
10-14 06:35:45.257  1178  1244 D AlarmManager: triggerList.size = 1, hasWakeup = false
10-14 06:35:45.258  1178  1244 D AlarmManager: sending alarm.type = 3, action = android.content.jobscheduler.JOB_DELAY_EXPIRED, cn = null, operation = PendingIntent{b11687d: PendingIntentRecord{1edc372 android broadcastIntent}}
10-14 06:35:45.258  1178  1244 D BroadcastQueue: Add broadcastBroadcastRecord{f5db131 u0 android.content.jobscheduler.JOB_DELAY_EXPIRED} into (background/order), now header = BroadcastRecord{f5db131 u0 android.content.jobscheduler.JOB_DELAY_EXPIRED}, size = 1
10-14 06:35:45.260  1178  1178 D AlarmManager: setImpl() action = android.content.jobscheduler.JOB_DELAY_EXPIRED, component = null, type = 3, operation = PendingIntent{b11687d: PendingIntentRecord{1edc372 android broadcastIntent}} tElapsed=17495356, maxElapsed=17516573, interval=0, when = 1571049373549, triggerTime = 2019-10-14 06:36:13, flags=0x8
10-14 06:35:45.260  1178  1178 V BroadcastQueue: Finished with ordered broadcast BroadcastRecord{f5db131 u0 android.content.jobscheduler.JOB_DELAY_EXPIRED}, [background], remain = 0
10-14 06:35:45.286  1178  1178 D AlarmManager: setImpl() action = android.content.jobscheduler.JOB_DELAY_EXPIRED, component = null, type = 3, operation = PendingIntent{b11687d: PendingIntentRecord{1edc372 android broadcastIntent}} tElapsed=17495356, maxElapsed=17516553, interval=0, when = 1571049373548, triggerTime = 2019-10-14 06:36:13, flags=0x8
10-14 06:35:45.287  1178  1178 D AlarmManager: setImpl() action = android.content.jobscheduler.JOB_DEADLINE_EXPIRED, component = null, type = 3, operation = PendingIntent{817d440: PendingIntentRecord{e510f79 android broadcastIntent}} tElapsed=18268930, maxElapsed=18870307, interval=0, when = 1571050147123, triggerTime = 2019-10-14 06:49:07, flags=0x8
10-14 06:35:45.289  1178  1178 D AlarmManager: setImpl() action = android.content.jobscheduler.JOB_DELAY_EXPIRED, component = null, type = 3, operation = PendingIntent{b11687d: PendingIntentRecord{1edc372 android broadcastIntent}} tElapsed=17487065, maxElapsed=17502041, interval=0, when = 1571049365257, triggerTime = 2019-10-14 06:36:05, flags=0x8
10-14 06:35:45.290  1178  1178 D AlarmManager: setImpl() action = android.content.jobscheduler.JOB_DEADLINE_EXPIRED, component = null, type = 3, operation = PendingIntent{817d440: PendingIntentRecord{e510f79 android broadcastIntent}} tElapsed=17507065, maxElapsed=17537041, interval=0, when = 1571049385258, triggerTime = 2019-10-14 06:36:25, flags=0x8
10-14 06:35:53.751  1178  1208 D ActivityManager: current mem available is 150420KB
10-14 06:35:59.999  1178  1244 D AlarmManager: waitForAlarm result:8
10-14 06:35:59.999  1178  1244 D AlarmManager: triggerList.size = 1, hasWakeup = false
10-14 06:36:00.000  1178  1244 D AlarmManager: sending alarm.type = 3, action = android.intent.action.TIME_TICK, cn = null, operation = PendingIntent{6ca61ee: PendingIntentRecord{a16668f android broadcastIntent}}
10-14 06:36:00.000  1178  1244 D BroadcastQueue: Add broadcastBroadcastRecord{97df25 u-1 android.intent.action.TIME_TICK} into (foreground/order), now header = BroadcastRecord{97df25 u-1 android.intent.action.TIME_TICK}, size = 1
10-14 06:36:00.006  1178  1178 D AlarmManager: setImpl() action = android.intent.action.TIME_TICK, component = null, type = 3, operation = PendingIntent{6ca61ee: PendingIntentRecord{a16668f android broadcastIntent}} tElapsed=17541807, maxElapsed=17541807, interval=0, when = 1571049420000, triggerTime = 2019-10-14 06:37:00, flags=0x1
10-14 06:36:00.144  1178  2226 V BroadcastQueue: Finished with ordered broadcast BroadcastRecord{97df25 u-1 android.intent.action.TIME_TICK}, [foreground], remain = 0
10-14 06:36:05.257  1178  1244 D AlarmManager: waitForAlarm result:8
10-14 06:36:05.257  1178  1244 D AlarmManager: triggerList.size = 1, hasWakeup = false
10-14 06:36:05.258  1178  1244 D AlarmManager: sending alarm.type = 3, action = android.content.jobscheduler.JOB_DELAY_EXPIRED, cn = null, operation = PendingIntent{b11687d: PendingIntentRecord{1edc372 android broadcastIntent}}
10-14 06:36:05.258  1178  1244 D BroadcastQueue: Add broadcastBroadcastRecord{24578fa u0 android.content.jobscheduler.JOB_DELAY_EXPIRED} into (background/order), now header = BroadcastRecord{24578fa u0 android.content.jobscheduler.JOB_DELAY_EXPIRED}, size = 1
10-14 06:36:05.260  1178  1178 D AlarmManager: setImpl() action = android.content.jobscheduler.JOB_DELAY_EXPIRED, component = null, type = 3, operation = PendingIntent{b11687d: PendingIntentRecord{1edc372 android broadcastIntent}} tElapsed=17495356, maxElapsed=17495356, interval=0, when = 1571049373548, triggerTime = 2019-10-14 06:36:13, flags=0x8
10-14 06:36:05.260  1178  1178 V BroadcastQueue: Finished with ordered broadcast BroadcastRecord{24578fa u0 android.content.jobscheduler.JOB_DELAY_EXPIRED}, [background], remain = 0
10-14 06:36:05.285  1178  1178 D AlarmManager: setImpl() action = android.content.jobscheduler.JOB_DELAY_EXPIRED, component = null, type = 3, operation = PendingIntent{b11687d: PendingIntentRecord{1edc372 android broadcastIntent}} tElapsed=17495356, maxElapsed=17495356, interval=0, when = 1571049373549, triggerTime = 2019-10-14 06:36:13, flags=0x8
10-14 06:36:05.287  1178  1178 D AlarmManager: setImpl() action = android.content.jobscheduler.JOB_DEADLINE_EXPIRED, component = null, type = 3, operation = PendingIntent{817d440: PendingIntentRecord{e510f79 android broadcastIntent}} tElapsed=18268930, maxElapsed=18855307, interval=0, when = 1571050147122, triggerTime = 2019-10-14 06:49:07, flags=0x8
10-14 06:36:05.288  1178  1178 D AlarmManager: setImpl() action = android.content.jobscheduler.JOB_DEADLINE_EXPIRED, component = null, type = 3, operation = PendingIntent{817d440: PendingIntentRecord{e510f79 android broadcastIntent}} tElapsed=17527065, maxElapsed=17557042, interval=0, when = 1571049405258, triggerTime = 2019-10-14 06:36:45, flags=0x8
10-14 06:36:11.330  1178  1207 I UsageStatsService: User[0] Flushing usage stats to disk
10-14 06:36:13.548  1178  1244 D AlarmManager: waitForAlarm result:8
10-14 06:36:13.548  1178  1244 D AlarmManager: triggerList.size = 1, hasWakeup = false
10-14 06:36:13.549  1178  1244 D AlarmManager: sending alarm.type = 3, action = android.content.jobscheduler.JOB_DELAY_EXPIRED, cn = null, operation = PendingIntent{b11687d: PendingIntentRecord{1edc372 android broadcastIntent}}
10-14 06:36:13.549  1178  1244 D BroadcastQueue: Add broadcastBroadcastRecord{975cc9e u0 android.content.jobscheduler.JOB_DELAY_EXPIRED} into (background/order), now header = BroadcastRecord{975cc9e u0 android.content.jobscheduler.JOB_DELAY_EXPIRED}, size = 1
10-14 06:36:13.552  1178  1178 D AlarmManager: setImpl() action = android.content.jobscheduler.JOB_DELAY_EXPIRED, component = null, type = 3, operation = PendingIntent{b11687d: PendingIntentRecord{1edc372 android broadcastIntent}} tElapsed=17507065, maxElapsed=17515845, interval=0, when = 1571049385257, triggerTime = 2019-10-14 06:36:25, flags=0x8
10-14 06:36:13.553  1178  1178 V BroadcastQueue: Finished with ordered broadcast BroadcastRecord{975cc9e u0 android.content.jobscheduler.JOB_DELAY_EXPIRED}, [background], remain = 0
10-14 06:36:13.560  1178  1178 V BackupManagerService: Scheduling immediate backup pass
10-14 06:36:13.561  1178  1178 D AlarmManager: setImpl() action = android.content.jobscheduler.JOB_DELAY_EXPIRED, component = null, type = 3, operation = PendingIntent{b11687d: PendingIntentRecord{1edc372 android broadcastIntent}} tElapsed=17507065, maxElapsed=17515837, interval=0, when = 1571049385257, triggerTime = 2019-10-14 06:36:25, flags=0x8
10-14 06:36:13.563  1178  1178 D AlarmManager: setImpl() action = android.content.jobscheduler.JOB_DEADLINE_EXPIRED, component = null, type = 3, operation = PendingIntent{817d440: PendingIntentRecord{e510f79 android broadcastIntent}} tElapsed=17527065, maxElapsed=17550836, interval=0, when = 1571049405258, triggerTime = 2019-10-14 06:36:45, flags=0x8
10-14 06:36:13.579  1178  1178 V BackupManagerService: Running a backup pass
10-14 06:36:13.580  1178  1288 V BackupManagerService: clearing pending backups
10-14 06:36:13.593  1178  1288 V PerformBackupTask: Beginning backup of 18 targets
10-14 06:36:13.646  1178  1288 D PerformBackupTask: invokeAgentForBackup on @pm@
10-14 06:36:13.666  1178  1288 I BackupRestoreController: Getting widget state for user: 0
10-14 06:36:23.215  1178  1696 D ConnectivityService: reportNetworkConnectivity(101, false) by 10035
10-14 06:36:23.219  1178  2240 D AlarmManager: setImpl() action = com.google.android.intent.action.GCM_RECONNECT, component = null, type = 2, operation = PendingIntent{8e17ebd: PendingIntentRecord{211ca14 com.google.android.gms broadcastIntent}} tElapsed=17519985, maxElapsed=17519985, interval=0, when = 1571049398177, triggerTime = 2019-10-14 06:36:38, flags=0x5
10-14 06:36:23.306  1178  2877 D BroadcastQueue: Add broadcastBroadcastRecord{fcebcb2 u0 android.net.conn.NETWORK_CONDITIONS_MEASURED} into (background/order), now header = BroadcastRecord{fcebcb2 u0 android.net.conn.NETWORK_CONDITIONS_MEASURED}, size = 1
10-14 06:36:23.313  1178  1268 D ConnectivityService: setProvNotificationVisibleIntent null visible=false networkType=MOBILE extraInfo=null highPriority=false
10-14 06:36:23.316  1178  1268 D ConnectivityService: NetworkAgentInfo [WIFI () - 101] validation  passed
10-14 06:36:23.333  1178  2232 V BroadcastQueue: Finished with ordered broadcast BroadcastRecord{fcebcb2 u0 android.net.conn.NETWORK_CONDITIONS_MEASURED}, [background], remain = 0
10-14 06:36:23.765  1178  1208 D ActivityManager: current mem available is 146664KB
10-14 06:36:25.257  1178  1244 D AlarmManager: waitForAlarm result:8
10-14 06:36:25.257  1178  1244 D AlarmManager: triggerList.size = 1, hasWakeup = false
10-14 06:36:25.258  1178  1244 D AlarmManager: sending alarm.type = 3, action = android.content.jobscheduler.JOB_DELAY_EXPIRED, cn = null, operation = PendingIntent{b11687d: PendingIntentRecord{1edc372 android broadcastIntent}}
10-14 06:36:25.258  1178  1244 D BroadcastQueue: Add broadcastBroadcastRecord{9ac49b9 u0 android.content.jobscheduler.JOB_DELAY_EXPIRED} into (background/order), now header = BroadcastRecord{9ac49b9 u0 android.content.jobscheduler.JOB_DELAY_EXPIRED}, size = 1
10-14 06:36:25.260  1178  1178 D AlarmManager: setImpl() action = android.content.jobscheduler.JOB_DELAY_EXPIRED, component = null, type = 3, operation = PendingIntent{b11687d: PendingIntentRecord{1edc372 android broadcastIntent}} tElapsed=17968930, maxElapsed=18315328, interval=0, when = 1571049847122, triggerTime = 2019-10-14 06:44:07, flags=0x8
10-14 06:36:25.260  1178  1178 V BroadcastQueue: Finished with ordered broadcast BroadcastRecord{9ac49b9 u0 android.content.jobscheduler.JOB_DELAY_EXPIRED}, [background], remain = 0
10-14 06:36:33.869  1178  1288 V KeyValueBackupJob: Scheduling k/v pass in 17 minutes
10-14 06:36:33.938  1178  1288 I BackupManagerService: Backup pass finished.
10-14 06:36:38.177  1178  1244 D AlarmManager: waitForAlarm result:4
10-14 06:36:38.178  1178  1244 D AlarmManager: triggerList.size = 1, hasWakeup = true
10-14 06:36:38.178  1178  1244 D AlarmManager: sending alarm.type = 2, action = com.google.android.intent.action.GCM_RECONNECT, cn = null, operation = PendingIntent{8e17ebd: PendingIntentRecord{211ca14 com.google.android.gms broadcastIntent}}
10-14 06:36:38.178  1178  1244 D BroadcastQueue: Add broadcastBroadcastRecord{8f19d5f u0 com.google.android.intent.action.GCM_RECONNECT} into (background/order), now header = BroadcastRecord{8f19d5f u0 com.google.android.intent.action.GCM_RECONNECT}, size = 1
10-14 06:36:38.196  1178  1612 V BroadcastQueue: Finished with ordered broadcast BroadcastRecord{8f19d5f u0 com.google.android.intent.action.GCM_RECONNECT}, [background], remain = 0
10-14 06:36:45.257  1178  1244 D AlarmManager: waitForAlarm result:4
10-14 06:36:45.258  1178  1244 D AlarmManager: triggerList.size = 3, hasWakeup = true
10-14 06:36:45.258  1178  1244 D AlarmManager: sending alarm.type = 2, action = com.google.android.location.ALARM_WAKEUP_LOCATOR, cn = null, operation = PendingIntent{614d5c1: PendingIntentRecord{6e7b996 com.google.android.gms broadcastIntent}}
10-14 06:36:45.258  1178  1244 D BroadcastQueue: Add broadcastBroadcastRecord{34d23ac u0 com.google.android.location.ALARM_WAKEUP_LOCATOR} into (background/order), now header = BroadcastRecord{34d23ac u0 com.google.android.location.ALARM_WAKEUP_LOCATOR}, size = 1
10-14 06:36:45.261  1178  1244 D AlarmManager: sending alarm.type = 2, action = com.google.android.location.ALARM_WAKEUP_ACTIVITY_DETECTION, cn = null, operation = PendingIntent{4460166: PendingIntentRecord{33b5be8 com.google.android.gms broadcastIntent}}
10-14 06:36:45.261  1178  1244 D BroadcastQueue: Add broadcastBroadcastRecord{bbec875 u0 com.google.android.location.ALARM_WAKEUP_ACTIVITY_DETECTION} into (background/order), now header = BroadcastRecord{34d23ac u0 com.google.android.location.ALARM_WAKEUP_LOCATOR}, size = 2
10-14 06:36:45.262  1178  1244 D AlarmManager: sending alarm.type = 3, action = android.content.jobscheduler.JOB_DEADLINE_EXPIRED, cn = null, operation = PendingIntent{817d440: PendingIntentRecord{e510f79 android broadcastIntent}}
10-14 06:36:45.262  1178  1244 D BroadcastQueue: Add broadcastBroadcastRecord{cd300a u0 android.content.jobscheduler.JOB_DEADLINE_EXPIRED} into (background/order), now header = BroadcastRecord{34d23ac u0 com.google.android.location.ALARM_WAKEUP_LOCATOR}, size = 3
10-14 06:36:45.287  1178  2240 D WifiService: acquireWifiLockLocked: WifiLock{NlpWifiLock type=2 binder=android.os.BinderProxy@dbcb07b}
10-14 06:36:45.288  1178  1339 D AlarmManager: setImpl() action = com.google.android.location.ALARM_WAKEUP_LOCATOR, component = null, type = 2, operation = PendingIntent{13ece98: PendingIntentRecord{6e7b996 com.google.android.gms broadcastIntent}} tElapsed=17532096, maxElapsed=17532096, interval=0, when = 1571049410287, triggerTime = 2019-10-14 06:36:50, flags=0x1
10-14 06:36:45.291  1178  1761 V BroadcastQueue: Finished with ordered broadcast BroadcastRecord{34d23ac u0 com.google.android.location.ALARM_WAKEUP_LOCATOR}, [background], remain = 2
10-14 06:36:45.315  1178  2240 D AlarmManager: setImpl() action = com.google.android.location.ALARM_WAKEUP_LOCATOR, component = null, type = 2, operation = PendingIntent{c4076f1: PendingIntentRecord{6e7b996 com.google.android.gms broadcastIntent}} tElapsed=17587095, maxElapsed=17594595, interval=0, when = 1571049465287, triggerTime = 2019-10-14 06:37:45, flags=0x0
10-14 06:36:45.320  1178  1339 D WifiService: releaseWifiLockLocked: WifiLock{NlpWifiLock type=2 binder=android.os.BinderProxy@dbcb07b}
10-14 06:36:45.328  1178  1845 V BroadcastQueue: Finished with ordered broadcast BroadcastRecord{bbec875 u0 com.google.android.location.ALARM_WAKEUP_ACTIVITY_DETECTION}, [background], remain = 1
10-14 06:36:45.329  1178  1178 D AlarmManager: setImpl() action = android.content.jobscheduler.JOB_DEADLINE_EXPIRED, component = null, type = 3, operation = PendingIntent{817d440: PendingIntentRecord{e510f79 android broadcastIntent}} tElapsed=18268930, maxElapsed=18825275, interval=0, when = 1571050147122, triggerTime = 2019-10-14 06:49:07, flags=0x8
10-14 06:36:45.329  1178  1178 V BroadcastQueue: Finished with ordered broadcast BroadcastRecord{cd300a u0 android.content.jobscheduler.JOB_DEADLINE_EXPIRED}, [background], remain = 0
10-14 06:36:45.342  1178  1178 D AlarmManager: setImpl() action = android.content.jobscheduler.JOB_DELAY_EXPIRED, component = null, type = 3, operation = PendingIntent{b11687d: PendingIntentRecord{1edc372 android broadcastIntent}} tElapsed=17532150, maxElapsed=17532150, interval=0, when = 1571049405342, triggerTime = 2019-10-14 06:36:45, flags=0x8
10-14 06:36:45.344  1178  1178 D AlarmManager: setImpl() action = android.content.jobscheduler.JOB_DEADLINE_EXPIRED, component = null, type = 3, operation = PendingIntent{817d440: PendingIntentRecord{e510f79 android broadcastIntent}} tElapsed=17547149, maxElapsed=17562147, interval=0, when = 1571049425342, triggerTime = 2019-10-14 06:37:05, flags=0x8
10-14 06:36:45.346  1178  1244 D AlarmManager: waitForAlarm result:8
10-14 06:36:45.346  1178  1244 D AlarmManager: triggerList.size = 1, hasWakeup = false
10-14 06:36:45.346  1178  1244 D AlarmManager: sending alarm.type = 3, action = android.content.jobscheduler.JOB_DELAY_EXPIRED, cn = null, operation = PendingIntent{b11687d: PendingIntentRecord{1edc372 android broadcastIntent}}
10-14 06:36:45.346  1178  1244 D BroadcastQueue: Add broadcastBroadcastRecord{f5ab3f3 u0 android.content.jobscheduler.JOB_DELAY_EXPIRED} into (background/order), now header = BroadcastRecord{f5ab3f3 u0 android.content.jobscheduler.JOB_DELAY_EXPIRED}, size = 1
10-14 06:36:45.347  1178  1178 D AlarmManager: setImpl() action = android.content.jobscheduler.JOB_DELAY_EXPIRED, component = null, type = 3, operation = PendingIntent{b11687d: PendingIntentRecord{1edc372 android broadcastIntent}} tElapsed=17968930, maxElapsed=18300262, interval=0, when = 1571049847123, triggerTime = 2019-10-14 06:44:07, flags=0x8
10-14 06:36:45.348  1178  1178 V BroadcastQueue: Finished with ordered broadcast BroadcastRecord{f5ab3f3 u0 android.content.jobscheduler.JOB_DELAY_EXPIRED}, [background], remain = 0
10-14 06:36:45.369  1178  1178 D AlarmManager: setImpl() action = android.content.jobscheduler.JOB_DELAY_EXPIRED, component = null, type = 3, operation = PendingIntent{b11687d: PendingIntentRecord{1edc372 android broadcastIntent}} tElapsed=17968930, maxElapsed=18300245, interval=0, when = 1571049847122, triggerTime = 2019-10-14 06:44:07, flags=0x8
10-14 06:36:45.370  1178  1178 D AlarmManager: setImpl() action = android.content.jobscheduler.JOB_DEADLINE_EXPIRED, component = null, type = 3, operation = PendingIntent{817d440: PendingIntentRecord{e510f79 android broadcastIntent}} tElapsed=18268930, maxElapsed=18825244, interval=0, when = 1571050147122, triggerTime = 2019-10-14 06:49:07, flags=0x8
10-14 06:36:45.372  1178  1178 D AlarmManager: setImpl() action = android.content.jobscheduler.JOB_DELAY_EXPIRED, component = null, type = 3, operation = PendingIntent{b11687d: PendingIntentRecord{1edc372 android broadcastIntent}} tElapsed=17547149, maxElapsed=17562126, interval=0, when = 1571049425341, triggerTime = 2019-10-14 06:37:05, flags=0x8
10-14 06:36:45.373  1178  1178 D AlarmManager: setImpl() action = android.content.jobscheduler.JOB_DEADLINE_EXPIRED, component = null, type = 3, operation = PendingIntent{817d440: PendingIntentRecord{e510f79 android broadcastIntent}} tElapsed=17567149, maxElapsed=17597125, interval=0, when = 1571049445342, triggerTime = 2019-10-14 06:37:25, flags=0x8
10-14 06:36:45.914  1178  1845 D AlarmManager: setImpl() action = com.google.android.location.ALARM_WAKEUP_ACTIVITY_DETECTION, component = null, type = 2, operation = PendingIntent{d2fc647: PendingIntentRecord{33b5be8 com.google.android.gms broadcastIntent}} tElapsed=17765820, maxElapsed=17845820, interval=0, when = 1571049644013, triggerTime = 2019-10-14 06:40:44, flags=0x0
10-14 06:36:51.557  1178  1265 D BroadcastQueue: Add broadcastBroadcastRecord{dab3e74 u-1 android.net.wifi.SCAN_RESULTS} into (background/order), now header = BroadcastRecord{dab3e74 u-1 android.net.wifi.SCAN_RESULTS}, size = 1
10-14 06:36:51.562  1178  1761 V BroadcastQueue: Finished with ordered broadcast BroadcastRecord{dab3e74 u-1 android.net.wifi.SCAN_RESULTS}, [background], remain = 0
10-14 06:36:51.588  1178  1188 D BroadcastQueue: Add broadcastBroadcastRecord{a91f9d u0 com.google.android.location.reporting.ACTION_WIFI_SCAN_RESULTS} into (background/order), now header = BroadcastRecord{a91f9d u0 com.google.android.location.reporting.ACTION_WIFI_SCAN_RESULTS}, size = 1
10-14 06:36:51.591  1178  1696 V BroadcastQueue: Finished with ordered broadcast BroadcastRecord{a91f9d u0 com.google.android.location.reporting.ACTION_WIFI_SCAN_RESULTS}, [background], remain = 0
10-14 06:36:51.668  1178  1339 D BroadcastQueue: Add broadcastBroadcastRecord{127c12 u0 com.google.android.gms.location.quake.ACTION_PASSIVE} into (background/order), now header = BroadcastRecord{127c12 u0 com.google.android.gms.location.quake.ACTION_PASSIVE}, size = 1
10-14 06:36:51.676  1178  2137 V BroadcastQueue: Finished with ordered broadcast BroadcastRecord{127c12 u0 com.google.android.gms.location.quake.ACTION_PASSIVE}, [background], remain = 0
10-14 06:36:51.686  1178  2230 D AlarmManager: setImpl() action = com.google.android.location.fused.LOCATION_STATUS_ALARM_ACTION_ALARM_145, component = null, type = 3, operation = PendingIntent{798475e: PendingIntentRecord{249373f com.google.android.gms broadcastIntent}} tElapsed=17624239, maxElapsed=17624239, interval=0, when = 1571049502432, triggerTime = 2019-10-14 06:38:22, flags=0x1
10-14 06:36:53.780  1178  1208 D ActivityManager: current mem available is 146220KB
10-14 06:36:59.150  1178  2137 I ActivityManager: Killing 5651:com.android.vending/u0a72 (adj 15): empty for 1801s
10-14 06:36:59.245  1178  1322 D ConnectivityService: ConnectivityService NetworkRequestInfo binderDied(NetworkRequest [ id=26, legacyType=-1, [ Capabilities: INTERNET&NOT_RESTRICTED&TRUSTED] ], android.os.BinderProxy@2fda555)
10-14 06:36:59.245  1178  1268 D ConnectivityService: releasing NetworkRequest NetworkRequest [ id=26, legacyType=-1, [ Capabilities: INTERNET&NOT_RESTRICTED&TRUSTED] ]
10-14 06:36:59.248  1178  2230 D ActivityManager: cleanUpApplicationRecord -- 5651
10-14 06:36:59.262  1178  1268 E ConnectivityService: RemoteException caught trying to send a callback msg for NetworkRequest [ id=26, legacyType=-1, [ Capabilities: INTERNET&NOT_RESTRICTED&TRUSTED] ]
10-14 06:36:59.313  1178  2230 D AlarmManager: setImpl() action = com.google.android.intent.action.MCS_HEARTBEAT, component = null, type = 2, operation = PendingIntent{44578f8: PendingIntentRecord{f6fab39 com.google.android.gms broadcastIntent}} tElapsed=18091120, maxElapsed=18091120, interval=0, when = 1571049969313, triggerTime = 2019-10-14 06:46:09, flags=0x5
10-14 06:36:59.328  1178  2137 D AlarmManager: setImpl() action = com.google.android.intent.action.MCS_HEARTBEAT, component = null, type = 2, operation = PendingIntent{44041d1: PendingIntentRecord{f6fab39 com.google.android.gms broadcastIntent}} tElapsed=18091135, maxElapsed=18091135, interval=0, when = 1571049969327, triggerTime = 2019-10-14 06:46:09, flags=0x5
10-14 06:36:59.337  1178  1601 D AlarmManager: setImpl() action = com.google.android.gms.gcm.ACTION_CHECK_QUEUE, component = ComponentInfo{com.google.android.gms/com.google.android.gms.gcm.nts.SchedulerInternalReceiver}, type = 2, operation = PendingIntent{c0fe436: PendingIntentRecord{f201bcd com.google.android.gms broadcastIntent}} tElapsed=18177373, maxElapsed=18654544, interval=0, when = 1571050055565, triggerTime = 2019-10-14 06:47:35, flags=0x0
10-14 06:36:59.779  1178  1189 I ActivityManager: Start proc 6411:com.android.vending/u0a72 for service com.android.vending/com.google.android.finsky.zapp.PlayModuleService
10-14 06:36:59.912  1178  2240 D BroadcastQueue: Add broadcastBroadcastRecord{5b3be4b u0 com.google.android.gms.gcm.ACTION_SCHEDULE} into (background/order), now header = BroadcastRecord{5b3be4b u0 com.google.android.gms.gcm.ACTION_SCHEDULE}, size = 1
10-14 06:36:59.918  1178  1189 D BroadcastQueue: Add broadcastBroadcastRecord{a851028 u0 com.google.android.gms.gcm.ACTION_SCHEDULE} into (background/order), now header = BroadcastRecord{5b3be4b u0 com.google.android.gms.gcm.ACTION_SCHEDULE}, size = 2
10-14 06:36:59.919  1178  2140 V BroadcastQueue: Finished with ordered broadcast BroadcastRecord{5b3be4b u0 com.google.android.gms.gcm.ACTION_SCHEDULE}, [background], remain = 1
10-14 06:36:59.926  1178  1800 V BroadcastQueue: Finished with ordered broadcast BroadcastRecord{a851028 u0 com.google.android.gms.gcm.ACTION_SCHEDULE}, [background], remain = 0
10-14 06:36:59.999  1178  1244 D AlarmManager: waitForAlarm result:8
10-14 06:36:59.999  1178  1244 D AlarmManager: triggerList.size = 1, hasWakeup = false
10-14 06:37:00.000  1178  1244 D AlarmManager: sending alarm.type = 3, action = android.intent.action.TIME_TICK, cn = null, operation = PendingIntent{6ca61ee: PendingIntentRecord{a16668f android broadcastIntent}}
10-14 06:37:00.000  1178  1244 D BroadcastQueue: Add broadcastBroadcastRecord{c844141 u-1 android.intent.action.TIME_TICK} into (foreground/order), now header = BroadcastRecord{c844141 u-1 android.intent.action.TIME_TICK}, size = 1
10-14 06:37:00.001  1178  1178 D AlarmManager: setImpl() action = android.intent.action.TIME_TICK, component = null, type = 3, operation = PendingIntent{6ca61ee: PendingIntentRecord{a16668f android broadcastIntent}} tElapsed=17601807, maxElapsed=17601807, interval=0, when = 1571049480000, triggerTime = 2019-10-14 06:38:00, flags=0x1
10-14 06:37:00.013  1178  1800 D AlarmManager: setImpl() action = com.google.android.gms.gcm.ACTION_CHECK_QUEUE, component = ComponentInfo{com.google.android.gms/com.google.android.gms.gcm.nts.SchedulerInternalReceiver}, type = 2, operation = PendingIntent{977c6e6: PendingIntentRecord{f201bcd com.google.android.gms broadcastIntent}} tElapsed=18177373, maxElapsed=18654037, interval=0, when = 1571050055565, triggerTime = 2019-10-14 06:47:35, flags=0x0
10-14 06:37:00.124  1178  1322 V BroadcastQueue: Finished with ordered broadcast BroadcastRecord{c844141 u-1 android.intent.action.TIME_TICK}, [foreground], remain = 0
10-14 06:37:00.336  1178  2137 D BroadcastQueue: Add broadcastBroadcastRecord{27df427 u0 com.google.android.gms.gcm.ACTION_SCHEDULE} into (background/order), now header = BroadcastRecord{27df427 u0 com.google.android.gms.gcm.ACTION_SCHEDULE}, size = 1
10-14 06:37:00.343  1178  1612 D BroadcastQueue: Add broadcastBroadcastRecord{d2f06d4 u0 com.google.android.gms.gcm.ACTION_SCHEDULE} into (background/order), now header = BroadcastRecord{27df427 u0 com.google.android.gms.gcm.ACTION_SCHEDULE}, size = 2
10-14 06:37:00.344  1178  2230 V BroadcastQueue: Finished with ordered broadcast BroadcastRecord{27df427 u0 com.google.android.gms.gcm.ACTION_SCHEDULE}, [background], remain = 1
10-14 06:37:00.350  1178  2140 V BroadcastQueue: Finished with ordered broadcast BroadcastRecord{d2f06d4 u0 com.google.android.gms.gcm.ACTION_SCHEDULE}, [background], remain = 0
10-14 06:37:00.459  1178  2230 D AlarmManager: setImpl() action = com.google.android.gms.gcm.ACTION_CHECK_QUEUE, component = ComponentInfo{com.google.android.gms/com.google.android.gms.gcm.nts.SchedulerInternalReceiver}, type = 2, operation = PendingIntent{bdfbc40: PendingIntentRecord{f201bcd com.google.android.gms broadcastIntent}} tElapsed=18177373, maxElapsed=18653702, interval=0, when = 1571050055565, triggerTime = 2019-10-14 06:47:35, flags=0x0
10-14 06:37:00.590  1178  1322 D ConnectivityService: listenForNetwork for Listen from uid/pid:10072/6411 for NetworkRequest [ id=27, legacyType=-1, [ Capabilities: INTERNET&NOT_RESTRICTED&TRUSTED] ]
10-14 06:37:00.591  1178  1268 D ConnectivityService: rematching NetworkAgentInfo [WIFI () - 101]
10-14 06:37:00.643  1178  2232 D BroadcastQueue: Add broadcastBroadcastRecord{37ab570 u0 com.google.android.finsky.action.UPDATE_SETTINGS_ACTION} into (background/order), now header = BroadcastRecord{37ab570 u0 com.google.android.finsky.action.UPDATE_SETTINGS_ACTION}, size = 1
10-14 06:37:00.658  1178  1761 D BroadcastQueue: Add broadcastBroadcastRecord{32790e9 u0 com.google.android.gms.gcm.ACTION_SCHEDULE} into (background/order), now header = BroadcastRecord{37ab570 u0 com.google.android.finsky.action.UPDATE_SETTINGS_ACTION}, size = 2
10-14 06:37:00.665  1178  1696 D BroadcastQueue: Add broadcastBroadcastRecord{335e16e u0 com.google.android.gms.gcm.ACTION_SCHEDULE} into (background/order), now header = BroadcastRecord{37ab570 u0 com.google.android.finsky.action.UPDATE_SETTINGS_ACTION}, size = 3
10-14 06:37:00.843  1178  1612 V BroadcastQueue: Finished with ordered broadcast BroadcastRecord{37ab570 u0 com.google.android.finsky.action.UPDATE_SETTINGS_ACTION}, [background], remain = 2
10-14 06:37:00.849  1178  1761 V BroadcastQueue: Finished with ordered broadcast BroadcastRecord{32790e9 u0 com.google.android.gms.gcm.ACTION_SCHEDULE}, [background], remain = 1
10-14 06:37:00.865  1178  2240 V BroadcastQueue: Finished with ordered broadcast BroadcastRecord{335e16e u0 com.google.android.gms.gcm.ACTION_SCHEDULE}, [background], remain = 0
10-14 06:37:01.011  1178  2232 D BroadcastQueue: Add broadcastBroadcastRecord{c977421 u0 com.google.android.gms.gcm.ACTION_SCHEDULE} into (background/order), now header = BroadcastRecord{c977421 u0 com.google.android.gms.gcm.ACTION_SCHEDULE}, size = 1
10-14 06:37:01.016  1178  1339 D AlarmManager: setImpl() action = com.google.android.gms.gcm.ACTION_CHECK_QUEUE, component = ComponentInfo{com.google.android.gms/com.google.android.gms.gcm.nts.SchedulerInternalReceiver}, type = 2, operation = PendingIntent{464b046: PendingIntentRecord{f201bcd com.google.android.gms broadcastIntent}} tElapsed=18177373, maxElapsed=18653285, interval=0, when = 1571050055565, triggerTime = 2019-10-14 06:47:35, flags=0x0
10-14 06:37:01.020  1178  2240 D BroadcastQueue: Add broadcastBroadcastRecord{8b89207 u0 com.google.android.gms.gcm.ACTION_SCHEDULE} into (background/order), now header = BroadcastRecord{c977421 u0 com.google.android.gms.gcm.ACTION_SCHEDULE}, size = 2
10-14 06:37:01.021  1178  1189 V BroadcastQueue: Finished with ordered broadcast BroadcastRecord{c977421 u0 com.google.android.gms.gcm.ACTION_SCHEDULE}, [background], remain = 1
10-14 06:37:01.027  1178  1612 V BroadcastQueue: Finished with ordered broadcast BroadcastRecord{8b89207 u0 com.google.android.gms.gcm.ACTION_SCHEDULE}, [background], remain = 0
10-14 06:37:01.256  1178  1339 D AlarmManager: setImpl() action = com.google.android.gms.gcm.ACTION_CHECK_QUEUE, component = ComponentInfo{com.google.android.gms/com.google.android.gms.gcm.nts.SchedulerInternalReceiver}, type = 2, operation = PendingIntent{94247a3: PendingIntentRecord{f201bcd com.google.android.gms broadcastIntent}} tElapsed=18177373, maxElapsed=18653105, interval=0, when = 1571050055566, triggerTime = 2019-10-14 06:47:35, flags=0x0
10-14 06:37:01.318  1178  1845 D BroadcastQueue: Add broadcastBroadcastRecord{e1e5aa0 u0 com.google.android.gms.gcm.ACTION_SCHEDULE} into (background/order), now header = BroadcastRecord{e1e5aa0 u0 com.google.android.gms.gcm.ACTION_SCHEDULE}, size = 1
10-14 06:37:01.325  1178  1188 D BroadcastQueue: Add broadcastBroadcastRecord{a498659 u0 com.google.android.gms.gcm.ACTION_SCHEDULE} into (background/order), now header = BroadcastRecord{e1e5aa0 u0 com.google.android.gms.gcm.ACTION_SCHEDULE}, size = 2
10-14 06:37:01.326  1178  2240 V BroadcastQueue: Finished with ordered broadcast BroadcastRecord{e1e5aa0 u0 com.google.android.gms.gcm.ACTION_SCHEDULE}, [background], remain = 1
10-14 06:37:01.333  1178  1612 V BroadcastQueue: Finished with ordered broadcast BroadcastRecord{a498659 u0 com.google.android.gms.gcm.ACTION_SCHEDULE}, [background], remain = 0
10-14 06:37:01.354  1178  2240 D AlarmManager: setImpl() action = android.content.jobscheduler.JOB_DELAY_EXPIRED, component = null, type = 3, operation = PendingIntent{b11687d: PendingIntentRecord{1edc372 android broadcastIntent}} tElapsed=17548161, maxElapsed=17548161, interval=0, when = 1571049425342, triggerTime = 2019-10-14 06:37:05, flags=0x8
10-14 06:37:01.356  1178  2240 D AlarmManager: setImpl() action = android.content.jobscheduler.JOB_DEADLINE_EXPIRED, component = null, type = 3, operation = PendingIntent{817d440: PendingIntentRecord{e510f79 android broadcastIntent}} tElapsed=17567149, maxElapsed=17585138, interval=0, when = 1571049445342, triggerTime = 2019-10-14 06:37:25, flags=0x8
10-14 06:37:01.359  1178  1189 D AlarmManager: setImpl() action = android.content.jobscheduler.JOB_DELAY_EXPIRED, component = null, type = 3, operation = PendingIntent{b11687d: PendingIntentRecord{1edc372 android broadcastIntent}} tElapsed=17548166, maxElapsed=17548166, interval=0, when = 1571049425342, triggerTime = 2019-10-14 06:37:05, flags=0x8
10-14 06:37:01.361  1178  1189 D AlarmManager: setImpl() action = android.content.jobscheduler.JOB_DEADLINE_EXPIRED, component = null, type = 3, operation = PendingIntent{817d440: PendingIntentRecord{e510f79 android broadcastIntent}} tElapsed=17567149, maxElapsed=17585134, interval=0, when = 1571049445342, triggerTime = 2019-10-14 06:37:25, flags=0x8
10-14 06:37:01.364  1178  2140 D AlarmManager: setImpl() action = android.content.jobscheduler.JOB_DELAY_EXPIRED, component = null, type = 3, operation = PendingIntent{b11687d: PendingIntentRecord{1edc372 android broadcastIntent}} tElapsed=17548171, maxElapsed=17548171, interval=0, when = 1571049425341, triggerTime = 2019-10-14 06:37:05, flags=0x8
10-14 06:37:01.366  1178  2140 D AlarmManager: setImpl() action = android.content.jobscheduler.JOB_DEADLINE_EXPIRED, component = null, type = 3, operation = PendingIntent{817d440: PendingIntentRecord{e510f79 android broadcastIntent}} tElapsed=17567149, maxElapsed=17585131, interval=0, when = 1571049445341, triggerTime = 2019-10-14 06:37:25, flags=0x8
10-14 06:37:01.370  1178  1612 D AlarmManager: setImpl() action = android.content.jobscheduler.JOB_DELAY_EXPIRED, component = null, type = 3, operation = PendingIntent{b11687d: PendingIntentRecord{1edc372 android broadcastIntent}} tElapsed=17548177, maxElapsed=17548177, interval=0, when = 1571049425341, triggerTime = 2019-10-14 06:37:05, flags=0x8
10-14 06:37:01.372  1178  1612 D AlarmManager: setImpl() action = android.content.jobscheduler.JOB_DEADLINE_EXPIRED, component = null, type = 3, operation = PendingIntent{817d440: PendingIntentRecord{e510f79 android broadcastIntent}} tElapsed=17567149, maxElapsed=17585126, interval=0, when = 1571049445342, triggerTime = 2019-10-14 06:37:25, flags=0x8
10-14 06:37:01.375  1178  1339 D AlarmManager: setImpl() action = android.content.jobscheduler.JOB_DELAY_EXPIRED, component = null, type = 3, operation = PendingIntent{b11687d: PendingIntentRecord{1edc372 android broadcastIntent}} tElapsed=17548182, maxElapsed=17548182, interval=0, when = 1571049425342, triggerTime = 2019-10-14 06:37:05, flags=0x8
10-14 06:37:01.377  1178  1339 D AlarmManager: setImpl() action = android.content.jobscheduler.JOB_DEADLINE_EXPIRED, component = null, type = 3, operation = PendingIntent{817d440: PendingIntentRecord{e510f79 android broadcastIntent}} tElapsed=17567149, maxElapsed=17585122, interval=0, when = 1571049445342, triggerTime = 2019-10-14 06:37:25, flags=0x8
10-14 06:37:01.380  1178  1189 D AlarmManager: setImpl() action = android.content.jobscheduler.JOB_DELAY_EXPIRED, component = null, type = 3, operation = PendingIntent{b11687d: PendingIntentRecord{1edc372 android broadcastIntent}} tElapsed=17548187, maxElapsed=17548187, interval=0, when = 1571049425342, triggerTime = 2019-10-14 06:37:05, flags=0x8
10-14 06:37:01.382  1178  1189 D AlarmManager: setImpl() action = android.content.jobscheduler.JOB_DEADLINE_EXPIRED, component = null, type = 3, operation = PendingIntent{817d440: PendingIntentRecord{e510f79 android broadcastIntent}} tElapsed=17567149, maxElapsed=17585119, interval=0, when = 1571049445342, triggerTime = 2019-10-14 06:37:25, flags=0x8
10-14 06:37:01.387  1178  1761 D AlarmManager: setImpl() action = android.content.jobscheduler.JOB_DEADLINE_EXPIRED, component = null, type = 3, operation = PendingIntent{817d440: PendingIntentRecord{e510f79 android broadcastIntent}} tElapsed=17548194, maxElapsed=17548194, interval=0, when = 1571049421387, triggerTime = 2019-10-14 06:37:01, flags=0x8
10-14 06:37:01.395  1178  1189 D AlarmManager: setImpl() action = android.content.jobscheduler.JOB_DELAY_EXPIRED, component = null, type = 3, operation = PendingIntent{b11687d: PendingIntentRecord{1edc372 android broadcastIntent}} tElapsed=17548202, maxElapsed=17548202, interval=0, when = 1571049421395, triggerTime = 2019-10-14 06:37:01, flags=0x8
10-14 06:37:01.399  1178  1244 D AlarmManager: waitForAlarm result:8
10-14 06:37:01.399  1178  1244 D AlarmManager: triggerList.size = 1, hasWakeup = false
10-14 06:37:01.399  1178  1244 D AlarmManager: sending alarm.type = 3, action = android.content.jobscheduler.JOB_DEADLINE_EXPIRED, cn = null, operation = PendingIntent{817d440: PendingIntentRecord{e510f79 android broadcastIntent}}
10-14 06:37:01.400  1178  1244 D BroadcastQueue: Add broadcastBroadcastRecord{ddfb6f6 u0 android.content.jobscheduler.JOB_DEADLINE_EXPIRED} into (background/order), now header = BroadcastRecord{ddfb6f6 u0 android.content.jobscheduler.JOB_DEADLINE_EXPIRED}, size = 1
10-14 06:37:01.401  1178  1178 D AlarmManager: setImpl() action = android.content.jobscheduler.JOB_DEADLINE_EXPIRED, component = null, type = 3, operation = PendingIntent{817d440: PendingIntentRecord{e510f79 android broadcastIntent}} tElapsed=17567149, maxElapsed=17585105, interval=0, when = 1571049445341, triggerTime = 2019-10-14 06:37:25, flags=0x8
10-14 06:37:01.401  1178  1178 V BroadcastQueue: Finished with ordered broadcast BroadcastRecord{ddfb6f6 u0 android.content.jobscheduler.JOB_DEADLINE_EXPIRED}, [background], remain = 0
10-14 06:37:01.429  1178  1244 D AlarmManager: waitForAlarm result:8
10-14 06:37:01.429  1178  1244 D AlarmManager: triggerList.size = 1, hasWakeup = false
10-14 06:37:01.429  1178  1244 D AlarmManager: sending alarm.type = 3, action = android.content.jobscheduler.JOB_DELAY_EXPIRED, cn = null, operation = PendingIntent{b11687d: PendingIntentRecord{1edc372 android broadcastIntent}}
10-14 06:37:01.430  1178  1244 D BroadcastQueue: Add broadcastBroadcastRecord{54dabd0 u0 android.content.jobscheduler.JOB_DELAY_EXPIRED} into (background/order), now header = BroadcastRecord{54dabd0 u0 android.content.jobscheduler.JOB_DELAY_EXPIRED}, size = 1
10-14 06:37:01.431  1178  1178 D AlarmManager: setImpl() action = android.content.jobscheduler.JOB_DELAY_EXPIRED, component = null, type = 3, operation = PendingIntent{b11687d: PendingIntentRecord{1edc372 android broadcastIntent}} tElapsed=17548238, maxElapsed=17548238, interval=0, when = 1571049425342, triggerTime = 2019-10-14 06:37:05, flags=0x8
10-14 06:37:01.432  1178  1178 V BroadcastQueue: Finished with ordered broadcast BroadcastRecord{54dabd0 u0 android.content.jobscheduler.JOB_DELAY_EXPIRED}, [background], remain = 0
10-14 06:37:01.464  1178  2137 D AlarmManager: setImpl() action = com.google.android.finsky.scheduler.FALLBACK2, component = ComponentInfo{com.android.vending/com.google.android.finsky.scheduler.AlarmEngineService}, type = 2, operation = PendingIntent{74f0785: PendingIntentRecord{e40740e com.android.vending startService}} tElapsed=60743267, maxElapsed=93143264, interval=0, when = 1571092621460, triggerTime = 2019-10-14 18:37:01, flags=0x0
10-14 06:37:01.471  1178  2240 D AlarmManager: setImpl() action = com.google.android.finsky.scheduler.FALLBACK3, component = ComponentInfo{com.android.vending/com.google.android.finsky.scheduler.AlarmEngineService}, type = 2, operation = PendingIntent{6cee9da: PendingIntentRecord{ef81c3c com.android.vending startService}} tElapsed=82343275, maxElapsed=130943272, interval=0, when = 1571114221467, triggerTime = 2019-10-15 00:37:01, flags=0x0
10-14 06:37:01.483  1178  1761 D AlarmManager: setImpl() action = com.google.android.finsky.scheduler.FALLBACK2, component = ComponentInfo{com.android.vending/com.google.android.finsky.scheduler.AlarmEngineService}, type = 2, operation = PendingIntent{9f62e0b: PendingIntentRecord{e40740e com.android.vending startService}} tElapsed=60743289, maxElapsed=93143288, interval=0, when = 1571092621482, triggerTime = 2019-10-14 18:37:01, flags=0x0
10-14 06:37:01.488  1178  1800 D AlarmManager: setImpl() action = com.google.android.finsky.scheduler.FALLBACK3, component = ComponentInfo{com.android.vending/com.google.android.finsky.scheduler.AlarmEngineService}, type = 2, operation = PendingIntent{75b24e8: PendingIntentRecord{ef81c3c com.android.vending startService}} tElapsed=82343294, maxElapsed=130943293, interval=0, when = 1571114221487, triggerTime = 2019-10-15 00:37:01, flags=0x0
10-14 06:37:01.506  1178  1696 D AlarmManager: setImpl() action = com.google.android.finsky.scheduler.FALLBACK2, component = ComponentInfo{com.android.vending/com.google.android.finsky.scheduler.AlarmEngineService}, type = 2, operation = PendingIntent{eaba23d: PendingIntentRecord{e40740e com.android.vending startService}} tElapsed=60743310, maxElapsed=93143307, interval=0, when = 1571092621502, triggerTime = 2019-10-14 18:37:01, flags=0x0
10-14 06:37:01.510  1178  1322 D AlarmManager: setImpl() action = com.google.android.finsky.scheduler.FALLBACK3, component = ComponentInfo{com.android.vending/com.google.android.finsky.scheduler.AlarmEngineService}, type = 2, operation = PendingIntent{2b0da32: PendingIntentRecord{ef81c3c com.android.vending startService}} tElapsed=82343315, maxElapsed=130943313, interval=0, when = 1571114221507, triggerTime = 2019-10-15 00:37:01, flags=0x0
10-14 06:37:01.521  1178  1178 D AlarmManager: setImpl() action = android.content.jobscheduler.JOB_DELAY_EXPIRED, component = null, type = 3, operation = PendingIntent{b11687d: PendingIntentRecord{1edc372 android broadcastIntent}} tElapsed=17548328, maxElapsed=17548328, interval=0, when = 1571049425342, triggerTime = 2019-10-14 06:37:05, flags=0x8
10-14 06:37:01.523  1178  1178 D AlarmManager: setImpl() action = android.content.jobscheduler.JOB_DEADLINE_EXPIRED, component = null, type = 3, operation = PendingIntent{817d440: PendingIntentRecord{e510f79 android broadcastIntent}} tElapsed=17567149, maxElapsed=17585013, interval=0, when = 1571049445342, triggerTime = 2019-10-14 06:37:25, flags=0x8
10-14 06:37:01.528  1178  2240 D AlarmManager: setImpl() action = com.google.android.finsky.scheduler.FALLBACK2, component = ComponentInfo{com.android.vending/com.google.android.finsky.scheduler.AlarmEngineService}, type = 2, operation = PendingIntent{c745383: PendingIntentRecord{e40740e com.android.vending startService}} tElapsed=60743333, maxElapsed=93143331, interval=0, when = 1571092621525, triggerTime = 2019-10-14 18:37:01, flags=0x0
10-14 06:37:01.533  1178  2226 D AlarmManager: setImpl() action = com.google.android.finsky.scheduler.FALLBACK3, component = ComponentInfo{com.android.vending/com.google.android.finsky.scheduler.AlarmEngineService}, type = 2, operation = PendingIntent{94ba900: PendingIntentRecord{ef81c3c com.android.vending startService}} tElapsed=82343338, maxElapsed=130943337, interval=0, when = 1571114221531, triggerTime = 2019-10-15 00:37:01, flags=0x0
10-14 06:37:01.544  1178  1178 D AlarmManager: setImpl() action = android.content.jobscheduler.JOB_DELAY_EXPIRED, component = null, type = 3, operation = PendingIntent{b11687d: PendingIntentRecord{1edc372 android broadcastIntent}} tElapsed=17548351, maxElapsed=17548351, interval=0, when = 1571049425342, triggerTime = 2019-10-14 06:37:05, flags=0x8
