10-14 06:43:05.408  1178  1178 D AlarmManager: setImpl() action = android.content.jobscheduler.JOB_DEADLINE_EXPIRED, component = null, type = 3, operation = PendingIntent{817d440: PendingIntentRecord{e510f79 android broadcastIntent}} tElapsed=17947169, maxElapsed=17977134, interval=0, when = 1571049825362, triggerTime = 2019-10-14 06:43:45, flags=0x8
10-14 06:43:05.554  1178  2230 D AlarmManager: setImpl() action = com.google.android.location.fused.LOCATION_STATUS_ALARM_ACTION_ALARM_149, component = null, type = 3, operation = PendingIntent{f69f2d: PendingIntentRecord{74fac62 com.google.android.gms broadcastIntent}} tElapsed=17984292, maxElapsed=17984292, interval=0, when = 1571049862485, triggerTime = 2019-10-14 06:44:22, flags=0x1
10-14 06:43:05.568  1178  2230 D AlarmManager: setImpl() action = com.google.android.location.ALARM_WAKEUP_LOCATOR, component = null, type = 2, operation = PendingIntent{93e71f3: PendingIntentRecord{6e7b996 com.google.android.gms broadcastIntent}} tElapsed=17967182, maxElapsed=17974682, interval=0, when = 1571049845374, triggerTime = 2019-10-14 06:44:05, flags=0x0
10-14 06:43:05.577  1178  1800 D WifiService: releaseWifiLockLocked: WifiLock{NlpWifiLock type=2 binder=android.os.BinderProxy@dbcb07b}
10-14 06:43:05.582  1178  2140 D AlarmManager: setImpl() action = com.google.android.location.ALARM_WAKEUP_ACTIVITY_DETECTION, component = null, type = 2, operation = PendingIntent{b40beb0: PendingIntentRecord{33b5be8 com.google.android.gms broadcastIntent}} tElapsed=17968182, maxElapsed=18048182, interval=0, when = 1571049846375, triggerTime = 2019-10-14 06:44:06, flags=0x0
10-14 06:43:22.991  1178  1845 D ConnectivityService: reportNetworkConnectivity(101, false) by 10035
10-14 06:43:22.995  1178  1339 D AlarmManager: setImpl() action = com.google.android.intent.action.GCM_RECONNECT, component = null, type = 2, operation = PendingIntent{cb0129: PendingIntentRecord{211ca14 com.google.android.gms broadcastIntent}} tElapsed=17952862, maxElapsed=17952862, interval=0, when = 1571049831055, triggerTime = 2019-10-14 06:43:51, flags=0x5
10-14 06:43:23.116  1178  2877 D BroadcastQueue: Add broadcastBroadcastRecord{f802cae u0 android.net.conn.NETWORK_CONDITIONS_MEASURED} into (background/order), now header = BroadcastRecord{f802cae u0 android.net.conn.NETWORK_CONDITIONS_MEASURED}, size = 1
10-14 06:43:23.123  1178  1268 D ConnectivityService: setProvNotificationVisibleIntent null visible=false networkType=MOBILE extraInfo=null highPriority=false
10-14 06:43:23.123  1178  1268 D ConnectivityService: NetworkAgentInfo [WIFI () - 101] validation  passed
10-14 06:43:23.143  1178  1612 V BroadcastQueue: Finished with ordered broadcast BroadcastRecord{f802cae u0 android.net.conn.NETWORK_CONDITIONS_MEASURED}, [background], remain = 0
10-14 06:43:24.009  1178  1208 D ActivityManager: current mem available is 140084KB
10-14 06:43:25.361  1178  1244 D AlarmManager: waitForAlarm result:8
10-14 06:43:25.361  1178  1244 D AlarmManager: triggerList.size = 1, hasWakeup = false
10-14 06:43:25.362  1178  1244 D AlarmManager: sending alarm.type = 3, action = android.content.jobscheduler.JOB_DELAY_EXPIRED, cn = null, operation = PendingIntent{b11687d: PendingIntentRecord{1edc372 android broadcastIntent}}
10-14 06:43:25.362  1178  1244 D BroadcastQueue: Add broadcastBroadcastRecord{e6986e5 u0 android.content.jobscheduler.JOB_DELAY_EXPIRED} into (background/order), now header = BroadcastRecord{e6986e5 u0 android.content.jobscheduler.JOB_DELAY_EXPIRED}, size = 1
10-14 06:43:25.364  1178  1178 D AlarmManager: setImpl() action = android.content.jobscheduler.JOB_DELAY_EXPIRED, component = null, type = 3, operation = PendingIntent{b11687d: PendingIntentRecord{1edc372 android broadcastIntent}} tElapsed=17968930, maxElapsed=18000250, interval=0, when = 1571049847123, triggerTime = 2019-10-14 06:44:07, flags=0x8
10-14 06:43:25.365  1178  1178 V BroadcastQueue: Finished with ordered broadcast BroadcastRecord{e6986e5 u0 android.content.jobscheduler.JOB_DELAY_EXPIRED}, [background], remain = 0
10-14 06:43:25.384  1178  1178 D AlarmManager: setImpl() action = android.content.jobscheduler.JOB_DELAY_EXPIRED, component = null, type = 3, operation = PendingIntent{b11687d: PendingIntentRecord{1edc372 android broadcastIntent}} tElapsed=17968930, maxElapsed=18000234, interval=0, when = 1571049847123, triggerTime = 2019-10-14 06:44:07, flags=0x8
10-14 06:43:25.386  1178  1178 D AlarmManager: setImpl() action = android.content.jobscheduler.JOB_DEADLINE_EXPIRED, component = null, type = 3, operation = PendingIntent{817d440: PendingIntentRecord{e510f79 android broadcastIntent}} tElapsed=18268930, maxElapsed=18525232, interval=0, when = 1571050147122, triggerTime = 2019-10-14 06:49:07, flags=0x8
10-14 06:43:25.387  1178  1178 D AlarmManager: setImpl() action = android.content.jobscheduler.JOB_DELAY_EXPIRED, component = null, type = 3, operation = PendingIntent{b11687d: PendingIntentRecord{1edc372 android broadcastIntent}} tElapsed=17947169, maxElapsed=17962150, interval=0, when = 1571049825362, triggerTime = 2019-10-14 06:43:45, flags=0x8
10-14 06:43:25.388  1178  1178 D AlarmManager: setImpl() action = android.content.jobscheduler.JOB_DEADLINE_EXPIRED, component = null, type = 3, operation = PendingIntent{817d440: PendingIntentRecord{e510f79 android broadcastIntent}} tElapsed=17967169, maxElapsed=17997148, interval=0, when = 1571049845361, triggerTime = 2019-10-14 06:44:05, flags=0x8
10-14 06:43:44.313  1178  1245 V PowerManagerService: scheduleButtonTimeout
10-14 06:43:44.313  1178  1245 D PowerManagerService: mButtonOffTimeoutSetting = 1500
10-14 06:43:44.313  1178  1245 D DisplayPowerController: timeout = 1500
10-14 06:43:44.314  1178  1245 D DisplayPowerController: scheduleButtonTimeout
10-14 06:43:44.314  1178  1245 D DisplayPowerState: scheduleButtonTimeout buttontimeout == 1500
10-14 06:43:44.408  1178  1245 V PowerManagerService: scheduleButtonTimeout
10-14 06:43:44.408  1178  1245 D PowerManagerService: mButtonOffTimeoutSetting = 1500
10-14 06:43:44.408  1178  1245 D DisplayPowerController: timeout = 1500
10-14 06:43:44.408  1178  1245 D DisplayPowerController: scheduleButtonTimeout
10-14 06:43:44.408  1178  1245 D DisplayPowerState: scheduleButtonTimeout buttontimeout == 1500
10-14 06:43:44.417  1178  2232 V WindowManager: Pausing WindowToken AppWindowToken{3ef35d5 token=Token{c6b201d ActivityRecord{42af0f4 u0 com.koushikdutta.vysor/.VysorAdActivity t303}}}
10-14 06:43:44.438  1178  1189 D WindowManager: Input focus has changed to null
10-14 06:43:44.468  1178  1189 V WindowManager: Resuming WindowToken AppWindowToken{3ef35d5 token=Token{c6b201d ActivityRecord{42af0f4 u0 com.koushikdutta.vysor/.VysorAdActivity t303}}}
10-14 06:43:44.603  1178  1322 D WindowManager: Input focus has changed to Window{2fc7709 u0 launcher3.android.com.hivelauncher/com.android.launcher3.Launcher}
10-14 06:43:44.745  1178  2230 W ActivityManager: seal----activity :launcher3.android.com.hivelauncher/com.android.launcher3.Launcherto finish booting
10-14 06:43:45.174  1178  1215 D WindowManager: **** Removing window Window{3a9e442 u0 com.koushikdutta.vysor/com.koushikdutta.vysor.VysorAdActivity}: count=0 Callers=com.android.server.wm.WindowManagerService.removeWindowInnerLocked:2809 com.android.server.wm.WindowManagerService.performLayoutAndPlaceSurfacesLockedInner:10446 com.android.server.wm.WindowManagerService.performLayoutAndPlaceSurfacesLockedLoop:9054 com.android.server.wm.WindowManagerService.performLayoutAndPlaceSurfacesLocked:9001 com.android.server.wm.WindowManagerService.-wrap6:-1 
10-14 06:43:45.361  1178  1244 D AlarmManager: waitForAlarm result:8
10-14 06:43:45.362  1178  1244 D AlarmManager: triggerList.size = 1, hasWakeup = false
10-14 06:43:45.362  1178  1244 D AlarmManager: sending alarm.type = 3, action = android.content.jobscheduler.JOB_DELAY_EXPIRED, cn = null, operation = PendingIntent{b11687d: PendingIntentRecord{1edc372 android broadcastIntent}}
10-14 06:43:45.363  1178  1244 D BroadcastQueue: Add broadcastBroadcastRecord{7dbad37 u0 android.content.jobscheduler.JOB_DELAY_EXPIRED} into (background/order), now header = BroadcastRecord{7dbad37 u0 android.content.jobscheduler.JOB_DELAY_EXPIRED}, size = 1
10-14 06:43:45.364  1178  1178 D AlarmManager: setImpl() action = android.content.jobscheduler.JOB_DELAY_EXPIRED, component = null, type = 3, operation = PendingIntent{b11687d: PendingIntentRecord{1edc372 android broadcastIntent}} tElapsed=17968930, maxElapsed=17985249, interval=0, when = 1571049847123, triggerTime = 2019-10-14 06:44:07, flags=0x8
10-14 06:43:45.365  1178  1178 V BroadcastQueue: Finished with ordered broadcast BroadcastRecord{7dbad37 u0 android.content.jobscheduler.JOB_DELAY_EXPIRED}, [background], remain = 0
10-14 06:43:45.389  1178  1178 D AlarmManager: setImpl() action = android.content.jobscheduler.JOB_DELAY_EXPIRED, component = null, type = 3, operation = PendingIntent{b11687d: PendingIntentRecord{1edc372 android broadcastIntent}} tElapsed=17968930, maxElapsed=17985230, interval=0, when = 1571049847123, triggerTime = 2019-10-14 06:44:07, flags=0x8
10-14 06:43:45.392  1178  1178 D AlarmManager: setImpl() action = android.content.jobscheduler.JOB_DEADLINE_EXPIRED, component = null, type = 3, operation = PendingIntent{817d440: PendingIntentRecord{e510f79 android broadcastIntent}} tElapsed=18268930, maxElapsed=18510228, interval=0, when = 1571050147122, triggerTime = 2019-10-14 06:49:07, flags=0x8
10-14 06:43:45.395  1178  1178 D AlarmManager: setImpl() action = android.content.jobscheduler.JOB_DELAY_EXPIRED, component = null, type = 3, operation = PendingIntent{b11687d: PendingIntentRecord{1edc372 android broadcastIntent}} tElapsed=17967169, maxElapsed=17982144, interval=0, when = 1571049845361, triggerTime = 2019-10-14 06:44:05, flags=0x8
10-14 06:43:45.397  1178  1178 D AlarmManager: setImpl() action = android.content.jobscheduler.JOB_DEADLINE_EXPIRED, component = null, type = 3, operation = PendingIntent{817d440: PendingIntentRecord{e510f79 android broadcastIntent}} tElapsed=17987169, maxElapsed=18017142, interval=0, when = 1571049865362, triggerTime = 2019-10-14 06:44:25, flags=0x8
10-14 06:43:51.054  1178  1244 D AlarmManager: waitForAlarm result:4
10-14 06:43:51.054  1178  1244 D AlarmManager: triggerList.size = 1, hasWakeup = true
10-14 06:43:51.055  1178  1244 D AlarmManager: sending alarm.type = 2, action = com.google.android.intent.action.GCM_RECONNECT, cn = null, operation = PendingIntent{cb0129: PendingIntentRecord{211ca14 com.google.android.gms broadcastIntent}}
10-14 06:43:51.055  1178  1244 D BroadcastQueue: Add broadcastBroadcastRecord{5283c4b u0 com.google.android.intent.action.GCM_RECONNECT} into (background/order), now header = BroadcastRecord{5283c4b u0 com.google.android.intent.action.GCM_RECONNECT}, size = 1
10-14 06:43:51.059  1178  1761 V BroadcastQueue: Finished with ordered broadcast BroadcastRecord{5283c4b u0 com.google.android.intent.action.GCM_RECONNECT}, [background], remain = 0
10-14 06:43:54.026  1178  1208 D ActivityManager: current mem available is 135580KB
10-14 06:43:59.999  1178  1244 D AlarmManager: waitForAlarm result:8
10-14 06:43:59.999  1178  1244 D AlarmManager: triggerList.size = 1, hasWakeup = false
10-14 06:44:00.000  1178  1244 D AlarmManager: sending alarm.type = 3, action = android.intent.action.TIME_TICK, cn = null, operation = PendingIntent{6ca61ee: PendingIntentRecord{a16668f android broadcastIntent}}
10-14 06:44:00.000  1178  1244 D BroadcastQueue: Add broadcastBroadcastRecord{182b628 u-1 android.intent.action.TIME_TICK} into (foreground/order), now header = BroadcastRecord{182b628 u-1 android.intent.action.TIME_TICK}, size = 1
10-14 06:44:00.002  1178  1178 D AlarmManager: setImpl() action = android.intent.action.TIME_TICK, component = null, type = 3, operation = PendingIntent{6ca61ee: PendingIntentRecord{a16668f android broadcastIntent}} tElapsed=18021807, maxElapsed=18021807, interval=0, when = 1571049899999, triggerTime = 2019-10-14 06:44:59, flags=0x1
10-14 06:44:00.118  1178  2140 V BroadcastQueue: Finished with ordered broadcast BroadcastRecord{182b628 u-1 android.intent.action.TIME_TICK}, [foreground], remain = 0
10-14 06:44:06.374  1178  1244 D AlarmManager: waitForAlarm result:4
10-14 06:44:06.374  1178  1244 D AlarmManager: triggerList.size = 3, hasWakeup = true
10-14 06:44:06.375  1178  1244 D AlarmManager: sending alarm.type = 2, action = com.google.android.location.ALARM_WAKEUP_LOCATOR, cn = null, operation = PendingIntent{93e71f3: PendingIntentRecord{6e7b996 com.google.android.gms broadcastIntent}}
10-14 06:44:06.375  1178  1244 D BroadcastQueue: Add broadcastBroadcastRecord{317ef41 u0 com.google.android.location.ALARM_WAKEUP_LOCATOR} into (background/order), now header = BroadcastRecord{317ef41 u0 com.google.android.location.ALARM_WAKEUP_LOCATOR}, size = 1
10-14 06:44:06.378  1178  1244 D AlarmManager: sending alarm.type = 2, action = com.google.android.location.ALARM_WAKEUP_ACTIVITY_DETECTION, cn = null, operation = PendingIntent{b40beb0: PendingIntentRecord{33b5be8 com.google.android.gms broadcastIntent}}
10-14 06:44:06.378  1178  1244 D BroadcastQueue: Add broadcastBroadcastRecord{95cdce6 u0 com.google.android.location.ALARM_WAKEUP_ACTIVITY_DETECTION} into (background/order), now header = BroadcastRecord{317ef41 u0 com.google.android.location.ALARM_WAKEUP_LOCATOR}, size = 2
10-14 06:44:06.379  1178  1244 D AlarmManager: sending alarm.type = 3, action = android.content.jobscheduler.JOB_DELAY_EXPIRED, cn = null, operation = PendingIntent{b11687d: PendingIntentRecord{1edc372 android broadcastIntent}}
10-14 06:44:06.379  1178  1244 D BroadcastQueue: Add broadcastBroadcastRecord{7bc5227 u0 android.content.jobscheduler.JOB_DELAY_EXPIRED} into (background/order), now header = BroadcastRecord{317ef41 u0 com.google.android.location.ALARM_WAKEUP_LOCATOR}, size = 3
10-14 06:44:06.401  1178  2232 D WifiService: acquireWifiLockLocked: WifiLock{NlpWifiLock type=2 binder=android.os.BinderProxy@dbcb07b}
10-14 06:44:06.405  1178  1188 D AlarmManager: setImpl() action = com.google.android.location.ALARM_WAKEUP_LOCATOR, component = null, type = 2, operation = PendingIntent{d610cd4: PendingIntentRecord{6e7b996 com.google.android.gms broadcastIntent}} tElapsed=17973210, maxElapsed=17973210, interval=0, when = 1571049851401, triggerTime = 2019-10-14 06:44:11, flags=0x1
10-14 06:44:06.408  1178  2140 V BroadcastQueue: Finished with ordered broadcast BroadcastRecord{317ef41 u0 com.google.android.location.ALARM_WAKEUP_LOCATOR}, [background], remain = 2
10-14 06:44:06.432  1178  1696 D AlarmManager: setImpl() action = com.google.android.location.ALARM_WAKEUP_LOCATOR, component = null, type = 2, operation = PendingIntent{4333e7d: PendingIntentRecord{6e7b996 com.google.android.gms broadcastIntent}} tElapsed=18028209, maxElapsed=18035709, interval=0, when = 1571049906401, triggerTime = 2019-10-14 06:45:06, flags=0x0
10-14 06:44:06.436  1178  1339 D WifiService: releaseWifiLockLocked: WifiLock{NlpWifiLock type=2 binder=android.os.BinderProxy@dbcb07b}
10-14 06:44:06.443  1178  1189 V BroadcastQueue: Finished with ordered broadcast BroadcastRecord{95cdce6 u0 com.google.android.location.ALARM_WAKEUP_ACTIVITY_DETECTION}, [background], remain = 1
10-14 06:44:06.444  1178  1178 D AlarmManager: setImpl() action = android.content.jobscheduler.JOB_DELAY_EXPIRED, component = null, type = 3, operation = PendingIntent{b11687d: PendingIntentRecord{1edc372 android broadcastIntent}} tElapsed=17973251, maxElapsed=17973251, interval=0, when = 1571049847122, triggerTime = 2019-10-14 06:44:07, flags=0x8
10-14 06:44:06.444  1178  1178 V BroadcastQueue: Finished with ordered broadcast BroadcastRecord{7bc5227 u0 android.content.jobscheduler.JOB_DELAY_EXPIRED}, [background], remain = 0
10-14 06:44:06.458  1178  1178 D AlarmManager: setImpl() action = android.content.jobscheduler.JOB_DELAY_EXPIRED, component = null, type = 3, operation = PendingIntent{b11687d: PendingIntentRecord{1edc372 android broadcastIntent}} tElapsed=17973265, maxElapsed=17973265, interval=0, when = 1571049847123, triggerTime = 2019-10-14 06:44:07, flags=0x8
10-14 06:44:06.460  1178  1178 D AlarmManager: setImpl() action = android.content.jobscheduler.JOB_DEADLINE_EXPIRED, component = null, type = 3, operation = PendingIntent{817d440: PendingIntentRecord{e510f79 android broadcastIntent}} tElapsed=18268930, maxElapsed=18494427, interval=0, when = 1571050147122, triggerTime = 2019-10-14 06:49:07, flags=0x8
10-14 06:44:06.461  1178  1178 D AlarmManager: setImpl() action = android.content.jobscheduler.JOB_DEADLINE_EXPIRED, component = null, type = 3, operation = PendingIntent{817d440: PendingIntentRecord{e510f79 android broadcastIntent}} tElapsed=18007169, maxElapsed=18036344, interval=0, when = 1571049885362, triggerTime = 2019-10-14 06:44:45, flags=0x8
10-14 06:44:06.930  1178  1188 D AlarmManager: setImpl() action = com.google.android.location.ALARM_WAKEUP_ACTIVITY_DETECTION, component = null, type = 2, operation = PendingIntent{fb02cca: PendingIntentRecord{33b5be8 com.google.android.gms broadcastIntent}} tElapsed=18206836, maxElapsed=18286836, interval=0, when = 1571050085029, triggerTime = 2019-10-14 06:48:05, flags=0x0
10-14 06:44:07.122  1178  1244 D AlarmManager: waitForAlarm result:8
10-14 06:44:07.122  1178  1244 D AlarmManager: triggerList.size = 1, hasWakeup = false
10-14 06:44:07.123  1178  1244 D AlarmManager: sending alarm.type = 3, action = android.content.jobscheduler.JOB_DELAY_EXPIRED, cn = null, operation = PendingIntent{b11687d: PendingIntentRecord{1edc372 android broadcastIntent}}
10-14 06:44:07.123  1178  1244 D BroadcastQueue: Add broadcastBroadcastRecord{9e4ce3b u0 android.content.jobscheduler.JOB_DELAY_EXPIRED} into (background/order), now header = BroadcastRecord{9e4ce3b u0 android.content.jobscheduler.JOB_DELAY_EXPIRED}, size = 1
10-14 06:44:07.125  1178  1178 D AlarmManager: setImpl() action = android.content.jobscheduler.JOB_DELAY_EXPIRED, component = null, type = 3, operation = PendingIntent{b11687d: PendingIntentRecord{1edc372 android broadcastIntent}} tElapsed=17987169, maxElapsed=18000847, interval=0, when = 1571049865361, triggerTime = 2019-10-14 06:44:25, flags=0x8
10-14 06:44:07.125  1178  1178 V BroadcastQueue: Finished with ordered broadcast BroadcastRecord{9e4ce3b u0 android.content.jobscheduler.JOB_DELAY_EXPIRED}, [background], remain = 0
10-14 06:44:07.234  1178  1845 D AlarmManager: setImpl() action = android.content.jobscheduler.JOB_DELAY_EXPIRED, component = null, type = 3, operation = PendingIntent{b11687d: PendingIntentRecord{1edc372 android broadcastIntent}} tElapsed=17987169, maxElapsed=18000765, interval=0, when = 1571049865361, triggerTime = 2019-10-14 06:44:25, flags=0x8
10-14 06:44:07.235  1178  1845 D AlarmManager: setImpl() action = android.content.jobscheduler.JOB_DEADLINE_EXPIRED, component = null, type = 3, operation = PendingIntent{817d440: PendingIntentRecord{e510f79 android broadcastIntent}} tElapsed=18007169, maxElapsed=18035763, interval=0, when = 1571049885361, triggerTime = 2019-10-14 06:44:45, flags=0x8
10-14 06:44:22.484  1178  1244 D AlarmManager: waitForAlarm result:8
10-14 06:44:22.485  1178  1244 D AlarmManager: triggerList.size = 1, hasWakeup = false
10-14 06:44:22.485  1178  1244 D AlarmManager: sending alarm.type = 3, action = com.google.android.location.fused.LOCATION_STATUS_ALARM_ACTION_ALARM_149, cn = null, operation = PendingIntent{f69f2d: PendingIntentRecord{74fac62 com.google.android.gms broadcastIntent}}
10-14 06:44:22.486  1178  1244 D BroadcastQueue: Add broadcastBroadcastRecord{a9a2221 u0 com.google.android.location.fused.LOCATION_STATUS_ALARM_ACTION_ALARM_149} into (background/order), now header = BroadcastRecord{a9a2221 u0 com.google.android.location.fused.LOCATION_STATUS_ALARM_ACTION_ALARM_149}, size = 1
10-14 06:44:22.496  1178  1761 D BroadcastQueue: Add broadcastBroadcastRecord{8cc646 u0 com.google.android.gms.location.quake.ACTION_PASSIVE} into (background/order), now header = BroadcastRecord{a9a2221 u0 com.google.android.location.fused.LOCATION_STATUS_ALARM_ACTION_ALARM_149}, size = 2
10-14 06:44:22.509  1178  1612 V BroadcastQueue: Finished with ordered broadcast BroadcastRecord{a9a2221 u0 com.google.android.location.fused.LOCATION_STATUS_ALARM_ACTION_ALARM_149}, [background], remain = 1
10-14 06:44:22.515  1178  1612 V BroadcastQueue: Finished with ordered broadcast BroadcastRecord{8cc646 u0 com.google.android.gms.location.quake.ACTION_PASSIVE}, [background], remain = 0
10-14 06:44:24.041  1178  1208 D ActivityManager: current mem available is 147176KB
10-14 06:44:25.361  1178  1244 D AlarmManager: waitForAlarm result:8
10-14 06:44:25.361  1178  1244 D AlarmManager: triggerList.size = 1, hasWakeup = false
10-14 06:44:25.362  1178  1244 D AlarmManager: sending alarm.type = 3, action = android.content.jobscheduler.JOB_DELAY_EXPIRED, cn = null, operation = PendingIntent{b11687d: PendingIntentRecord{1edc372 android broadcastIntent}}
10-14 06:44:25.362  1178  1244 D BroadcastQueue: Add broadcastBroadcastRecord{7df007 u0 android.content.jobscheduler.JOB_DELAY_EXPIRED} into (background/order), now header = BroadcastRecord{7df007 u0 android.content.jobscheduler.JOB_DELAY_EXPIRED}, size = 1
10-14 06:44:25.364  1178  1178 D AlarmManager: setImpl() action = android.content.jobscheduler.JOB_DELAY_EXPIRED, component = null, type = 3, operation = PendingIntent{b11687d: PendingIntentRecord{1edc372 android broadcastIntent}} tElapsed=18282905, maxElapsed=18504706, interval=0, when = 1571050161098, triggerTime = 2019-10-14 06:49:21, flags=0x8
10-14 06:44:25.365  1178  1178 V BroadcastQueue: Finished with ordered broadcast BroadcastRecord{7df007 u0 android.content.jobscheduler.JOB_DELAY_EXPIRED}, [background], remain = 0
10-14 06:44:31.124  1178  1761 D ConnectivityService: reportNetworkConnectivity(101, false) by 10035
10-14 06:44:31.127  1178  1188 D AlarmManager: setImpl() action = com.google.android.intent.action.GCM_RECONNECT, component = null, type = 2, operation = PendingIntent{12b8534: PendingIntentRecord{211ca14 com.google.android.gms broadcastIntent}} tElapsed=18049053, maxElapsed=18049053, interval=0, when = 1571049927245, triggerTime = 2019-10-14 06:45:27, flags=0x5
10-14 06:44:31.254  1178  2877 D BroadcastQueue: Add broadcastBroadcastRecord{c55bf5d u0 android.net.conn.NETWORK_CONDITIONS_MEASURED} into (background/order), now header = BroadcastRecord{c55bf5d u0 android.net.conn.NETWORK_CONDITIONS_MEASURED}, size = 1
10-14 06:44:31.277  1178  1268 D ConnectivityService: setProvNotificationVisibleIntent null visible=false networkType=MOBILE extraInfo=null highPriority=false
10-14 06:44:31.278  1178  1268 D ConnectivityService: NetworkAgentInfo [WIFI () - 101] validation  passed
10-14 06:44:31.281  1178  1322 V BroadcastQueue: Finished with ordered broadcast BroadcastRecord{c55bf5d u0 android.net.conn.NETWORK_CONDITIONS_MEASURED}, [background], remain = 0
10-14 06:44:54.067  1178  1208 D ActivityManager: current mem available is 143244KB
10-14 06:44:59.999  1178  1244 D AlarmManager: waitForAlarm result:8
10-14 06:44:59.999  1178  1244 D AlarmManager: triggerList.size = 1, hasWakeup = false
10-14 06:45:00.000  1178  1244 D AlarmManager: sending alarm.type = 3, action = android.intent.action.TIME_TICK, cn = null, operation = PendingIntent{6ca61ee: PendingIntentRecord{a16668f android broadcastIntent}}
10-14 06:45:00.000  1178  1244 D BroadcastQueue: Add broadcastBroadcastRecord{895c0a0 u-1 android.intent.action.TIME_TICK} into (foreground/order), now header = BroadcastRecord{895c0a0 u-1 android.intent.action.TIME_TICK}, size = 1
10-14 06:45:00.005  1178  1178 D AlarmManager: setImpl() action = android.intent.action.TIME_TICK, component = null, type = 3, operation = PendingIntent{6ca61ee: PendingIntentRecord{a16668f android broadcastIntent}} tElapsed=18081807, maxElapsed=18081807, interval=0, when = 1571049959999, triggerTime = 2019-10-14 06:45:59, flags=0x1
10-14 06:45:00.137  1178  1761 V BroadcastQueue: Finished with ordered broadcast BroadcastRecord{895c0a0 u-1 android.intent.action.TIME_TICK}, [foreground], remain = 0
10-14 06:45:01.000  1178  1244 D AlarmManager: waitForAlarm result:8
10-14 06:45:01.000  1178  1244 D AlarmManager: triggerList.size = 1, hasWakeup = false
10-14 06:45:01.001  1178  1244 D AlarmManager: sending alarm.type = 1, action = com.android.deskclock.ON_QUARTER_HOUR, cn = null, operation = PendingIntent{836478a: PendingIntentRecord{7a4b1fb com.android.deskclock broadcastIntent}}
10-14 06:45:01.001  1178  1244 D BroadcastQueue: Add broadcastBroadcastRecord{433f459 u0 com.android.deskclock.ON_QUARTER_HOUR} into (background/order), now header = BroadcastRecord{433f459 u0 com.android.deskclock.ON_QUARTER_HOUR}, size = 1
10-14 06:45:01.007  1178  1696 D AlarmManager: setImpl() action = com.android.deskclock.ON_QUARTER_HOUR, component = null, type = 1, operation = PendingIntent{468581e: PendingIntentRecord{7ad8ff com.android.deskclock broadcastIntent}} tElapsed=18922807, maxElapsed=18922807, interval=0, when = 1571050801000, triggerTime = 2019-10-14 07:00:01, flags=0x9
10-14 06:45:01.010  1178  2137 V BroadcastQueue: Finished with ordered broadcast BroadcastRecord{433f459 u0 com.android.deskclock.ON_QUARTER_HOUR}, [background], remain = 0
10-14 06:45:12.999  1178  1244 D AlarmManager: waitForAlarm result:4
10-14 06:45:13.000  1178  1244 D AlarmManager: triggerList.size = 4, hasWakeup = true
10-14 06:45:13.000  1178  1244 D AlarmManager: sending alarm.type = 2, action = com.google.android.location.ALARM_WAKEUP_BURST_COLLECTION_TRIGGER, cn = null, operation = PendingIntent{92d23a8: PendingIntentRecord{38abf0f com.google.android.gms broadcastIntent}}
10-14 06:45:13.000  1178  1244 D BroadcastQueue: Add broadcastBroadcastRecord{6a646cc u0 com.google.android.location.ALARM_WAKEUP_BURST_COLLECTION_TRIGGER} into (background/order), now header = BroadcastRecord{6a646cc u0 com.google.android.location.ALARM_WAKEUP_BURST_COLLECTION_TRIGGER}, size = 1
10-14 06:45:13.003  1178  1244 D AlarmManager: sending alarm.type = 2, action = com.google.android.location.ALARM_WAKEUP_LOCATOR, cn = null, operation = PendingIntent{4333e7d: PendingIntentRecord{6e7b996 com.google.android.gms broadcastIntent}}
10-14 06:45:13.004  1178  1244 D BroadcastQueue: Add broadcastBroadcastRecord{c267d15 u0 com.google.android.location.ALARM_WAKEUP_LOCATOR} into (background/order), now header = BroadcastRecord{6a646cc u0 com.google.android.location.ALARM_WAKEUP_BURST_COLLECTION_TRIGGER}, size = 2
10-14 06:45:13.004  1178  1244 D AlarmManager: sending alarm.type = 3, action = android.content.jobscheduler.JOB_DEADLINE_EXPIRED, cn = null, operation = PendingIntent{817d440: PendingIntentRecord{e510f79 android broadcastIntent}}
10-14 06:45:13.004  1178  1244 D BroadcastQueue: Add broadcastBroadcastRecord{9bdd82a u0 android.content.jobscheduler.JOB_DEADLINE_EXPIRED} into (background/order), now header = BroadcastRecord{6a646cc u0 com.google.android.location.ALARM_WAKEUP_BURST_COLLECTION_TRIGGER}, size = 3
10-14 06:45:13.005  1178  1244 D AlarmManager: sending alarm.type = 3, action = com.android.server.action.NETWORK_STATS_POLL, cn = null, operation = PendingIntent{90c8ddf: PendingIntentRecord{70c8a2c android broadcastIntent}}
10-14 06:45:13.005  1178  1244 D BroadcastQueue: Add broadcastBroadcastRecord{82e061b u0 com.android.server.action.NETWORK_STATS_POLL} into (background/order), now header = BroadcastRecord{6a646cc u0 com.google.android.location.ALARM_WAKEUP_BURST_COLLECTION_TRIGGER}, size = 4
10-14 06:45:13.015  1178  1339 D AlarmManager: setImpl() action = com.google.android.location.ALARM_WAKEUP_BURST_COLLECTION_TRIGGER, component = null, type = 2, operation = PendingIntent{55703b8: PendingIntentRecord{38abf0f com.google.android.gms broadcastIntent}} tElapsed=18039822, maxElapsed=18039822, interval=0, when = 1571049913011, triggerTime = 2019-10-14 06:45:13, flags=0x0
10-14 06:45:13.019  1178  1612 V BroadcastQueue: Finished with ordered broadcast BroadcastRecord{6a646cc u0 com.google.android.location.ALARM_WAKEUP_BURST_COLLECTION_TRIGGER}, [background], remain = 3
10-14 06:45:13.025  1178  1208 I ProcessStatsService: Prepared write state in 4ms
10-14 06:45:13.035  1178  1761 D WifiService: acquireWifiLockLocked: WifiLock{NlpWifiLock type=2 binder=android.os.BinderProxy@dbcb07b}
10-14 06:45:13.037  1178  2140 D AlarmManager: setImpl() action = com.google.android.location.ALARM_WAKEUP_LOCATOR, component = null, type = 2, operation = PendingIntent{17ed591: PendingIntentRecord{6e7b996 com.google.android.gms broadcastIntent}} tElapsed=18039844, maxElapsed=18039844, interval=0, when = 1571049918035, triggerTime = 2019-10-14 06:45:18, flags=0x1
10-14 06:45:13.042  1178  1188 V BroadcastQueue: Finished with ordered broadcast BroadcastRecord{c267d15 u0 com.google.android.location.ALARM_WAKEUP_LOCATOR}, [background], remain = 2
10-14 06:45:13.042  1178  1178 D AlarmManager: setImpl() action = android.content.jobscheduler.JOB_DEADLINE_EXPIRED, component = null, type = 3, operation = PendingIntent{817d440: PendingIntentRecord{e510f79 android broadcastIntent}} tElapsed=18869099, maxElapsed=19494786, interval=0, when = 1571050747292, triggerTime = 2019-10-14 06:59:07, flags=0x8
10-14 06:45:13.043  1178  1178 V BroadcastQueue: Finished with ordered broadcast BroadcastRecord{9bdd82a u0 android.content.jobscheduler.JOB_DEADLINE_EXPIRED}, [background], remain = 1
10-14 06:45:13.056  1178  1178 D AlarmManager: setImpl() action = android.content.jobscheduler.JOB_DELAY_EXPIRED, component = null, type = 3, operation = PendingIntent{b11687d: PendingIntentRecord{1edc372 android broadcastIntent}} tElapsed=18039863, maxElapsed=18039863, interval=0, when = 1571049913056, triggerTime = 2019-10-14 06:45:13, flags=0x8
10-14 06:45:13.057  1178  1178 D AlarmManager: setImpl() action = android.content.jobscheduler.JOB_DEADLINE_EXPIRED, component = null, type = 3, operation = PendingIntent{817d440: PendingIntentRecord{e510f79 android broadcastIntent}} tElapsed=18054863, maxElapsed=18069861, interval=0, when = 1571049933055, triggerTime = 2019-10-14 06:45:33, flags=0x8
10-14 06:45:13.059  1178  1244 D AlarmManager: waitForAlarm result:4
10-14 06:45:13.060  1178  1244 D AlarmManager: triggerList.size = 2, hasWakeup = true
10-14 06:45:13.060  1178  1244 D AlarmManager: sending alarm.type = 2, action = com.google.android.location.ALARM_WAKEUP_BURST_COLLECTION_TRIGGER, cn = null, operation = PendingIntent{55703b8: PendingIntentRecord{38abf0f com.google.android.gms broadcastIntent}}
10-14 06:45:13.060  1178  1244 D BroadcastQueue: Add broadcastBroadcastRecord{cad1d93 u0 com.google.android.location.ALARM_WAKEUP_BURST_COLLECTION_TRIGGER} into (background/order), now header = BroadcastRecord{82e061b u0 com.android.server.action.NETWORK_STATS_POLL}, size = 2
10-14 06:45:13.060  1178  1244 D AlarmManager: sending alarm.type = 3, action = android.content.jobscheduler.JOB_DELAY_EXPIRED, cn = null, operation = PendingIntent{b11687d: PendingIntentRecord{1edc372 android broadcastIntent}}
10-14 06:45:13.060  1178  1244 D BroadcastQueue: Add broadcastBroadcastRecord{76a91d0 u0 android.content.jobscheduler.JOB_DELAY_EXPIRED} into (background/order), now header = BroadcastRecord{82e061b u0 com.android.server.action.NETWORK_STATS_POLL}, size = 3
10-14 06:45:13.069  1178  1260 V BroadcastQueue: Finished with ordered broadcast BroadcastRecord{82e061b u0 com.android.server.action.NETWORK_STATS_POLL}, [background], remain = 2
10-14 06:45:13.089  1178  1601 D AlarmManager: setImpl() action = com.google.android.location.ALARM_WAKEUP_LOCATOR, component = null, type = 2, operation = PendingIntent{7ada5c9: PendingIntentRecord{6e7b996 com.google.android.gms broadcastIntent}} tElapsed=18094843, maxElapsed=18102343, interval=0, when = 1571049973035, triggerTime = 2019-10-14 06:46:13, flags=0x0
10-14 06:45:13.094  1178  2240 D WifiService: releaseWifiLockLocked: WifiLock{NlpWifiLock type=2 binder=android.os.BinderProxy@dbcb07b}
10-14 06:45:13.111  1178  2230 D AlarmManager: setImpl() action = com.google.android.location.ALARM_WAKEUP_BURST_COLLECTION_TRIGGER, component = null, type = 2, operation = PendingIntent{fe904ce: PendingIntentRecord{38abf0f com.google.android.gms broadcastIntent}} tElapsed=29721808, maxElapsed=38486975, interval=0, when = 1571061600000, triggerTime = 2019-10-14 10:00:00, flags=0x0
10-14 06:45:13.115  1178  1601 V BroadcastQueue: Finished with ordered broadcast BroadcastRecord{cad1d93 u0 com.google.android.location.ALARM_WAKEUP_BURST_COLLECTION_TRIGGER}, [background], remain = 1
10-14 06:45:13.116  1178  1178 D AlarmManager: setImpl() action = android.content.jobscheduler.JOB_DELAY_EXPIRED, component = null, type = 3, operation = PendingIntent{b11687d: PendingIntentRecord{1edc372 android broadcastIntent}} tElapsed=18282905, maxElapsed=18468891, interval=0, when = 1571050161098, triggerTime = 2019-10-14 06:49:21, flags=0x8
10-14 06:45:13.117  1178  1178 V BroadcastQueue: Finished with ordered broadcast BroadcastRecord{76a91d0 u0 android.content.jobscheduler.JOB_DELAY_EXPIRED}, [background], remain = 0
10-14 06:45:13.130  1178  1178 D AlarmManager: setImpl() action = android.content.jobscheduler.JOB_DELAY_EXPIRED, component = null, type = 3, operation = PendingIntent{b11687d: PendingIntentRecord{1edc372 android broadcastIntent}} tElapsed=18282905, maxElapsed=18468881, interval=0, when = 1571050161097, triggerTime = 2019-10-14 06:49:21, flags=0x8
10-14 06:45:13.131  1178  1178 D AlarmManager: setImpl() action = android.content.jobscheduler.JOB_DEADLINE_EXPIRED, component = null, type = 3, operation = PendingIntent{817d440: PendingIntentRecord{e510f79 android broadcastIntent}} tElapsed=18869099, maxElapsed=19494719, interval=0, when = 1571050747291, triggerTime = 2019-10-14 06:59:07, flags=0x8
10-14 06:45:13.133  1178  1178 D AlarmManager: setImpl() action = android.content.jobscheduler.JOB_DELAY_EXPIRED, component = null, type = 3, operation = PendingIntent{b11687d: PendingIntentRecord{1edc372 android broadcastIntent}} tElapsed=18054863, maxElapsed=18069805, interval=0, when = 1571049933056, triggerTime = 2019-10-14 06:45:33, flags=0x8
10-14 06:45:13.134  1178  1178 D AlarmManager: setImpl() action = android.content.jobscheduler.JOB_DEADLINE_EXPIRED, component = null, type = 3, operation = PendingIntent{817d440: PendingIntentRecord{e510f79 android broadcastIntent}} tElapsed=18074863, maxElapsed=18104804, interval=0, when = 1571049953056, triggerTime = 2019-10-14 06:45:53, flags=0x8
10-14 06:45:13.790  1178  1696 D AlarmManager: setImpl() action = com.google.android.location.ALARM_WAKEUP_ACTIVITY_DETECTION, component = null, type = 2, operation = PendingIntent{8a3fde7: PendingIntentRecord{33b5be8 com.google.android.gms broadcastIntent}} tElapsed=18273696, maxElapsed=18353696, interval=0, when = 1571050151889, triggerTime = 2019-10-14 06:49:11, flags=0x0
10-14 06:45:24.090  1178  1208 D ActivityManager: current mem available is 136640KB
10-14 06:45:27.245  1178  1244 D AlarmManager: waitForAlarm result:4
10-14 06:45:27.245  1178  1244 D AlarmManager: triggerList.size = 1, hasWakeup = true
10-14 06:45:27.246  1178  1244 D AlarmManager: sending alarm.type = 2, action = com.google.android.intent.action.GCM_RECONNECT, cn = null, operation = PendingIntent{12b8534: PendingIntentRecord{211ca14 com.google.android.gms broadcastIntent}}
10-14 06:45:27.246  1178  1244 D BroadcastQueue: Add broadcastBroadcastRecord{cd9ad94 u0 com.google.android.intent.action.GCM_RECONNECT} into (background/order), now header = BroadcastRecord{cd9ad94 u0 com.google.android.intent.action.GCM_RECONNECT}, size = 1
10-14 06:45:27.260  1178  2140 V BroadcastQueue: Finished with ordered broadcast BroadcastRecord{cd9ad94 u0 com.google.android.intent.action.GCM_RECONNECT}, [background], remain = 0
10-14 06:45:30.395  1178  1244 D AlarmManager: waitForAlarm result:4
10-14 06:45:30.395  1178  1244 D AlarmManager: triggerList.size = 1, hasWakeup = true
10-14 06:45:30.396  1178  1244 D AlarmManager: sending alarm.type = 2, action = android.net.dhcp.DhcpClient.wlan0.RENEW, cn = null, operation = PendingIntent{92110d9: PendingIntentRecord{70c7a9e android broadcastIntent}}
10-14 06:45:30.396  1178  1244 D BroadcastQueue: Add broadcastBroadcastRecord{a303d u0 android.net.dhcp.DhcpClient.wlan0.RENEW} into (background/order), now header = BroadcastRecord{a303d u0 android.net.dhcp.DhcpClient.wlan0.RENEW}, size = 1
10-14 06:45:30.399  1178  1178 V BroadcastQueue: Finished with ordered broadcast BroadcastRecord{a303d u0 android.net.dhcp.DhcpClient.wlan0.RENEW}, [background], remain = 0
10-14 06:45:30.410  1178  2012 D AlarmManager: setImpl() action = android.net.dhcp.DhcpClient.wlan0.TIMEOUT, component = null, type = 2, operation = PendingIntent{f932e23: PendingIntentRecord{bcb7f20 android broadcastIntent}} tElapsed=18088217, maxElapsed=18088217, interval=0, when = 1571049966409, triggerTime = 2019-10-14 06:46:06, flags=0x9
10-14 06:45:30.412  1178  2012 D AlarmManager: setImpl() action = android.net.dhcp.DhcpClient.wlan0.KICK, component = null, type = 2, operation = PendingIntent{f651c5c: PendingIntentRecord{7d94b65 android broadcastIntent}} tElapsed=18057219, maxElapsed=18057219, interval=0, when = 1571049932427, triggerTime = 2019-10-14 06:45:32, flags=0x9
10-14 06:45:30.454  1178  2012 D AlarmManager: setImpl() action = android.net.dhcp.DhcpClient.wlan0.RENEW, component = null, type = 2, operation = PendingIntent{92110d9: PendingIntentRecord{70c7a9e android broadcastIntent}} tElapsed=19852257, maxElapsed=19852257, interval=0, when = 1571051730449, triggerTime = 2019-10-14 07:15:30, flags=0x9
10-14 06:45:30.456  1178  1265 D BroadcastQueue: Add broadcastBroadcastRecord{b375032 u-1 android.net.wifi.STATE_CHANGE} into (background/order), now header = BroadcastRecord{b375032 u-1 android.net.wifi.STATE_CHANGE}, size = 1
10-14 06:45:30.514  1178  2240 V BroadcastQueue: Finished with ordered broadcast BroadcastRecord{b375032 u-1 android.net.wifi.STATE_CHANGE}, [background], remain = 0
10-14 06:45:38.348  1178  1244 D AlarmManager: waitForAlarm result:4
10-14 06:45:38.349  1178  1244 D AlarmManager: triggerList.size = 2, hasWakeup = true
10-14 06:45:38.349  1178  1244 D AlarmManager: sending alarm.type = 2, action = com.google.android.location.reporting.collectors.ble.ULR_BLE_SCAN_ALARM, cn = null, operation = PendingIntent{3f2ee48: PendingIntentRecord{6b994e1 com.google.android.gms broadcastIntent}}
10-14 06:45:38.350  1178  1244 D BroadcastQueue: Add broadcastBroadcastRecord{8251b2c u0 com.google.android.location.reporting.collectors.ble.ULR_BLE_SCAN_ALARM} into (background/order), now header = BroadcastRecord{8251b2c u0 com.google.android.location.reporting.collectors.ble.ULR_BLE_SCAN_ALARM}, size = 1
10-14 06:45:38.362  1178  1244 D AlarmManager: sending alarm.type = 3, action = android.content.jobscheduler.JOB_DELAY_EXPIRED, cn = null, operation = PendingIntent{b11687d: PendingIntentRecord{1edc372 android broadcastIntent}}
10-14 06:45:38.372  1178  1244 D BroadcastQueue: Add broadcastBroadcastRecord{61c29f5 u0 android.content.jobscheduler.JOB_DELAY_EXPIRED} into (background/order), now header = BroadcastRecord{8251b2c u0 com.google.android.location.reporting.collectors.ble.ULR_BLE_SCAN_ALARM}, size = 2
10-14 06:45:38.373  1178  2230 V BroadcastQueue: Finished with ordered broadcast BroadcastRecord{8251b2c u0 com.google.android.location.reporting.collectors.ble.ULR_BLE_SCAN_ALARM}, [background], remain = 1
10-14 06:45:38.374  1178  1178 D AlarmManager: setImpl() action = android.content.jobscheduler.JOB_DELAY_EXPIRED, component = null, type = 3, operation = PendingIntent{b11687d: PendingIntentRecord{1edc372 android broadcastIntent}} tElapsed=18282905, maxElapsed=18449947, interval=0, when = 1571050161097, triggerTime = 2019-10-14 06:49:21, flags=0x8
10-14 06:45:38.375  1178  1178 V BroadcastQueue: Finished with ordered broadcast BroadcastRecord{61c29f5 u0 android.content.jobscheduler.JOB_DELAY_EXPIRED}, [background], remain = 0
10-14 06:45:38.400  1178  1178 D AlarmManager: setImpl() action = android.content.jobscheduler.JOB_DELAY_EXPIRED, component = null, type = 3, operation = PendingIntent{b11687d: PendingIntentRecord{1edc372 android broadcastIntent}} tElapsed=18282905, maxElapsed=18449928, interval=0, when = 1571050161098, triggerTime = 2019-10-14 06:49:21, flags=0x8
10-14 06:45:38.402  1178  1178 D AlarmManager: setImpl() action = android.content.jobscheduler.JOB_DEADLINE_EXPIRED, component = null, type = 3, operation = PendingIntent{817d440: PendingIntentRecord{e510f79 android broadcastIntent}} tElapsed=18869099, maxElapsed=19475766, interval=0, when = 1571050747291, triggerTime = 2019-10-14 06:59:07, flags=0x8
10-14 06:45:38.403  1178  1178 D AlarmManager: setImpl() action = android.content.jobscheduler.JOB_DELAY_EXPIRED, component = null, type = 3, operation = PendingIntent{b11687d: PendingIntentRecord{1edc372 android broadcastIntent}} tElapsed=18074863, maxElapsed=18085852, interval=0, when = 1571049953056, triggerTime = 2019-10-14 06:45:53, flags=0x8
10-14 06:45:38.404  1178  1178 D AlarmManager: setImpl() action = android.content.jobscheduler.JOB_DEADLINE_EXPIRED, component = null, type = 3, operation = PendingIntent{817d440: PendingIntentRecord{e510f79 android broadcastIntent}} tElapsed=18094863, maxElapsed=18120851, interval=0, when = 1571049973055, triggerTime = 2019-10-14 06:46:13, flags=0x8
10-14 06:45:39.926  1178  1244 D AlarmManager: waitForAlarm result:4
10-14 06:45:39.926  1178  1244 D AlarmManager: triggerList.size = 1, hasWakeup = true
10-14 06:45:39.927  1178  1244 D AlarmManager: sending alarm.type = 2, action = com.android.bluetooth.btservice.action.ALARM_WAKEUP, cn = null, operation = PendingIntent{87f89d8: PendingIntentRecord{f8adf8d com.android.bluetooth broadcastIntent}}
10-14 06:45:39.927  1178  1244 D BroadcastQueue: Add broadcastBroadcastRecord{98029e2 u0 com.android.bluetooth.btservice.action.ALARM_WAKEUP} into (background/order), now header = BroadcastRecord{98029e2 u0 com.android.bluetooth.btservice.action.ALARM_WAKEUP}, size = 1
10-14 06:45:39.931  1178  1322 V BroadcastQueue: Finished with ordered broadcast BroadcastRecord{98029e2 u0 com.android.bluetooth.btservice.action.ALARM_WAKEUP}, [background], remain = 0
10-14 06:45:42.736  1178  2240 D AlarmManager: setImpl() action = com.android.bluetooth.btservice.action.ALARM_WAKEUP, component = null, type = 2, operation = PendingIntent{f20e173: PendingIntentRecord{7a33830 com.android.bluetooth broadcastIntent}} tElapsed=18961752, maxElapsed=18961752, interval=0, when = 1571050839944, triggerTime = 2019-10-14 07:00:39, flags=0x9
10-14 06:45:48.450  1178  2226 D AlarmManager: setImpl() action = com.google.android.intent.action.MCS_HEARTBEAT, component = null, type = 2, operation = PendingIntent{bdbca9: PendingIntentRecord{f6fab39 com.google.android.gms broadcastIntent}} tElapsed=18620257, maxElapsed=18620257, interval=0, when = 1571050498450, triggerTime = 2019-10-14 06:54:58, flags=0x5
10-14 06:45:48.474  1178  1761 D AlarmManager: setImpl() action = com.google.android.intent.action.MCS_HEARTBEAT, component = null, type = 2, operation = PendingIntent{3fb022e: PendingIntentRecord{f6fab39 com.google.android.gms broadcastIntent}} tElapsed=18620280, maxElapsed=18620280, interval=0, when = 1571050498472, triggerTime = 2019-10-14 06:54:58, flags=0x5
10-14 06:45:53.055  1178  1244 D AlarmManager: waitForAlarm result:8
10-14 06:45:53.055  1178  1244 D AlarmManager: triggerList.size = 1, hasWakeup = false
10-14 06:45:53.056  1178  1244 D AlarmManager: sending alarm.type = 3, action = android.content.jobscheduler.JOB_DELAY_EXPIRED, cn = null, operation = PendingIntent{b11687d: PendingIntentRecord{1edc372 android broadcastIntent}}
10-14 06:45:53.056  1178  1244 D BroadcastQueue: Add broadcastBroadcastRecord{a1e21cf u0 android.content.jobscheduler.JOB_DELAY_EXPIRED} into (background/order), now header = BroadcastRecord{a1e21cf u0 android.content.jobscheduler.JOB_DELAY_EXPIRED}, size = 1
10-14 06:45:53.064  1178  1178 D AlarmManager: setImpl() action = android.content.jobscheduler.JOB_DELAY_EXPIRED, component = null, type = 3, operation = PendingIntent{b11687d: PendingIntentRecord{1edc372 android broadcastIntent}} tElapsed=18282905, maxElapsed=18438931, interval=0, when = 1571050161097, triggerTime = 2019-10-14 06:49:21, flags=0x8
10-14 06:45:53.064  1178  1178 V BroadcastQueue: Finished with ordered broadcast BroadcastRecord{a1e21cf u0 android.content.jobscheduler.JOB_DELAY_EXPIRED}, [background], remain = 0
10-14 06:45:53.086  1178  1178 D AlarmManager: setImpl() action = android.content.jobscheduler.JOB_DELAY_EXPIRED, component = null, type = 3, operation = PendingIntent{b11687d: PendingIntentRecord{1edc372 android broadcastIntent}} tElapsed=18282905, maxElapsed=18438914, interval=0, when = 1571050161098, triggerTime = 2019-10-14 06:49:21, flags=0x8
10-14 06:45:53.088  1178  1178 D AlarmManager: setImpl() action = android.content.jobscheduler.JOB_DEADLINE_EXPIRED, component = null, type = 3, operation = PendingIntent{817d440: PendingIntentRecord{e510f79 android broadcastIntent}} tElapsed=18869099, maxElapsed=19464752, interval=0, when = 1571050747291, triggerTime = 2019-10-14 06:59:07, flags=0x8
10-14 06:45:53.089  1178  1178 D AlarmManager: setImpl() action = android.content.jobscheduler.JOB_DELAY_EXPIRED, component = null, type = 3, operation = PendingIntent{b11687d: PendingIntentRecord{1edc372 android broadcastIntent}} tElapsed=18094863, maxElapsed=18109838, interval=0, when = 1571049973056, triggerTime = 2019-10-14 06:46:13, flags=0x8
10-14 06:45:53.090  1178  1178 D AlarmManager: setImpl() action = android.content.jobscheduler.JOB_DEADLINE_EXPIRED, component = null, type = 3, operation = PendingIntent{817d440: PendingIntentRecord{e510f79 android broadcastIntent}} tElapsed=18114863, maxElapsed=18144837, interval=0, when = 1571049993056, triggerTime = 2019-10-14 06:46:33, flags=0x8
10-14 06:45:54.105  1178  1208 D ActivityManager: current mem available is 133060KB
10-14 06:45:59.999  1178  1244 D AlarmManager: waitForAlarm result:8
10-14 06:45:59.999  1178  1244 D AlarmManager: triggerList.size = 1, hasWakeup = false
10-14 06:46:00.000  1178  1244 D AlarmManager: sending alarm.type = 3, action = android.intent.action.TIME_TICK, cn = null, operation = PendingIntent{6ca61ee: PendingIntentRecord{a16668f android broadcastIntent}}
10-14 06:46:00.000  1178  1244 D BroadcastQueue: Add broadcastBroadcastRecord{dc252de u-1 android.intent.action.TIME_TICK} into (foreground/order), now header = BroadcastRecord{dc252de u-1 android.intent.action.TIME_TICK}, size = 1
10-14 06:46:00.002  1178  1178 D AlarmManager: setImpl() action = android.intent.action.TIME_TICK, component = null, type = 3, operation = PendingIntent{6ca61ee: PendingIntentRecord{a16668f android broadcastIntent}} tElapsed=18141807, maxElapsed=18141807, interval=0, when = 1571050019999, triggerTime = 2019-10-14 06:46:59, flags=0x1
10-14 06:46:00.131  1178  1189 V BroadcastQueue: Finished with ordered broadcast BroadcastRecord{dc252de u-1 android.intent.action.TIME_TICK}, [foreground], remain = 0
10-14 06:46:08.316  1178  1244 D AlarmManager: waitForAlarm result:4
10-14 06:46:08.317  1178  1244 D AlarmManager: triggerList.size = 1, hasWakeup = true
10-14 06:46:08.317  1178  1244 D AlarmManager: sending alarm.type = 2, action = CONTEXT_MANAGER_ALARM_WAKEUP_88414, cn = null, operation = PendingIntent{19e6f93: PendingIntentRecord{5267bd0 com.google.android.gms broadcastIntent}}
10-14 06:46:08.318  1178  1244 D BroadcastQueue: Add broadcastBroadcastRecord{6b11cbf u0 CONTEXT_MANAGER_ALARM_WAKEUP_88414} into (background/order), now header = BroadcastRecord{6b11cbf u0 CONTEXT_MANAGER_ALARM_WAKEUP_88414}, size = 1
10-14 06:46:08.339  1178  1601 V BroadcastQueue: Finished with ordered broadcast BroadcastRecord{6b11cbf u0 CONTEXT_MANAGER_ALARM_WAKEUP_88414}, [background], remain = 0
10-14 06:46:08.398  1178  1612 D AlarmManager: setImpl() action = CONTEXT_MANAGER_ALARM_WAKEUP_88414, component = null, type = 2, operation = PendingIntent{ae59f8c: PendingIntentRecord{ca9c6d5 com.google.android.gms broadcastIntent}} tElapsed=21690204, maxElapsed=21690204, interval=0, when = 1571053568397, triggerTime = 2019-10-14 07:46:08, flags=0x1
10-14 06:46:10.718  1178  1188 D BroadcastQueue: Add broadcastBroadcastRecord{c9cbeea u0 null} into (background/order), now header = BroadcastRecord{c9cbeea u0 null}, size = 1
10-14 06:46:10.731  1178  2230 V BroadcastQueue: Finished with ordered broadcast BroadcastRecord{c9cbeea u0 null}, [background], remain = 0
10-14 06:46:10.745  1178  1800 V WindowManager: addWindow: New client android.os.BinderProxy@3e4c5db: window=Window{f132878 u0 Toast} Callers=com.android.server.wm.Session.addToDisplay:168 android.view.IWindowSession$Stub.onTransact:124 com.android.server.wm.Session.onTransact:130 android.os.Binder.execTransact:453 <bottom of call stack> 
10-14 06:46:13.055  1178  1244 D AlarmManager: waitForAlarm result:4
10-14 06:46:13.056  1178  1244 D AlarmManager: triggerList.size = 2, hasWakeup = true
10-14 06:46:13.056  1178  1244 D AlarmManager: sending alarm.type = 2, action = com.google.android.location.ALARM_WAKEUP_LOCATOR, cn = null, operation = PendingIntent{7ada5c9: PendingIntentRecord{6e7b996 com.google.android.gms broadcastIntent}}
10-14 06:46:13.056  1178  1244 D BroadcastQueue: Add broadcastBroadcastRecord{3dfe4b7 u0 com.google.android.location.ALARM_WAKEUP_LOCATOR} into (background/order), now header = BroadcastRecord{3dfe4b7 u0 com.google.android.location.ALARM_WAKEUP_LOCATOR}, size = 1
