--------- beginning of system
10-14 02:03:06.971   189   200 D vold    : Remounting 10113 as mode read
10-14 02:03:06.980  1178  1248 I chatty  : uid=1000(system) VoldConnector expire 2 lines
10-14 02:03:09.077   189   200 D vold    : Remounting 10113 as mode write
10-14 02:03:09.123  1178  1696 I chatty  : uid=1000(system) Binder_7 expire 2 lines
10-14 02:03:13.266  1178  1244 I chatty  : uid=1000(system) AlarmManager expire 26 lines
10-14 02:03:13.268  1178  1178 I chatty  : uid=1000 system_server expire 19 lines
10-14 02:03:16.078  1178  1322 I chatty  : uid=1000(system) Binder_3 expire 11 lines
10-14 02:03:16.088  1178  2140 I chatty  : uid=1000(system) Binder_C expire 9 lines
10-14 02:03:16.332  1178  1696 I chatty  : uid=1000(system) Binder_7 expire 8 lines
10-14 02:03:16.385  1178  1761 I chatty  : uid=1000(system) Binder_8 expire 11 lines
10-14 02:03:16.530  1178  1339 I chatty  : uid=1000(system) Binder_4 expire 5 lines
10-14 02:03:16.537  1178  1800 I chatty  : uid=1000(system) Binder_9 expire 8 lines
10-14 02:03:16.551  1178  1188 I chatty  : uid=1000(system) Binder_1 expire 4 lines
10-14 02:03:16.581  1178  1215 I chatty  : uid=1000(system) android.display expire 3 lines
10-14 02:03:18.657  1178  1189 I chatty  : uid=1000(system) Binder_2 expire 4 lines
10-14 02:03:19.150  1178  1845 I chatty  : uid=1000(system) Binder_A expire 1 line
10-14 02:03:19.360  1178  2240 I chatty  : uid=1000(system) Binder_10 expire 6 lines
10-14 02:03:19.390  1178  2232 I chatty  : uid=1000(system) Binder_F expire 6 lines
10-14 02:03:19.843  1178  2226 I chatty  : uid=1000(system) Binder_D expire 4 lines
10-14 02:03:20.184  1178  1612 I chatty  : uid=1000(system) Binder_6 expire 5 lines
10-14 02:03:30.749  1178  2230 I chatty  : uid=1000(system) Binder_E expire 7 lines
10-14 02:03:55.287  1178  1178 I chatty  : uid=1000 system_server expire 10 lines
10-14 02:03:55.355  1178  2226 I chatty  : uid=1000(system) Binder_D expire 8 lines
10-14 02:03:55.750  1178  1601 I chatty  : uid=1000(system) Binder_5 expire 7 lines
10-14 02:03:56.012  1178  1845 I chatty  : uid=1000(system) Binder_A expire 5 lines
10-14 02:03:56.024  1178  1339 I chatty  : uid=1000(system) Binder_4 expire 9 lines
10-14 02:03:56.035  1178  1208 I chatty  : uid=1000(system) ActivityManager expire 3 lines
10-14 02:03:59.424  1178  1696 I chatty  : uid=1000(system) Binder_7 expire 2 lines
10-14 02:03:59.433  1178  2232 I chatty  : uid=1000(system) Binder_F expire 13 lines
10-14 02:04:00.000  1178  1244 I chatty  : uid=1000(system) AlarmManager expire 12 lines
10-14 02:04:00.101  1178  1188 I chatty  : uid=1000(system) Binder_1 expire 2 lines
10-14 02:04:01.640  1178  1189 I chatty  : uid=1000(system) Binder_2 expire 6 lines
10-14 02:04:02.719  1178  1800 I chatty  : uid=1000(system) Binder_9 expire 9 lines
10-14 02:04:02.721   189   200 D vold    : Remounting 10113 as mode read
10-14 02:04:02.730  1178  1248 I chatty  : uid=1000(system) VoldConnector expire 2 lines
10-14 02:04:02.767  1178  1322 I chatty  : uid=1000(system) Binder_3 expire 3 lines
10-14 02:04:05.024   189   200 D vold    : Remounting 10113 as mode write
10-14 02:04:05.066  1178  1761 I chatty  : uid=1000(system) Binder_8 expire 2 lines
10-14 02:04:05.086  1178  1612 I chatty  : uid=1000(system) Binder_6 expire 3 lines
10-14 02:04:06.310  1178  1207 I chatty  : uid=1000(system) android.bg expire 2 lines
10-14 02:04:11.103  1178  2240 I chatty  : uid=1000(system) Binder_10 expire 5 lines
10-14 02:04:12.404  1178  1245 I chatty  : uid=1000(system) InputDispatcher expire 12 lines
10-14 02:04:12.618  1178  2137 I chatty  : uid=1000(system) Binder_B expire 5 lines
10-14 02:04:14.419  1178  1215 I chatty  : uid=1000(system) android.display expire 3 lines
10-14 02:04:17.417  1178  2140 I chatty  : uid=1000(system) Binder_C expire 9 lines
10-14 02:04:19.449  1178  1339 I chatty  : uid=1000(system) Binder_4 expire 6 lines
10-14 02:04:19.542  1178  1761 I chatty  : uid=1000(system) Binder_8 expire 6 lines
10-14 02:04:19.548  1178  2137 I chatty  : uid=1000(system) Binder_B expire 6 lines
10-14 02:04:19.578  1178  2230 I chatty  : uid=1000(system) Binder_E expire 5 lines
10-14 02:04:19.653  1178  1612 I chatty  : uid=1000(system) Binder_6 expire 11 lines
10-14 02:04:19.697  1178  2240 I chatty  : uid=1000(system) Binder_10 expire 2 lines
10-14 02:04:19.747  1178  1696 I chatty  : uid=1000(system) Binder_7 expire 5 lines
10-14 02:04:19.754  1178  2226 I chatty  : uid=1000(system) Binder_D expire 4 lines
10-14 02:04:19.759  1178  1800 I chatty  : uid=1000(system) Binder_9 expire 2 lines
10-14 02:04:19.803  1178  1601 I chatty  : uid=1000(system) Binder_5 expire 8 lines
10-14 02:04:25.921  1178  1244 I chatty  : uid=1000(system) AlarmManager expire 22 lines
10-14 02:04:25.943  1178  2232 I chatty  : uid=1000(system) Binder_F expire 2 lines
10-14 02:04:25.948  1178  1188 I chatty  : uid=1000(system) Binder_1 expire 2 lines
10-14 02:04:26.670  1178  1207 I chatty  : uid=1000(system) android.bg expire 6 lines
10-14 02:04:30.968  1178  1845 I chatty  : uid=1000(system) Binder_A expire 3 lines
10-14 02:04:32.688  1178  1178 I chatty  : uid=1000 system_server expire 15 lines
10-14 02:05:07.098  1178  1208 I chatty  : uid=1000(system) ActivityManager expire 3 lines
10-14 02:05:09.403  1178  1189 I chatty  : uid=1000(system) Binder_2 expire 2 lines
10-14 02:05:13.798   189   200 D vold    : Remounting 10113 as mode read
10-14 02:05:13.808  1178  1248 I chatty  : uid=1000(system) VoldConnector expire 2 lines
10-14 02:05:15.254  1178  1244 I chatty  : uid=1000(system) AlarmManager expire 4 lines
10-14 02:05:15.261  1178  1178 I chatty  : uid=1000 system_server expire 6 lines
10-14 02:05:16.084   189   200 D vold    : Remounting 10113 as mode write
10-14 02:05:17.641  1178  1265 I chatty  : uid=1000(system) WifiStateMachin expire 1 line
10-14 02:05:17.649  1178  1322 I chatty  : uid=1000(system) Binder_3 expire 7 lines
10-14 02:05:17.704  1178  1761 I chatty  : uid=1000(system) Binder_8 expire 7 lines
10-14 02:05:17.846  1178  2140 I chatty  : uid=1000(system) Binder_C expire 7 lines
10-14 02:05:17.851  1178  1339 I chatty  : uid=1000(system) Binder_4 expire 5 lines
10-14 02:05:19.599  1178  2232 I chatty  : uid=1000(system) Binder_F expire 4 lines
10-14 02:05:21.122  1178  1189 I chatty  : uid=1000(system) Binder_2 expire 9 lines
10-14 02:05:21.869  1178  2137 I chatty  : uid=1000(system) Binder_B expire 6 lines
10-14 02:05:21.885  1178  1696 I chatty  : uid=1000(system) Binder_7 expire 3 lines
10-14 02:05:23.247  1178  1245 I chatty  : uid=1000(system) InputDispatcher expire 24 lines
10-14 02:05:24.371  1178  2226 I chatty  : uid=1000(system) Binder_D expire 3 lines
10-14 02:05:24.379  1178  1800 I chatty  : uid=1000(system) Binder_9 expire 9 lines
10-14 02:05:24.525  1178  1845 I chatty  : uid=1000(system) Binder_A expire 12 lines
10-14 02:05:24.776  1178  1188 I chatty  : uid=1000(system) Binder_1 expire 4 lines
10-14 02:05:26.325  1178  1215 I chatty  : uid=1000(system) android.display expire 3 lines
10-14 02:05:26.410  1178  1601 I chatty  : uid=1000(system) Binder_5 expire 7 lines
10-14 02:05:28.199  1178  1612 I chatty  : uid=1000(system) Binder_6 expire 3 lines
10-14 02:05:28.371  1178  2240 I chatty  : uid=1000(system) Binder_10 expire 3 lines
10-14 02:05:31.114  1178  2230 I chatty  : uid=1000(system) Binder_E expire 5 lines
10-14 02:05:31.555  1178  1178 I chatty  : uid=1000 system_server expire 7 lines
10-14 02:05:35.254  1178  1244 I chatty  : uid=1000(system) AlarmManager expire 21 lines
10-14 02:05:39.735  1178  1800 I chatty  : uid=1000(system) Binder_9 expire 7 lines
10-14 02:05:56.276  1178  1188 I chatty  : uid=1000(system) Binder_1 expire 7 lines
10-14 02:05:56.365  1178  1845 I chatty  : uid=1000(system) Binder_A expire 7 lines
10-14 02:05:56.367  1178  1601 I chatty  : uid=1000(system) Binder_5 expire 2 lines
10-14 02:05:56.397  1178  1761 I chatty  : uid=1000(system) Binder_8 expire 4 lines
10-14 02:05:56.435  1178  1696 I chatty  : uid=1000(system) Binder_7 expire 8 lines
10-14 02:05:56.448  1178  2230 I chatty  : uid=1000(system) Binder_E expire 5 lines
10-14 02:05:56.459  1178  2140 I chatty  : uid=1000(system) Binder_C expire 5 lines
10-14 02:05:56.459  1178  2137 I chatty  : uid=1000(system) Binder_B expire 11 lines
10-14 02:05:56.466  1178  1189 I chatty  : uid=1000(system) Binder_2 expire 4 lines
10-14 02:05:56.478  1178  1339 I chatty  : uid=1000(system) Binder_4 expire 1 line
10-14 02:05:56.489  1178  1178 I chatty  : uid=1000 system_server expire 13 lines
10-14 02:05:56.498  1178  2226 I chatty  : uid=1000(system) Binder_D expire 4 lines
10-14 02:05:57.098  1178  2240 I chatty  : uid=1000(system) Binder_10 expire 1 line
10-14 02:05:58.610  1178  1322 I chatty  : uid=1000(system) Binder_3 expire 2 lines
10-14 02:05:59.942  1178  1612 I chatty  : uid=1000(system) Binder_6 expire 5 lines
10-14 02:06:00.035  1178  1208 I chatty  : uid=1000(system) ActivityManager expire 3 lines
10-14 02:06:01.106  1178  2232 I chatty  : uid=1000(system) Binder_F expire 4 lines
10-14 02:06:06.739   189   200 D vold    : Remounting 10113 as mode read
10-14 02:06:06.748  1178  1248 I chatty  : uid=1000(system) VoldConnector expire 2 lines
10-14 02:06:06.806  1178  2137 I chatty  : uid=1000(system) Binder_B expire 1 line
10-14 02:06:09.010   189   200 D vold    : Remounting 10113 as mode write
10-14 02:06:16.445  1178  1245 I chatty  : uid=1000(system) InputDispatcher expire 12 lines
10-14 02:06:16.659  1178  1244 I chatty  : uid=1000(system) AlarmManager expire 23 lines
10-14 02:06:17.926  1178  1696 I chatty  : uid=1000(system) Binder_7 expire 6 lines
10-14 02:06:17.943  1178  2232 I chatty  : uid=1000(system) Binder_F expire 4 lines
10-14 02:06:17.995  1178  1601 I chatty  : uid=1000(system) Binder_5 expire 6 lines
10-14 02:06:18.042  1178  2226 I chatty  : uid=1000(system) Binder_D expire 4 lines
10-14 02:06:18.187  1178  1761 I chatty  : uid=1000(system) Binder_8 expire 6 lines
10-14 02:06:18.193  1178  2230 I chatty  : uid=1000(system) Binder_E expire 3 lines
10-14 02:06:18.208  1178  1800 I chatty  : uid=1000(system) Binder_9 expire 10 lines
10-14 02:06:18.216  1178  2240 I chatty  : uid=1000(system) Binder_10 expire 8 lines
10-14 02:06:18.238  1178  1215 I chatty  : uid=1000(system) android.display expire 3 lines
10-14 02:06:18.320  1178  2137 I chatty  : uid=1000(system) Binder_B expire 9 lines
10-14 02:06:19.183  1178  1188 I chatty  : uid=1000(system) Binder_1 expire 2 lines
10-14 02:06:20.919  1178  1845 I chatty  : uid=1000(system) Binder_A expire 9 lines
10-14 02:06:21.488  1178  1612 I chatty  : uid=1000(system) Binder_6 expire 4 lines
10-14 02:06:21.497  1178  2140 I chatty  : uid=1000(system) Binder_C expire 3 lines
10-14 02:06:21.704  1178  1322 I chatty  : uid=1000(system) Binder_3 expire 14 lines
10-14 02:06:23.110  1178  1178 I chatty  : uid=1000 system_server expire 20 lines
10-14 02:07:20.211  1178  1339 I chatty  : uid=1000(system) Binder_4 expire 8 lines
10-14 02:07:21.536  1178  1322 I chatty  : uid=1000(system) Binder_3 expire 6 lines
10-14 02:07:21.539  1178  2232 I chatty  : uid=1000(system) Binder_F expire 8 lines
10-14 02:07:21.544  1178  1188 I chatty  : uid=1000(system) Binder_1 expire 8 lines
10-14 02:07:21.555  1178  1208 I chatty  : uid=1000(system) ActivityManager expire 4 lines
10-14 02:07:22.864  1178  1761 I chatty  : uid=1000(system) Binder_8 expire 7 lines
10-14 02:07:22.887  1178  2230 I chatty  : uid=1000(system) Binder_E expire 9 lines
10-14 02:07:23.938  1178  2137 I chatty  : uid=1000(system) Binder_B expire 5 lines
10-14 02:07:25.812  1178  2240 I chatty  : uid=1000(system) Binder_10 expire 3 lines
10-14 02:07:26.246  1178  1189 I chatty  : uid=1000(system) Binder_2 expire 3 lines
10-14 02:07:27.311  1178  1245 I chatty  : uid=1000(system) InputDispatcher expire 12 lines
10-14 02:07:27.582  1178  2226 I chatty  : uid=1000(system) Binder_D expire 9 lines
10-14 02:07:27.625  1178  1845 I chatty  : uid=1000(system) Binder_A expire 6 lines
10-14 02:07:27.710  1178  1696 I chatty  : uid=1000(system) Binder_7 expire 3 lines
10-14 02:07:27.738  1178  1800 I chatty  : uid=1000(system) Binder_9 expire 5 lines
10-14 02:07:28.653  1178  2140 I chatty  : uid=1000(system) Binder_C expire 3 lines
10-14 02:07:28.654   189   200 D vold    : Remounting 10113 as mode read
10-14 02:07:28.663  1178  1248 I chatty  : uid=1000(system) VoldConnector expire 2 lines
10-14 02:07:28.964  1178  1612 I chatty  : uid=1000(system) Binder_6 expire 4 lines
10-14 02:07:30.766   189   200 D vold    : Remounting 10113 as mode write
10-14 02:07:33.944  1178  1601 I chatty  : uid=1000(system) Binder_5 expire 9 lines
10-14 02:07:35.255  1178  1244 I chatty  : uid=1000(system) AlarmManager expire 8 lines
10-14 02:07:35.257  1178  1178 I chatty  : uid=1000 system_server expire 7 lines
10-14 02:07:38.242  1178  1215 I chatty  : uid=1000(system) android.display expire 3 lines
10-14 02:07:50.479  1178  1339 I chatty  : uid=1000(system) Binder_4 expire 6 lines
10-14 02:07:50.485  1178  2140 I chatty  : uid=1000(system) Binder_C expire 2 lines
10-14 02:07:50.488  1178  2137 I chatty  : uid=1000(system) Binder_B expire 5 lines
10-14 02:07:50.494  1178  1188 I chatty  : uid=1000(system) Binder_1 expire 6 lines
10-14 02:07:50.543  1178  2230 I chatty  : uid=1000(system) Binder_E expire 3 lines
10-14 02:07:50.551  1178  2232 I chatty  : uid=1000(system) Binder_F expire 9 lines
10-14 02:07:50.557  1178  1601 I chatty  : uid=1000(system) Binder_5 expire 5 lines
10-14 02:07:50.557  1178  2226 I chatty  : uid=1000(system) Binder_D expire 3 lines
10-14 02:07:50.565  1178  2240 I chatty  : uid=1000(system) Binder_10 expire 3 lines
10-14 02:07:50.609  1178  1189 I chatty  : uid=1000(system) Binder_2 expire 3 lines
10-14 02:07:50.609  1178  1322 I chatty  : uid=1000(system) Binder_3 expire 4 lines
10-14 02:07:50.617  1178  1612 I chatty  : uid=1000(system) Binder_6 expire 6 lines
10-14 02:07:50.622  1178  1800 I chatty  : uid=1000(system) Binder_9 expire 3 lines
10-14 02:07:50.696  1178  1761 I chatty  : uid=1000(system) Binder_8 expire 5 lines
10-14 02:07:50.919  1178  1845 I chatty  : uid=1000(system) Binder_A expire 7 lines
10-14 02:07:50.929  1178  1696 I chatty  : uid=1000(system) Binder_7 expire 6 lines
10-14 02:07:57.377  1178  1244 I chatty  : uid=1000(system) AlarmManager expire 26 lines
10-14 02:07:57.502  1178  1178 I chatty  : uid=1000 system_server expire 13 lines
10-14 02:07:59.442  1178  1265 I chatty  : uid=1000(system) WifiStateMachin expire 1 line
10-14 02:08:11.377  1178  1216 I chatty  : uid=1000(system) lmfsTracker expire 10 lines
10-14 02:08:11.558  1178  1268 I chatty  : uid=1000(system) ConnectivitySer expire 2 lines
10-14 02:08:22.269   260  9390 W SocketClient: write error (Broken pipe)
10-14 02:08:35.274  1178  1244 I chatty  : uid=1000(system) AlarmManager expire 40 lines
10-14 02:08:35.276  1178  1178 I chatty  : uid=1000 system_server expire 31 lines
10-14 02:08:42.305  1178  1601 I chatty  : uid=1000(system) Binder_5 expire 2 lines
10-14 02:08:42.313  1178  1845 I chatty  : uid=1000(system) Binder_A expire 3 lines
10-14 02:08:45.892  1178  1339 I chatty  : uid=1000(system) Binder_4 expire 8 lines
10-14 02:08:46.057  1178  1188 I chatty  : uid=1000(system) Binder_1 expire 4 lines
10-14 02:08:46.101  1178  1800 I chatty  : uid=1000(system) Binder_9 expire 2 lines
10-14 02:08:46.187  1178  1612 I chatty  : uid=1000(system) Binder_6 expire 5 lines
10-14 02:08:46.214  1178  2140 I chatty  : uid=1000(system) Binder_C expire 4 lines
10-14 02:08:47.448  1178  1245 I chatty  : uid=1000(system) InputDispatcher expire 12 lines
10-14 02:08:47.581  1178  2232 I chatty  : uid=1000(system) Binder_F expire 3 lines
10-14 02:08:47.587  1178  1322 I chatty  : uid=1000(system) Binder_3 expire 2 lines
10-14 02:08:47.597  1178  2137 I chatty  : uid=1000(system) Binder_B expire 4 lines
10-14 02:08:58.513  1178  2230 I chatty  : uid=1000(system) Binder_E expire 2 lines
10-14 02:08:58.521  1178  1189 I chatty  : uid=1000(system) Binder_2 expire 2 lines
10-14 02:09:00.101  1178  2226 I chatty  : uid=1000(system) Binder_D expire 2 lines
10-14 02:09:30.331  1178  1696 I chatty  : uid=1000(system) Binder_7 expire 2 lines
10-14 02:09:58.605  1178  1761 I chatty  : uid=1000(system) Binder_8 expire 1 line
10-14 02:09:59.468  1178  1265 I chatty  : uid=1000(system) WifiStateMachin expire 1 line
10-14 02:09:59.575  1178  2240 I chatty  : uid=1000(system) Binder_10 expire 6 lines
10-14 02:09:59.578  1178  2140 I chatty  : uid=1000(system) Binder_C expire 8 lines
10-14 02:09:59.586  1178  1845 I chatty  : uid=1000(system) Binder_A expire 5 lines
10-14 02:09:59.587  1178  1322 I chatty  : uid=1000(system) Binder_3 expire 6 lines
10-14 02:09:59.591  1178  2226 I chatty  : uid=1000(system) Binder_D expire 10 lines
10-14 02:09:59.999  1178  1244 I chatty  : uid=1000(system) AlarmManager expire 8 lines
10-14 02:10:00.002  1178  1178 I chatty  : uid=1000 system_server expire 8 lines
10-14 02:10:00.095  1178  1188 I chatty  : uid=1000(system) Binder_1 expire 8 lines
10-14 02:10:08.777  1178  1339 I chatty  : uid=1000(system) Binder_4 expire 21 lines
10-14 02:10:08.785  1178  2230 I chatty  : uid=1000(system) Binder_E expire 4 lines
10-14 02:10:10.128  1178  1208 I chatty  : uid=1000(system) ActivityManager expire 3 lines
10-14 02:10:10.150  1178  1189 I chatty  : uid=1000(system) Binder_2 expire 5 lines
10-14 02:10:12.440  1178  2137 I chatty  : uid=1000(system) Binder_B expire 5 lines
10-14 02:10:13.465  1178  1800 I chatty  : uid=1000(system) Binder_9 expire 5 lines
10-14 02:10:14.498  1178  1612 I chatty  : uid=1000(system) Binder_6 expire 4 lines
10-14 02:10:15.573  1178  1761 I chatty  : uid=1000(system) Binder_8 expire 7 lines
10-14 02:10:16.587   189   200 D vold    : Remounting 10113 as mode read
10-14 02:10:16.595  1178  1248 I chatty  : uid=1000(system) VoldConnector expire 2 lines
10-14 02:10:18.712   189   200 D vold    : Remounting 10113 as mode write
10-14 02:10:25.906  1178  2232 I chatty  : uid=1000(system) Binder_F expire 4 lines
10-14 02:10:26.106  1178  1215 I chatty  : uid=1000(system) android.display expire 3 lines
10-14 02:10:26.942  1178  1601 I chatty  : uid=1000(system) Binder_5 expire 3 lines
10-14 02:10:28.492  1178  1696 I chatty  : uid=1000(system) Binder_7 expire 5 lines
10-14 02:10:34.518  1178  1188 I chatty  : uid=1000(system) Binder_1 expire 2 lines
10-14 02:10:34.700  1178  1601 I chatty  : uid=1000(system) Binder_5 expire 4 lines
10-14 02:10:34.707  1178  2137 I chatty  : uid=1000(system) Binder_B expire 6 lines
10-14 02:10:34.723  1178  1339 I chatty  : uid=1000(system) Binder_4 expire 9 lines
10-14 02:10:34.730  1178  2140 I chatty  : uid=1000(system) Binder_C expire 5 lines
10-14 02:10:34.782  1178  1612 I chatty  : uid=1000(system) Binder_6 expire 8 lines
10-14 02:10:35.178  1178  2240 I chatty  : uid=1000(system) Binder_10 expire 2 lines
10-14 02:10:35.178  1178  1189 I chatty  : uid=1000(system) Binder_2 expire 3 lines
10-14 02:10:35.274  1178  1244 I chatty  : uid=1000(system) AlarmManager expire 27 lines
10-14 02:10:35.276  1178  1178 I chatty  : uid=1000 system_server expire 25 lines
10-14 02:10:36.080  1178  2232 I chatty  : uid=1000(system) Binder_F expire 3 lines
10-14 02:10:39.730  1178  1761 I chatty  : uid=1000(system) Binder_8 expire 5 lines
10-14 02:10:39.818  1178  2877 I chatty  : uid=1000(system) NetworkMonitorN expire 1 line
10-14 02:10:39.819  1178  1268 I chatty  : uid=1000(system) ConnectivitySer expire 2 lines
10-14 02:10:41.005  1178  2230 I chatty  : uid=1000(system) Binder_E expire 4 lines
10-14 02:10:59.628  1178  1800 I chatty  : uid=1000(system) Binder_9 expire 2 lines
10-14 02:10:59.684  1178  2226 I chatty  : uid=1000(system) Binder_D expire 1 line
10-14 02:11:17.656  1178  1265 I chatty  : uid=1000(system) WifiStateMachin expire 1 line
10-14 02:11:17.661  1178  1845 I chatty  : uid=1000(system) Binder_A expire 2 lines
10-14 02:11:17.677  1178  1322 I chatty  : uid=1000(system) Binder_3 expire 4 lines
10-14 02:11:40.672  1178  1245 I chatty  : uid=1000(system) InputDispatcher expire 12 lines
10-14 02:11:58.516  1178  1244 I chatty  : uid=1000(system) AlarmManager expire 36 lines
10-14 02:11:58.529  1178  2226 I chatty  : uid=1000(system) Binder_D expire 4 lines
10-14 02:11:58.562  1178  1189 I chatty  : uid=1000(system) Binder_2 expire 3 lines
10-14 02:11:58.566  1178  1339 I chatty  : uid=1000(system) Binder_4 expire 4 lines
10-14 02:11:58.567  1178  1178 I chatty  : uid=1000 system_server expire 26 lines
10-14 02:11:59.490  1178  1265 I chatty  : uid=1000(system) WifiStateMachin expire 1 line
10-14 02:11:59.514  1178  2230 I chatty  : uid=1000(system) Binder_E expire 6 lines
10-14 02:11:59.538  1178  1601 I chatty  : uid=1000(system) Binder_5 expire 4 lines
10-14 02:11:59.541  1178  1188 I chatty  : uid=1000(system) Binder_1 expire 2 lines
10-14 02:11:59.677  1178  2140 I chatty  : uid=1000(system) Binder_C expire 3 lines
10-14 02:11:59.691  1178  1696 I chatty  : uid=1000(system) Binder_7 expire 6 lines
10-14 02:11:59.693  1178  2240 I chatty  : uid=1000(system) Binder_10 expire 2 lines
10-14 02:11:59.712  1178  2137 I chatty  : uid=1000(system) Binder_B expire 4 lines
10-14 02:12:00.096  1178  1845 I chatty  : uid=1000(system) Binder_A expire 3 lines
10-14 02:12:41.165  1178  1761 I chatty  : uid=1000(system) Binder_8 expire 2 lines
10-14 02:12:59.476  1178  2232 I chatty  : uid=1000(system) Binder_F expire 7 lines
10-14 02:12:59.743  1178  1612 I chatty  : uid=1000(system) Binder_6 expire 7 lines
10-14 02:12:59.838  1178  1322 I chatty  : uid=1000(system) Binder_3 expire 1 line
10-14 02:13:00.113  1178  1800 I chatty  : uid=1000(system) Binder_9 expire 2 lines
10-14 02:13:00.948  1178  1208 I chatty  : uid=1000(system) ActivityManager expire 3 lines
10-14 02:13:07.420   189   200 D vold    : Remounting 10113 as mode read
10-14 02:13:07.429  1178  1248 I chatty  : uid=1000(system) VoldConnector expire 2 lines
10-14 02:13:09.522   189   200 D vold    : Remounting 10113 as mode write
10-14 02:13:15.274  1178  1244 I chatty  : uid=1000(system) AlarmManager expire 23 lines
10-14 02:13:15.276  1178  1178 I chatty  : uid=1000 system_server expire 19 lines
10-14 02:13:16.379  1178  1188 I chatty  : uid=1000(system) Binder_1 expire 8 lines
10-14 02:13:16.385  1178  1339 I chatty  : uid=1000(system) Binder_4 expire 6 lines
10-14 02:13:16.632  1178  1761 I chatty  : uid=1000(system) Binder_8 expire 12 lines
10-14 02:13:16.877  1178  1215 I chatty  : uid=1000(system) android.display expire 3 lines
10-14 02:13:17.088  1178  1696 I chatty  : uid=1000(system) Binder_7 expire 3 lines
10-14 02:13:17.098  1178  1612 I chatty  : uid=1000(system) Binder_6 expire 5 lines
10-14 02:13:17.136  1178  2240 I chatty  : uid=1000(system) Binder_10 expire 8 lines
10-14 02:13:18.963  1178  1601 I chatty  : uid=1000(system) Binder_5 expire 10 lines
10-14 02:13:18.982  1178  1322 I chatty  : uid=1000(system) Binder_3 expire 6 lines
10-14 02:13:19.259  1178  2232 I chatty  : uid=1000(system) Binder_F expire 4 lines
10-14 02:13:20.920  1178  2226 I chatty  : uid=1000(system) Binder_D expire 7 lines
10-14 02:13:20.925  1178  2137 I chatty  : uid=1000(system) Binder_B expire 3 lines
10-14 02:13:21.000  1178  2230 I chatty  : uid=1000(system) Binder_E expire 4 lines
10-14 02:13:21.048  1178  1845 I chatty  : uid=1000(system) Binder_A expire 1 line
10-14 02:13:21.931  1178  1800 I chatty  : uid=1000(system) Binder_9 expire 4 lines
10-14 02:13:22.639  1178  1189 I chatty  : uid=1000(system) Binder_2 expire 3 lines
10-14 02:13:30.086  1178  2140 I chatty  : uid=1000(system) Binder_C expire 1 line
10-14 02:13:59.478  1178  1265 I chatty  : uid=1000(system) WifiStateMachin expire 2 lines
10-14 02:13:59.999  1178  1244 I chatty  : uid=1000(system) AlarmManager expire 52 lines
10-14 02:14:00.005  1178  1178 I chatty  : uid=1000 system_server expire 29 lines
10-14 02:14:00.107  1178  2232 I chatty  : uid=1000(system) Binder_F expire 2 lines
10-14 02:14:00.188  1178  1188 I chatty  : uid=1000(system) Binder_1 expire 5 lines
10-14 02:14:00.522  1178  1761 I chatty  : uid=1000(system) Binder_8 expire 5 lines
10-14 02:14:00.538  1178  2140 I chatty  : uid=1000(system) Binder_C expire 2 lines
10-14 02:14:00.540  1178  2226 I chatty  : uid=1000(system) Binder_D expire 2 lines
10-14 02:14:00.555  1178  2230 I chatty  : uid=1000(system) Binder_E expire 3 lines
10-14 02:14:35.623  1178  1800 I chatty  : uid=1000(system) Binder_9 expire 8 lines
10-14 02:14:45.630  1178  1322 I chatty  : uid=1000(system) Binder_3 expire 3 lines
10-14 02:14:50.802  1178  1208 I chatty  : uid=1000(system) ActivityManager expire 1 line
10-14 02:14:50.819  1178  1207 I chatty  : uid=1000(system) android.bg expire 1 line
10-14 02:15:00.116  1178  1612 I chatty  : uid=1000(system) Binder_6 expire 1 line
10-14 02:15:01.022  1178  1339 I chatty  : uid=1000(system) Binder_4 expire 2 lines
10-14 02:15:05.737  1178  1189 I chatty  : uid=1000(system) Binder_2 expire 1 line
10-14 02:15:05.757  1178  1845 I chatty  : uid=1000(system) Binder_A expire 2 lines
10-14 02:15:05.872  1178  2240 I chatty  : uid=1000(system) Binder_10 expire 2 lines
10-14 02:15:05.876  1178  1601 I chatty  : uid=1000(system) Binder_5 expire 3 lines
10-14 02:15:15.393  1178  1260 I chatty  : uid=1000(system) NetworkStats expire 1 line
10-14 02:15:27.477  1178  2012 I chatty  : uid=1000(system) DhcpClient expire 3 lines
10-14 02:15:38.349  1178  1244 I chatty  : uid=1000(system) AlarmManager expire 11 lines
10-14 02:15:38.356  1178  2240 I chatty  : uid=1000(system) Binder_10 expire 6 lines
10-14 02:15:38.357  1178  1178 I chatty  : uid=1000 system_server expire 11 lines
10-14 02:15:38.461  1178  1601 I chatty  : uid=1000(system) Binder_5 expire 6 lines
10-14 02:15:39.316  1178  2232 I chatty  : uid=1000(system) Binder_F expire 7 lines
10-14 02:15:39.475  1178  1761 I chatty  : uid=1000(system) Binder_8 expire 10 lines
10-14 02:15:39.484  1178  1800 I chatty  : uid=1000(system) Binder_9 expire 10 lines
10-14 02:15:39.484  1178  1208 I chatty  : uid=1000(system) ActivityManager expire 3 lines
10-14 02:15:39.516  1178  1696 I chatty  : uid=1000(system) Binder_7 expire 6 lines
10-14 02:15:41.093  1178  2230 I chatty  : uid=1000(system) Binder_E expire 1 line
10-14 02:15:41.107  1178  1845 I chatty  : uid=1000(system) Binder_A expire 2 lines
10-14 02:15:41.869  1178  1339 I chatty  : uid=1000(system) Binder_4 expire 4 lines
10-14 02:15:41.879  1178  1188 I chatty  : uid=1000(system) Binder_1 expire 6 lines
10-14 02:15:42.560  1178  2140 I chatty  : uid=1000(system) Binder_C expire 4 lines
10-14 02:15:42.957  1178  2137 I chatty  : uid=1000(system) Binder_B expire 10 lines
10-14 02:15:46.343   189   200 D vold    : Remounting 10113 as mode read
10-14 02:15:46.351  1178  1248 I chatty  : uid=1000(system) VoldConnector expire 2 lines
10-14 02:15:48.638  1178  2226 I chatty  : uid=1000(system) Binder_D expire 8 lines
10-14 02:15:48.638   189   200 D vold    : Remounting 10113 as mode write
10-14 02:15:55.953  1178  1245 I chatty  : uid=1000(system) InputDispatcher expire 12 lines
10-14 02:15:57.692  1178  1612 I chatty  : uid=1000(system) Binder_6 expire 2 lines
10-14 02:15:57.760  1178  1215 I chatty  : uid=1000(system) android.display expire 3 lines
10-14 02:15:59.999  1178  1244 I chatty  : uid=1000(system) AlarmManager expire 4 lines
10-14 02:16:01.646  1178  1322 I chatty  : uid=1000(system) Binder_3 expire 6 lines
10-14 02:16:02.061  1178  1845 I chatty  : uid=1000(system) Binder_A expire 5 lines
10-14 02:16:02.405  1178  1761 I chatty  : uid=1000(system) Binder_8 expire 5 lines
10-14 02:16:02.516  1178  1612 I chatty  : uid=1000(system) Binder_6 expire 3 lines
10-14 02:16:02.766  1178  2240 I chatty  : uid=1000(system) Binder_10 expire 4 lines
10-14 02:16:02.772  1178  1189 I chatty  : uid=1000(system) Binder_2 expire 1 line
10-14 02:16:02.904  1178  2226 I chatty  : uid=1000(system) Binder_D expire 3 lines
10-14 02:16:02.993  1178  2140 I chatty  : uid=1000(system) Binder_C expire 9 lines
10-14 02:16:03.040  1178  1178 I chatty  : uid=1000 system_server expire 20 lines
10-14 02:16:03.066  1178  2137 I chatty  : uid=1000(system) Binder_B expire 5 lines
10-14 02:16:03.223  1178  1696 I chatty  : uid=1000(system) Binder_7 expire 2 lines
10-14 02:16:03.229  1178  1339 I chatty  : uid=1000(system) Binder_4 expire 2 lines
10-14 02:16:03.250  1178  1800 I chatty  : uid=1000(system) Binder_9 expire 3 lines
10-14 02:16:03.428  1178  2230 I chatty  : uid=1000(system) Binder_E expire 3 lines
10-14 02:16:03.443  1178  1601 I chatty  : uid=1000(system) Binder_5 expire 4 lines
10-14 02:16:04.737  1178  1244 I chatty  : uid=1000(system) AlarmManager expire 39 lines
10-14 02:16:04.829  1178  2232 I chatty  : uid=1000(system) Binder_F expire 7 lines
10-14 02:16:04.855  1178  1188 I chatty  : uid=1000(system) Binder_1 expire 4 lines
10-14 02:16:05.787  1178  1265 I chatty  : uid=1000(system) WifiStateMachin expire 2 lines
10-14 02:17:15.278  1178  1178 I chatty  : uid=1000 system_server expire 22 lines
10-14 02:17:15.316  1178  1244 I chatty  : uid=1000(system) AlarmManager expire 26 lines
10-14 02:17:15.439  1178  1800 I chatty  : uid=1000(system) Binder_9 expire 5 lines
10-14 02:17:20.171  1178  2137 I chatty  : uid=1000(system) Binder_B expire 3 lines
10-14 02:17:20.208  1178  1761 I chatty  : uid=1000(system) Binder_8 expire 11 lines
10-14 02:17:21.251  1178  1601 I chatty  : uid=1000(system) Binder_5 expire 7 lines
10-14 02:17:27.856  1178  1696 I chatty  : uid=1000(system) Binder_7 expire 4 lines
10-14 02:17:27.883  1178  2226 I chatty  : uid=1000(system) Binder_D expire 6 lines
10-14 02:17:27.910  1178  2240 I chatty  : uid=1000(system) Binder_10 expire 4 lines
10-14 02:17:27.921  1178  2140 I chatty  : uid=1000(system) Binder_C expire 1 line
10-14 02:17:29.284  1178  2230 I chatty  : uid=1000(system) Binder_E expire 6 lines
10-14 02:17:29.295  1178  1208 I chatty  : uid=1000(system) ActivityManager expire 3 lines
10-14 02:17:30.594  1178  1189 I chatty  : uid=1000(system) Binder_2 expire 3 lines
10-14 02:17:31.641  1178  1612 I chatty  : uid=1000(system) Binder_6 expire 2 lines
10-14 02:17:32.645  1178  1845 I chatty  : uid=1000(system) Binder_A expire 2 lines
10-14 02:17:32.666  1178  1288 I chatty  : uid=1000(system) backup expire 4 lines
10-14 02:17:32.959  1178  2232 I chatty  : uid=1000(system) Binder_F expire 4 lines
10-14 02:17:36.178   189   200 D vold    : Remounting 10113 as mode read
10-14 02:17:36.188  1178  1248 I chatty  : uid=1000(system) VoldConnector expire 2 lines
10-14 02:17:36.256  1178  1339 I chatty  : uid=1000(system) Binder_4 expire 1 line
10-14 02:17:38.463   189   200 D vold    : Remounting 10113 as mode write
10-14 02:17:43.389  1178  1761 I chatty  : uid=1000(system) Binder_8 expire 1 line
10-14 02:17:45.778  1178  1245 I chatty  : uid=1000(system) InputDispatcher expire 12 lines
10-14 02:17:45.951  1178  2226 I chatty  : uid=1000(system) Binder_D expire 4 lines
10-14 02:17:45.960  1178  2240 I chatty  : uid=1000(system) Binder_10 expire 3 lines
10-14 02:17:45.960  1178  1612 I chatty  : uid=1000(system) Binder_6 expire 6 lines
10-14 02:17:45.966  1178  1189 I chatty  : uid=1000(system) Binder_2 expire 6 lines
10-14 02:17:46.059  1178  1188 I chatty  : uid=1000(system) Binder_1 expire 2 lines
10-14 02:17:47.034  1178  1322 I chatty  : uid=1000(system) Binder_3 expire 6 lines
10-14 02:17:47.226  1178  2230 I chatty  : uid=1000(system) Binder_E expire 7 lines
10-14 02:17:47.235  1178  1800 I chatty  : uid=1000(system) Binder_9 expire 6 lines
10-14 02:17:47.279  1178  1339 I chatty  : uid=1000(system) Binder_4 expire 10 lines
10-14 02:17:47.460  1178  2232 I chatty  : uid=1000(system) Binder_F expire 4 lines
10-14 02:17:47.504  1178  1845 I chatty  : uid=1000(system) Binder_A expire 7 lines
10-14 02:17:47.529  1178  1215 I chatty  : uid=1000(system) android.display expire 3 lines
10-14 02:17:47.861  1178  1761 I chatty  : uid=1000(system) Binder_8 expire 6 lines
10-14 02:17:48.553  1178  2140 I chatty  : uid=1000(system) Binder_C expire 6 lines
10-14 02:17:49.446  1178  1601 I chatty  : uid=1000(system) Binder_5 expire 4 lines
10-14 02:17:50.691  1178  2137 I chatty  : uid=1000(system) Binder_B expire 8 lines
10-14 02:17:50.940  1178  1178 I chatty  : uid=1000 system_server expire 13 lines
10-14 02:17:51.439  1178  1696 I chatty  : uid=1000(system) Binder_7 expire 1 line
10-14 02:17:53.092  1178  1288 I chatty  : uid=1000(system) backup expire 2 lines
10-14 02:17:55.274  1178  1244 I chatty  : uid=1000(system) AlarmManager expire 32 lines
10-14 02:18:05.503  1178  2226 I chatty  : uid=1000(system) Binder_D expire 4 lines
10-14 02:18:05.505  1178  2140 I chatty  : uid=1000(system) Binder_C expire 7 lines
10-14 02:18:05.519  1178  2240 I chatty  : uid=1000(system) Binder_10 expire 2 lines
10-14 02:18:06.487  1178  1265 I chatty  : uid=1000(system) WifiStateMachin expire 1 line
10-14 02:18:06.497  1178  1612 I chatty  : uid=1000(system) Binder_6 expire 4 lines
10-14 02:18:06.508  1178  1800 I chatty  : uid=1000(system) Binder_9 expire 5 lines
10-14 02:18:06.511  1178  2230 I chatty  : uid=1000(system) Binder_E expire 4 lines
10-14 02:18:06.615  1178  1188 I chatty  : uid=1000(system) Binder_1 expire 3 lines
10-14 02:18:25.674  1178  1339 I chatty  : uid=1000(system) Binder_4 expire 6 lines
10-14 02:18:25.684  1178  2232 I chatty  : uid=1000(system) Binder_F expire 5 lines
10-14 02:18:25.685  1178  1178 I chatty  : uid=1000 system_server expire 12 lines
10-14 02:18:25.875  1178  2137 I chatty  : uid=1000(system) Binder_B expire 7 lines
10-14 02:18:48.054  1178  1322 I chatty  : uid=1000(system) Binder_3 expire 6 lines
10-14 02:18:48.222  1178  1845 I chatty  : uid=1000(system) Binder_A expire 2 lines
10-14 02:18:48.255  1178  1761 I chatty  : uid=1000(system) Binder_8 expire 5 lines
10-14 02:18:49.621  1178  1208 I chatty  : uid=1000(system) ActivityManager expire 3 lines
10-14 02:18:50.928  1178  1696 I chatty  : uid=1000(system) Binder_7 expire 2 lines
10-14 02:18:55.280  1178  1601 I chatty  : uid=1000(system) Binder_5 expire 3 lines
10-14 02:18:56.367   189   200 D vold    : Remounting 10113 as mode read
10-14 02:18:56.376  1178  1248 I chatty  : uid=1000(system) VoldConnector expire 2 lines
10-14 02:18:58.625   189   200 D vold    : Remounting 10113 as mode write
10-14 02:19:00.000  1178  1244 I chatty  : uid=1000(system) AlarmManager expire 12 lines
10-14 02:19:00.002  1178  1178 I chatty  : uid=1000 system_server expire 7 lines
10-14 02:19:05.955  1178  1245 I chatty  : uid=1000(system) InputDispatcher expire 12 lines
10-14 02:19:06.060  1178  1761 I chatty  : uid=1000(system) Binder_8 expire 6 lines
10-14 02:19:06.219  1178  2140 I chatty  : uid=1000(system) Binder_C expire 3 lines
10-14 02:19:06.240  1178  1845 I chatty  : uid=1000(system) Binder_A expire 5 lines
10-14 02:19:06.248  1178  2226 I chatty  : uid=1000(system) Binder_D expire 3 lines
10-14 02:19:06.367  1178  1696 I chatty  : uid=1000(system) Binder_7 expire 9 lines
10-14 02:19:06.506  1178  2230 I chatty  : uid=1000(system) Binder_E expire 5 lines
10-14 02:19:07.167  1178  2232 I chatty  : uid=1000(system) Binder_F expire 4 lines
10-14 02:19:07.175  1178  2240 I chatty  : uid=1000(system) Binder_10 expire 6 lines
10-14 02:19:07.420  1178  1339 I chatty  : uid=1000(system) Binder_4 expire 6 lines
10-14 02:19:07.484  1178  1189 I chatty  : uid=1000(system) Binder_2 expire 8 lines
10-14 02:19:07.686  1178  1215 I chatty  : uid=1000(system) android.display expire 3 lines
10-14 02:19:07.953  1178  1800 I chatty  : uid=1000(system) Binder_9 expire 2 lines
10-14 02:19:10.146  1178  2137 I chatty  : uid=1000(system) Binder_B expire 9 lines
10-14 02:19:10.517  1178  1322 I chatty  : uid=1000(system) Binder_3 expire 7 lines
10-14 02:19:11.072  1178  1612 I chatty  : uid=1000(system) Binder_6 expire 2 lines
10-14 02:19:11.100  1178  1601 I chatty  : uid=1000(system) Binder_5 expire 2 lines
10-14 02:19:11.594  1178  1188 I chatty  : uid=1000(system) Binder_1 expire 5 lines
10-14 02:19:11.706  1178  1178 I chatty  : uid=1000 system_server expire 14 lines
10-14 02:19:15.305  1178  1244 I chatty  : uid=1000(system) AlarmManager expire 85 lines
10-14 02:19:55.338  1178  1178 I chatty  : uid=1000 system_server expire 33 lines
10-14 02:20:00.128  1178  2137 I chatty  : uid=1000(system) Binder_B expire 2 lines
10-14 02:20:26.720  1178  2140 I chatty  : uid=1000(system) Binder_C expire 3 lines
10-14 02:20:26.723  1178  2232 I chatty  : uid=1000(system) Binder_F expire 3 lines
10-14 02:20:26.730  1178  2226 I chatty  : uid=1000(system) Binder_D expire 2 lines
10-14 02:20:26.755  1178  1601 I chatty  : uid=1000(system) Binder_5 expire 2 lines
10-14 02:20:26.786  1178  2230 I chatty  : uid=1000(system) Binder_E expire 1 line
10-14 02:20:26.793  1178  1800 I chatty  : uid=1000(system) Binder_9 expire 1 line
10-14 02:20:26.993  1178  1845 I chatty  : uid=1000(system) Binder_A expire 1 line
10-14 02:20:27.090  1178  1696 I chatty  : uid=1000(system) Binder_7 expire 1 line
10-14 02:20:37.100  1178  2240 I chatty  : uid=1000(system) Binder_10 expire 6 lines
10-14 02:20:57.348  1178  1339 I chatty  : uid=1000(system) Binder_4 expire 2 lines
10-14 02:21:00.626  1178  1207 I chatty  : uid=1000(system) android.bg expire 3 lines
10-14 02:21:07.509  1178  1612 I chatty  : uid=1000(system) Binder_6 expire 2 lines
10-14 02:21:27.820  1178  1188 I chatty  : uid=1000(system) Binder_1 expire 1 line
10-14 02:21:27.863  1178  1761 I chatty  : uid=1000(system) Binder_8 expire 4 lines
10-14 02:21:35.330  1178  1244 I chatty  : uid=1000(system) AlarmManager expire 53 lines
10-14 02:21:35.331  1178  1178 I chatty  : uid=1000 system_server expire 40 lines
10-14 02:21:38.065  1178  1845 I chatty  : uid=1000(system) Binder_A expire 1 line
10-14 02:21:38.143  1178  2137 I chatty  : uid=1000(system) Binder_B expire 3 lines
10-14 02:21:58.156  1178  1339 I chatty  : uid=1000(system) Binder_4 expire 5 lines
10-14 02:21:58.292  1178  2240 I chatty  : uid=1000(system) Binder_10 expire 2 lines
10-14 02:22:00.105  1178  1322 I chatty  : uid=1000(system) Binder_3 expire 1 line
10-14 02:22:27.843  1178  1612 I chatty  : uid=1000(system) Binder_6 expire 2 lines
10-14 02:22:27.865  1178  2226 I chatty  : uid=1000(system) Binder_D expire 3 lines
10-14 02:22:33.547  1178  1207 I chatty  : uid=1000(system) android.bg expire 2 lines
10-14 02:22:55.356  1178  2232 I chatty  : uid=1000(system) Binder_F expire 2 lines
10-14 02:22:55.482  1178  1189 I chatty  : uid=1000(system) Binder_2 expire 2 lines
10-14 02:23:00.117  1178  2230 I chatty  : uid=1000(system) Binder_E expire 1 line
10-14 02:23:08.500  1178  1265 I chatty  : uid=1000(system) WifiStateMachin expire 1 line
10-14 02:23:08.504  1178  1696 I chatty  : uid=1000(system) Binder_7 expire 2 lines
10-14 02:23:08.623  1178  1188 I chatty  : uid=1000(system) Binder_1 expire 1 line
10-14 02:23:08.641  1178  1800 I chatty  : uid=1000(system) Binder_9 expire 2 lines
10-14 02:23:08.647  1178  1601 I chatty  : uid=1000(system) Binder_5 expire 4 lines
10-14 02:23:35.333  1178  1178 I chatty  : uid=1000 system_server expire 13 lines
10-14 02:23:55.329  1178  1244 I chatty  : uid=1000(system) AlarmManager expire 8 lines
10-14 02:24:00.108  1178  2240 I chatty  : uid=1000(system) Binder_10 expire 10 lines
10-14 02:24:02.958  1178  2232 I chatty  : uid=1000(system) Binder_F expire 9 lines
10-14 02:24:03.105  1178  1696 I chatty  : uid=1000(system) Binder_7 expire 2 lines
10-14 02:24:03.146  1178  2137 I chatty  : uid=1000(system) Binder_B expire 5 lines
10-14 02:24:03.168  1178  2140 I chatty  : uid=1000(system) Binder_C expire 2 lines
10-14 02:24:04.489  1178  2226 I chatty  : uid=1000(system) Binder_D expire 2 lines
10-14 02:24:04.492  1178  1339 I chatty  : uid=1000(system) Binder_4 expire 12 lines
10-14 02:24:04.503  1178  1208 I chatty  : uid=1000(system) ActivityManager expire 3 lines
10-14 02:24:05.807  1178  1189 I chatty  : uid=1000(system) Binder_2 expire 2 lines
10-14 02:24:06.869  1178  1612 I chatty  : uid=1000(system) Binder_6 expire 8 lines
10-14 02:24:07.916  1178  1845 I chatty  : uid=1000(system) Binder_A expire 12 lines
10-14 02:24:09.021  1178  2230 I chatty  : uid=1000(system) Binder_E expire 4 lines
10-14 02:24:11.263  1178  1800 I chatty  : uid=1000(system) Binder_9 expire 5 lines
10-14 02:24:11.263   189   200 D vold    : Remounting 10113 as mode read
10-14 02:24:11.272  1178  1248 I chatty  : uid=1000(system) VoldConnector expire 2 lines
10-14 02:24:13.561   189   200 D vold    : Remounting 10113 as mode write
10-14 02:24:13.619  1178  1322 I chatty  : uid=1000(system) Binder_3 expire 3 lines
10-14 02:24:20.879  1178  1245 I chatty  : uid=1000(system) InputDispatcher expire 12 lines
10-14 02:24:21.031  1178  1761 I chatty  : uid=1000(system) Binder_8 expire 2 lines
10-14 02:24:22.654  1178  1215 I chatty  : uid=1000(system) android.display expire 3 lines
10-14 02:24:23.538  1178  1178 I chatty  : uid=1000 system_server expire 27 lines
10-14 02:24:26.097  1178  2232 I chatty  : uid=1000(system) Binder_F expire 6 lines
10-14 02:24:27.328  1178  1612 I chatty  : uid=1000(system) Binder_6 expire 8 lines
10-14 02:24:27.373  1178  1188 I chatty  : uid=1000(system) Binder_1 expire 6 lines
10-14 02:24:27.868  1178  2226 I chatty  : uid=1000(system) Binder_D expire 3 lines
10-14 02:24:28.328  1178  2240 I chatty  : uid=1000(system) Binder_10 expire 6 lines
10-14 02:24:28.462  1178  1761 I chatty  : uid=1000(system) Binder_8 expire 5 lines
10-14 02:24:28.538  1178  2230 I chatty  : uid=1000(system) Binder_E expire 3 lines
10-14 02:24:28.564  1178  1322 I chatty  : uid=1000(system) Binder_3 expire 5 lines
10-14 02:24:28.569  1178  1800 I chatty  : uid=1000(system) Binder_9 expire 4 lines
10-14 02:24:28.570  1178  1845 I chatty  : uid=1000(system) Binder_A expire 3 lines
10-14 02:24:28.621  1178  2137 I chatty  : uid=1000(system) Binder_B expire 4 lines
10-14 02:24:28.689  1178  1339 I chatty  : uid=1000(system) Binder_4 expire 2 lines
10-14 02:24:28.700  1178  2140 I chatty  : uid=1000(system) Binder_C expire 4 lines
10-14 02:24:28.743  1178  1696 I chatty  : uid=1000(system) Binder_7 expire 2 lines
10-14 02:24:35.329  1178  1244 I chatty  : uid=1000(system) AlarmManager expire 34 lines
10-14 02:24:35.343  1178  1189 I chatty  : uid=1000(system) Binder_2 expire 2 lines
10-14 02:24:37.001  1178  1601 I chatty  : uid=1000(system) Binder_5 expire 1 line
10-14 02:25:00.643  1178  1208 I chatty  : uid=1000(system) ActivityManager expire 1 line
10-14 02:25:05.663  1178  1207 I chatty  : uid=1000(system) android.bg expire 10 lines
10-14 02:25:35.360  1178  1178 I chatty  : uid=1000 system_server expire 51 lines
10-14 02:25:38.348  1178  1244 I chatty  : uid=1000(system) AlarmManager expire 78 lines
10-14 02:25:38.385  1178  1696 I chatty  : uid=1000(system) Binder_7 expire 13 lines
10-14 02:25:38.389  1178  1612 I chatty  : uid=1000(system) Binder_6 expire 15 lines
10-14 02:25:38.391  1178  1339 I chatty  : uid=1000(system) Binder_4 expire 18 lines
10-14 02:25:38.433  1178  1845 I chatty  : uid=1000(system) Binder_A expire 23 lines
10-14 02:25:38.437  1178  2240 I chatty  : uid=1000(system) Binder_10 expire 13 lines
10-14 02:25:38.448  1178  2232 I chatty  : uid=1000(system) Binder_F expire 20 lines
10-14 02:25:38.461  1178  1601 I chatty  : uid=1000(system) Binder_5 expire 18 lines
10-14 02:25:38.482  1178  2226 I chatty  : uid=1000(system) Binder_D expire 13 lines
10-14 02:25:38.559  1178  1322 I chatty  : uid=1000(system) Binder_3 expire 16 lines
10-14 02:25:38.582  1178  1188 I chatty  : uid=1000(system) Binder_1 expire 12 lines
10-14 02:25:38.592  1178  2140 I chatty  : uid=1000(system) Binder_C expire 20 lines
10-14 02:25:38.611  1178  2137 I chatty  : uid=1000(system) Binder_B expire 15 lines
10-14 02:25:38.627  1178  1761 I chatty  : uid=1000(system) Binder_8 expire 21 lines
10-14 02:25:39.127  1178  1800 I chatty  : uid=1000(system) Binder_9 expire 16 lines
10-14 02:25:40.016  1178  1265 I chatty  : uid=1000(system) WifiStateMachin expire 15 lines
10-14 02:26:01.349  1178  2230 I chatty  : uid=1000(system) Binder_E expire 19 lines
10-14 02:26:02.308  1178  1189 I chatty  : uid=1000(system) Binder_2 expire 17 lines
10-14 02:26:02.480  1178  1208 I chatty  : uid=1000(system) ActivityManager expire 11 lines
10-14 02:28:02.562   189   200 D vold    : Remounting 10113 as mode read
10-14 02:28:02.571  1178  1248 I chatty  : uid=1000(system) VoldConnector expire 10 lines
10-14 02:28:02.628  1178  1845 I chatty  : uid=1000(system) Binder_A expire 28 lines
10-14 02:28:04.847   189   200 D vold    : Remounting 10113 as mode write
10-14 02:28:04.905  1178  2140 I chatty  : uid=1000(system) Binder_C expire 16 lines
10-14 02:28:08.319  1178  2240 I chatty  : uid=1000(system) Binder_10 expire 17 lines
10-14 02:28:09.780  1178  2226 I chatty  : uid=1000(system) Binder_D expire 40 lines
10-14 02:28:10.837  1178  1601 I chatty  : uid=1000(system) Binder_5 expire 11 lines
10-14 02:28:12.170  1178  1245 I chatty  : uid=1000(system) InputDispatcher expire 12 lines
10-14 02:28:12.329  1178  1800 I chatty  : uid=1000(system) Binder_9 expire 13 lines
10-14 02:28:12.340  1178  1696 I chatty  : uid=1000(system) Binder_7 expire 19 lines
10-14 02:28:13.713  1178  1189 I chatty  : uid=1000(system) Binder_2 expire 12 lines
10-14 02:28:13.899  1178  1215 I chatty  : uid=1000(system) android.display expire 11 lines
10-14 02:28:15.338  1178  1244 I chatty  : uid=1000(system) AlarmManager expire 92 lines
10-14 02:28:15.358  1178  1178 I chatty  : uid=1000 system_server expire 53 lines
10-14 02:28:15.434  1178  1188 I chatty  : uid=1000(system) Binder_1 expire 17 lines
10-14 02:28:18.896  1178  1612 I chatty  : uid=1000(system) Binder_6 expire 15 lines
10-14 02:28:19.213  1178  2137 I chatty  : uid=1000(system) Binder_B expire 18 lines
10-14 02:28:19.298  1178  1322 I chatty  : uid=1000(system) Binder_3 expire 22 lines
10-14 02:28:25.625  1178  2232 I chatty  : uid=1000(system) Binder_F expire 10 lines
10-14 02:28:29.621  1178  1761 I chatty  : uid=1000(system) Binder_8 expire 28 lines
10-14 02:28:55.977  1178  1339 I chatty  : uid=1000(system) Binder_4 expire 28 lines
10-14 02:29:14.632  1178  1268 I chatty  : uid=1000(system) ConnectivitySer expire 11 lines
10-14 02:30:31.487   189   200 D vold    : Remounting 10113 as mode read
10-14 02:30:31.533  1178  2240 I chatty  : uid=1000(system) Binder_10 expire 16 lines
10-14 02:30:33.765   189   200 D vold    : Remounting 10113 as mode write
10-14 02:30:35.329  1178  1244 I chatty  : uid=1000(system) AlarmManager expire 94 lines
10-14 02:30:35.345  1178  1178 I chatty  : uid=1000 system_server expire 57 lines
10-14 02:30:35.399  1178  2137 I chatty  : uid=1000(system) Binder_B expire 17 lines
10-14 02:30:36.096  1178  1601 I chatty  : uid=1000(system) Binder_5 expire 15 lines
10-14 02:30:39.315  1178  1800 I chatty  : uid=1000(system) Binder_9 expire 21 lines
10-14 02:30:39.334  1178  2140 I chatty  : uid=1000(system) Binder_C expire 23 lines
10-14 02:30:39.861  1178  1845 I chatty  : uid=1000(system) Binder_A expire 15 lines
10-14 02:30:41.210  1178  1245 I chatty  : uid=1000(system) InputDispatcher expire 12 lines
10-14 02:30:42.513  1178  1189 I chatty  : uid=1000(system) Binder_2 expire 16 lines
10-14 02:30:42.766  1178  2230 I chatty  : uid=1000(system) Binder_E expire 21 lines
10-14 02:30:56.423  1178  1612 I chatty  : uid=1000(system) Binder_6 expire 10 lines
10-14 02:31:02.327  1178  2877 I chatty  : uid=1000(system) NetworkMonitorN expire 12 lines
10-14 02:31:06.345  1178  2232 I chatty  : uid=1000(system) Binder_F expire 15 lines
10-14 02:32:29.696  1178  1216 I chatty  : uid=1000(system) lmfsTracker expire 18 lines
10-14 02:32:48.563   189   200 D vold    : Remounting 10113 as mode read
10-14 02:32:50.871  1178  1845 I chatty  : uid=1000(system) Binder_A expire 14 lines
10-14 02:32:50.871   189   200 D vold    : Remounting 10113 as mode write
10-14 02:32:50.941  1178  1696 I chatty  : uid=1000(system) Binder_7 expire 49 lines
10-14 02:32:56.849  1178  2240 I chatty  : uid=1000(system) Binder_10 expire 11 lines
10-14 02:32:58.181  1178  1245 I chatty  : uid=1000(system) InputDispatcher expire 12 lines
10-14 02:32:59.580  1178  1188 I chatty  : uid=1000(system) Binder_1 expire 15 lines
10-14 02:33:02.824  1178  2140 I chatty  : uid=1000(system) Binder_C expire 28 lines
10-14 02:33:02.857  1178  2230 I chatty  : uid=1000(system) Binder_E expire 11 lines
10-14 02:33:03.277  1178  1800 I chatty  : uid=1000(system) Binder_9 expire 13 lines
10-14 02:33:03.299  1178  2226 I chatty  : uid=1000(system) Binder_D expire 11 lines
10-14 02:33:03.759  1178  1189 I chatty  : uid=1000(system) Binder_2 expire 45 lines
10-14 02:33:03.788  1178  1244 I chatty  : uid=1000(system) AlarmManager expire 65 lines
10-14 02:33:04.140  1178  1761 I chatty  : uid=1000(system) Binder_8 expire 12 lines
10-14 02:33:04.198  1178  1601 I chatty  : uid=1000(system) Binder_5 expire 54 lines
10-14 02:33:04.368  1178  2137 I chatty  : uid=1000(system) Binder_B expire 50 lines
10-14 02:33:05.171  1178  1178 I chatty  : uid=1000 system_server expire 38 lines
10-14 02:33:05.203  1178  1322 I chatty  : uid=1000(system) Binder_3 expire 38 lines
10-14 02:33:32.786  1178  1612 I chatty  : uid=1000(system) Binder_6 expire 38 lines
